Archive member included to satisfy reference by file (symbol)

app/libapp.a(main.c.obj)      (--whole-archive)
zephyr/libzephyr.a(cbprintf_packaged.c.obj)
                              (--whole-archive)
zephyr/libzephyr.a(dec.c.obj)
                              (--whole-archive)
zephyr/libzephyr.a(hex.c.obj)
                              (--whole-archive)
zephyr/libzephyr.a(printk.c.obj)
                              (--whole-archive)
zephyr/libzephyr.a(rb.c.obj)  (--whole-archive)
zephyr/libzephyr.a(sem.c.obj)
                              (--whole-archive)
zephyr/libzephyr.a(thread_entry.c.obj)
                              (--whole-archive)
zephyr/libzephyr.a(timeutil.c.obj)
                              (--whole-archive)
zephyr/libzephyr.a(heap.c.obj)
                              (--whole-archive)
zephyr/libzephyr.a(heap-validate.c.obj)
                              (--whole-archive)
zephyr/libzephyr.a(bitarray.c.obj)
                              (--whole-archive)
zephyr/libzephyr.a(multi_heap.c.obj)
                              (--whole-archive)
zephyr/libzephyr.a(cbprintf_complete.c.obj)
                              (--whole-archive)
zephyr/libzephyr.a(ring_buffer.c.obj)
                              (--whole-archive)
zephyr/libzephyr.a(assert.c.obj)
                              (--whole-archive)
zephyr/libzephyr.a(configs.c.obj)
                              (--whole-archive)
zephyr/libzephyr.a(tracing_none.c.obj)
                              (--whole-archive)
zephyr/libzephyr.a(usb_device.c.obj)
                              (--whole-archive)
zephyr/libzephyr.a(usb_descriptor.c.obj)
                              (--whole-archive)
zephyr/libzephyr.a(usb_transfer.c.obj)
                              (--whole-archive)
zephyr/libzephyr.a(cdc_acm.c.obj)
                              (--whole-archive)
zephyr/libzephyr.a(usb_work_q.c.obj)
                              (--whole-archive)
zephyr/arch/common/libarch__common.a(sw_isr_common.c.obj)
                              (--whole-archive)
zephyr/arch/arch/arm/core/libarch__arm__core.a(fatal.c.obj)
                              (--whole-archive)
zephyr/arch/arch/arm/core/libarch__arm__core.a(nmi.c.obj)
                              (--whole-archive)
zephyr/arch/arch/arm/core/libarch__arm__core.a(nmi_on_reset.S.obj)
                              (--whole-archive)
zephyr/arch/arch/arm/core/libarch__arm__core.a(tls.c.obj)
                              (--whole-archive)
zephyr/arch/arch/arm/core/cortex_m/libarch__arm__core__cortex_m.a(exc_exit.S.obj)
                              (--whole-archive)
zephyr/arch/arch/arm/core/cortex_m/libarch__arm__core__cortex_m.a(fault.c.obj)
                              (--whole-archive)
zephyr/arch/arch/arm/core/cortex_m/libarch__arm__core__cortex_m.a(fault_s.S.obj)
                              (--whole-archive)
zephyr/arch/arch/arm/core/cortex_m/libarch__arm__core__cortex_m.a(fpu.c.obj)
                              (--whole-archive)
zephyr/arch/arch/arm/core/cortex_m/libarch__arm__core__cortex_m.a(irq_init.c.obj)
                              (--whole-archive)
zephyr/arch/arch/arm/core/cortex_m/libarch__arm__core__cortex_m.a(reset.S.obj)
                              (--whole-archive)
zephyr/arch/arch/arm/core/cortex_m/libarch__arm__core__cortex_m.a(scb.c.obj)
                              (--whole-archive)
zephyr/arch/arch/arm/core/cortex_m/libarch__arm__core__cortex_m.a(thread_abort.c.obj)
                              (--whole-archive)
zephyr/arch/arch/arm/core/cortex_m/libarch__arm__core__cortex_m.a(vector_table.S.obj)
                              (--whole-archive)
zephyr/arch/arch/arm/core/cortex_m/libarch__arm__core__cortex_m.a(swap.c.obj)
                              (--whole-archive)
zephyr/arch/arch/arm/core/cortex_m/libarch__arm__core__cortex_m.a(swap_helper.S.obj)
                              (--whole-archive)
zephyr/arch/arch/arm/core/cortex_m/libarch__arm__core__cortex_m.a(irq_manage.c.obj)
                              (--whole-archive)
zephyr/arch/arch/arm/core/cortex_m/libarch__arm__core__cortex_m.a(prep_c.c.obj)
                              (--whole-archive)
zephyr/arch/arch/arm/core/cortex_m/libarch__arm__core__cortex_m.a(thread.c.obj)
                              (--whole-archive)
zephyr/arch/arch/arm/core/cortex_m/libarch__arm__core__cortex_m.a(cpu_idle.S.obj)
                              (--whole-archive)
zephyr/arch/arch/arm/core/cortex_m/libarch__arm__core__cortex_m.a(isr_wrapper.S.obj)
                              (--whole-archive)
zephyr/arch/arch/arm/core/cortex_m/libarch__arm__core__cortex_m.a(__aeabi_read_tp.S.obj)
                              (--whole-archive)
zephyr/lib/libc/picolibc/liblib__libc__picolibc.a(libc-hooks.c.obj)
                              (--whole-archive)
zephyr/lib/libc/common/liblib__libc__common.a(abort.c.obj)
                              (--whole-archive)
zephyr/lib/libc/common/liblib__libc__common.a(malloc.c.obj)
[...]
Memory Configuration

Name             Origin             Length             Attributes
BOOT_FLASH       0x0000000010000000 0x0000000000000100 r
FLASH            0x0000000010000100 0x00000000001fff00 xr
RAM              0x0000000020000000 0x0000000000042000 xw
IDT_LIST         0x00000000fffff7ff 0x0000000000000800 xw
*default*        0x0000000000000000 0xffffffffffffffff

Linker script and memory map

                0x0000000010003e8c                vfprintf = __i_vfprintf
                0x0000000000000000                vfscanf = __i_vfscanf
LOAD zephyr/CMakeFiles/zephyr_pre0.dir/misc/empty_file.c.obj
LOAD zephyr/CMakeFiles/offsets.dir/./arch/arm/core/offsets/offsets.c.obj
LOAD app/libapp.a
LOAD zephyr/libzephyr.a
LOAD zephyr/arch/common/libarch__common.a
LOAD zephyr/arch/arch/arm/core/libarch__arm__core.a
LOAD zephyr/arch/arch/arm/core/cortex_m/libarch__arm__core__cortex_m.a
LOAD zephyr/lib/libc/picolibc/liblib__libc__picolibc.a
LOAD zephyr/lib/libc/common/liblib__libc__common.a
LOAD zephyr/soc/soc/arm/rpi_pico/rp2/libsoc__arm__rpi_pico__rp2.a
LOAD zephyr/drivers/usb/device/libdrivers__usb__device.a
LOAD zephyr/drivers/console/libdrivers__console.a
LOAD zephyr/drivers/gpio/libdrivers__gpio.a
LOAD zephyr/drivers/hwinfo/libdrivers__hwinfo.a
LOAD zephyr/drivers/pinctrl/libdrivers__pinctrl.a
LOAD zephyr/drivers/reset/libdrivers__reset.a
LOAD zephyr/drivers/serial/libdrivers__serial.a
LOAD zephyr/drivers/timer/libdrivers__timer.a
LOAD modules/hal_rpi_pico/libmodules__hal_rpi_pico.a
LOAD zephyr/kernel/libkernel.a
LOAD c:/ncs/toolchains/cf2149caf2/opt/zephyr-sdk/arm-zephyr-eabi/bin/../lib/gcc/arm-zephyr-eabi/12.2.0/thumb/v6-m/nofp\libgcc.a
LOAD zephyr/arch/common/libisr_tables.a
LOAD c:\ncs\toolchains\cf2149caf2\opt\zephyr-sdk\arm-zephyr-eabi\bin\../lib/gcc/../../picolibc/arm-zephyr-eabi/lib/thumb/v6-m/nofp\libc.a
LOAD c:/ncs/toolchains/cf2149caf2/opt/zephyr-sdk/arm-zephyr-eabi/bin/../lib/gcc/arm-zephyr-eabi/12.2.0/thumb/v6-m/nofp\libgcc.a

.boot2          0x0000000010000000      0x100
 *(SORT_BY_ALIGNMENT(.boot2))
 .boot2         0x0000000010000000      0x100 modules/hal_rpi_pico/libmodules__hal_rpi_pico.a(boot_stage2.S.obj)
                0x0000000000000004                _region_min_align = 0x4

.rel.plt        0x0000000010000100        0x0
 *(SORT_BY_ALIGNMENT(.rel.plt))
                [!provide]                        PROVIDE (__rel_iplt_start = .)
 *(SORT_BY_ALIGNMENT(.rel.iplt))
 .rel.iplt      0x0000000010000100        0x0 app/libapp.a(main.c.obj)
                [!provide]                        PROVIDE (__rel_iplt_end = .)

.rela.plt       0x0000000010000100        0x0
 *(SORT_BY_ALIGNMENT(.rela.plt))
                [!provide]                        PROVIDE (__rela_iplt_start = .)
 *(SORT_BY_ALIGNMENT(.rela.iplt))
                [!provide]                        PROVIDE (__rela_iplt_end = .)

.rel.dyn
 *(SORT_BY_ALIGNMENT(.rel.*))

.rela.dyn
 *(SORT_BY_ALIGNMENT(.rela.*))

/DISCARD/
 *(SORT_BY_ALIGNMENT(.plt))

/DISCARD/
 *(SORT_BY_ALIGNMENT(.iplt))
                0x0000000010000100                __rom_region_start = 0x10000100

rom_start       0x0000000010000100       0xa8
                0x0000000010000100                __rom_start_address = .
 FILL mask 0x00
                0x0000000010000100                . = (. + (0x0 - (. - __rom_start_address)))
                0x0000000010000100                . = ALIGN (0x4)
                0x0000000010000100                . = ALIGN (0x100)
                0x0000000010000100                . = ALIGN (0x100)
                0x0000000010000100                _vector_start = .
 *(SORT_BY_ALIGNMENT(.exc_vector_table))
 *(SORT_BY_ALIGNMENT(.exc_vector_table.*))
 .exc_vector_table._vector_table_section
                0x0000000010000100       0x40 zephyr/arch/arch/arm/core/cortex_m/libarch__arm__core__cortex_m.a(vector_table.S.obj)
                0x0000000010000100                _vector_table
 *(SORT_BY_ALIGNMENT(.vectors))
                0x00000000100001a8                _vector_end = .
                0x0000000010000140                . = ALIGN (0x4)
 *(SORT_BY_ALIGNMENT(.gnu.linkonce.irq_vector_table*))
 .gnu.linkonce.irq_vector_table
                0x0000000010000140       0x68 zephyr/arch/common/libisr_tables.a(isr_tables.c.obj)
                0x0000000010000140                _irq_vector_table
                0x00000000100001a8                _vector_end = .

text            0x00000000100001a8     0x5390
                0x00000000100001a8                __text_region_start = .
 *(SORT_BY_ALIGNMENT(.text))
 .text          0x00000000100001a8       0x14 c:/ncs/toolchains/cf2149caf2/opt/zephyr-sdk/arm-zephyr-eabi/bin/../lib/gcc/arm-zephyr-eabi/12.2.0/thumb/v6-m/nofp\libgcc.a(_thumb1_case_uqi.o)
                0x00000000100001a8                __gnu_thumb1_case_uqi
 .text          0x00000000100001bc       0x8c c:/ncs/toolchains/cf2149caf2/opt/zephyr-sdk/arm-zephyr-eabi/bin/../lib/gcc/arm-zephyr-eabi/12.2.0/thumb/v6-m/nofp\libgcc.a(_udivsi3.o)
                0x00000000100001bc                __aeabi_uidiv
                0x00000000100001bc                __udivsi3
                0x0000000010000234                __aeabi_uidivmod
 .text          0x0000000010000248       0xa8 c:/ncs/toolchains/cf2149caf2/opt/zephyr-sdk/arm-zephyr-eabi/bin/../lib/gcc/arm-zephyr-eabi/12.2.0/thumb/v6-m/nofp\libgcc.a(_divsi3.o)
                0x0000000010000248                __divsi3
                0x0000000010000248                __aeabi_idiv
                0x00000000100002dc                __aeabi_idivmod
 .text          0x00000000100002f0        0x4 c:/ncs/toolchains/cf2149caf2/opt/zephyr-sdk/arm-zephyr-eabi/bin/../lib/gcc/arm-zephyr-eabi/12.2.0/thumb/v6-m/nofp\libgcc.a(_dvmd_tls.o)
                0x00000000100002f0                __aeabi_idiv0
                0x00000000100002f0                __aeabi_ldiv0
 .text          0x00000000100002f4       0x3c c:/ncs/toolchains/cf2149caf2/opt/zephyr-sdk/arm-zephyr-eabi/bin/../lib/gcc/arm-zephyr-eabi/12.2.0/thumb/v6-m/nofp\libgcc.a(_clzsi2.o)
                0x00000000100002f4                __clzsi2
 .text          0x0000000010000330       0x40 c:/ncs/toolchains/cf2149caf2/opt/zephyr-sdk/arm-zephyr-eabi/bin/../lib/gcc/arm-zephyr-eabi/12.2.0/thumb/v6-m/nofp\libgcc.a(_aeabi_uldivmod.o)
                0x0000000010000330                __aeabi_uldivmod
 .text          0x0000000010000370       0x18 c:/ncs/toolchains/cf2149caf2/opt/zephyr-sdk/arm-zephyr-eabi/bin/../lib/gcc/arm-zephyr-eabi/12.2.0/thumb/v6-m/nofp\libgcc.a(_lshrdi3.o)
                0x0000000010000370                __lshrdi3
                0x0000000010000370                __aeabi_llsr
 .text          0x0000000010000388       0x18 c:/ncs/toolchains/cf2149caf2/opt/zephyr-sdk/arm-zephyr-eabi/bin/../lib/gcc/arm-zephyr-eabi/12.2.0/thumb/v6-m/nofp\libgcc.a(_ashldi3.o)
                0x0000000010000388                __aeabi_llsl
                0x0000000010000388                __ashldi3
 .text          0x00000000100003a0       0x18 c:/ncs/toolchains/cf2149caf2/opt/zephyr-sdk/arm-zephyr-eabi/bin/../lib/gcc/arm-zephyr-eabi/12.2.0/thumb/v6-m/nofp\libgcc.a(_clzdi2.o)
                0x00000000100003a0                __clzdi2
 .text          0x00000000100003b8       0x44 c:/ncs/toolchains/cf2149caf2/opt/zephyr-sdk/arm-zephyr-eabi/bin/../lib/gcc/arm-zephyr-eabi/12.2.0/thumb/v6-m/nofp\libgcc.a(_muldi3.o)
                0x00000000100003b8                __muldi3
                0x00000000100003b8                __aeabi_lmul
 .text          0x00000000100003fc       0xde c:/ncs/toolchains/cf2149caf2/opt/zephyr-sdk/arm-zephyr-eabi/bin/../lib/gcc/arm-zephyr-eabi/12.2.0/thumb/v6-m/nofp\libgcc.a(_udivmoddi4.o)
                0x00000000100003fc                __udivmoddi4
 .text          0x00000000100004da        0xe c:\ncs\toolchains\cf2149caf2\opt\zephyr-sdk\arm-zephyr-eabi\bin\../lib/gcc/../../picolibc/arm-zephyr-eabi/lib/thumb/v6-m/nofp\libc.a(strlen.S.o)
                0x00000000100004da                strlen
 *(SORT_BY_ALIGNMENT(.text.*))
 .text.main     0x00000000100004e8       0x54 app/libapp.a(main.c.obj)
                0x00000000100004e8                main
 .text.char_out
                0x000000001000053c       0x10 zephyr/libzephyr.a(printk.c.obj)
 .text.__printk_hook_install
                0x000000001000054c        0xc zephyr/libzephyr.a(printk.c.obj)
                0x000000001000054c                __printk_hook_install
 .text.vprintk  0x0000000010000558       0x30 zephyr/libzephyr.a(printk.c.obj)
                0x0000000010000558                vprintk
 .text.z_thread_entry
                0x0000000010000588       0x30 zephyr/libzephyr.a(thread_entry.c.obj)
                0x0000000010000588                z_thread_entry
 .text.class_handler
                0x00000000100005b8       0x48 zephyr/libzephyr.a(usb_device.c.obj)
 .text.custom_handler
                0x0000000010000600       0x5c zephyr/libzephyr.a(usb_device.c.obj)
 .text.vendor_handler
                0x000000001000065c       0x38 zephyr/libzephyr.a(usb_device.c.obj)
 .text.disable_endpoint
                0x0000000010000694       0x28 zephyr/libzephyr.a(usb_device.c.obj)
 .text.usb_reset_alt_setting
                0x00000000100006bc       0x14 zephyr/libzephyr.a(usb_device.c.obj)
 .text.is_ep_valid.part.0
                0x00000000100006d0       0x34 zephyr/libzephyr.a(usb_device.c.obj)
 .text.usb_handle_request.constprop.0
                0x0000000010000704       0x30 zephyr/libzephyr.a(usb_device.c.obj)
 .text.forward_status_cb
                0x0000000010000734       0xa8 zephyr/libzephyr.a(usb_device.c.obj)
 .text.usb_halt_endpoint_req.isra.0
                0x00000000100007dc       0x58 zephyr/libzephyr.a(usb_device.c.obj)
 .text.set_endpoint
                0x0000000010000834       0x8c zephyr/libzephyr.a(usb_device.c.obj)
 .text.usb_handle_standard_request
                0x00000000100008c0      0x2b4 zephyr/libzephyr.a(usb_device.c.obj)
 .text.usb_data_to_host
                0x0000000010000b74       0x5c zephyr/libzephyr.a(usb_device.c.obj)
 .text.usb_handle_control_transfer
                0x0000000010000bd0       0xdc zephyr/libzephyr.a(usb_device.c.obj)
 .text.usb_set_config
                0x0000000010000cac       0x2c zephyr/libzephyr.a(usb_device.c.obj)
                0x0000000010000cac                usb_set_config
 .text.usb_device_init
                0x0000000010000cd8       0x28 zephyr/libzephyr.a(usb_device.c.obj)
 .text.usb_enable
                0x0000000010000d00      0x120 zephyr/libzephyr.a(usb_device.c.obj)
                0x0000000010000d00                usb_enable
 .text.usb_update_sn_string_descriptor
                0x0000000010000e20       0x74 zephyr/libzephyr.a(usb_descriptor.c.obj)
                0x0000000010000e20                usb_update_sn_string_descriptor
 .text.usb_get_device_descriptor
                0x0000000010000e94      0x1d4 zephyr/libzephyr.a(usb_descriptor.c.obj)
                0x0000000010000e94                usb_get_device_descriptor
 .text.usb_ep_get_transfer
                0x0000000010001068       0x2c zephyr/libzephyr.a(usb_transfer.c.obj)
 .text.usb_transfer_work
                0x0000000010001094       0xe8 zephyr/libzephyr.a(usb_transfer.c.obj)
 .text.usb_transfer_ep_callback
                0x000000001000117c       0x54 zephyr/libzephyr.a(usb_transfer.c.obj)
                0x000000001000117c                usb_transfer_ep_callback
 .text.usb_transfer
                0x00000000100011d0       0xe0 zephyr/libzephyr.a(usb_transfer.c.obj)
                0x00000000100011d0                usb_transfer
 .text.usb_cancel_transfer
                0x00000000100012b0       0x34 zephyr/libzephyr.a(usb_transfer.c.obj)
                0x00000000100012b0                usb_cancel_transfer
 .text.usb_cancel_transfers
                0x00000000100012e4       0x40 zephyr/libzephyr.a(usb_transfer.c.obj)
                0x00000000100012e4                usb_cancel_transfers
 .text.usb_transfer_init
                0x0000000010001324       0x30 zephyr/libzephyr.a(usb_transfer.c.obj)
                0x0000000010001324                usb_transfer_init
 .text.cdc_acm_int_in
                0x0000000010001354       0x1c zephyr/libzephyr.a(cdc_acm.c.obj)
 .text.cdc_acm_irq_rx_enable
                0x0000000010001370       0x2c zephyr/libzephyr.a(cdc_acm.c.obj)
 .text.cdc_acm_irq_tx_enable
                0x000000001000139c       0x2c zephyr/libzephyr.a(cdc_acm.c.obj)
 .text.cdc_acm_fifo_fill
                0x00000000100013c8       0x40 zephyr/libzephyr.a(cdc_acm.c.obj)
 .text.cdc_acm_poll_out
                0x0000000010001408       0x68 zephyr/libzephyr.a(cdc_acm.c.obj)
 .text.tx_work_handler
                0x0000000010001470       0x64 zephyr/libzephyr.a(cdc_acm.c.obj)
 .text.cdc_acm_class_handle_req
                0x00000000100014d4       0x58 zephyr/libzephyr.a(cdc_acm.c.obj)
                0x00000000100014d4                cdc_acm_class_handle_req
 .text.cdc_acm_reset_port
                0x000000001000152c       0x38 zephyr/libzephyr.a(cdc_acm.c.obj)
 .text.cdc_acm_write_cb
                0x0000000010001564       0x48 zephyr/libzephyr.a(cdc_acm.c.obj)
 .text.cdc_acm_init
                0x00000000100015ac       0x48 zephyr/libzephyr.a(cdc_acm.c.obj)
 .text.cdc_acm_send_notification.isra.0
                0x00000000100015f4       0x48 zephyr/libzephyr.a(cdc_acm.c.obj)
 .text.cdc_acm_read_cb
                0x000000001000163c       0x74 zephyr/libzephyr.a(cdc_acm.c.obj)
 .text.cdc_acm_dev_status_cb
                0x00000000100016b0       0x8c zephyr/libzephyr.a(cdc_acm.c.obj)
 .text.z_usb_work_q_init
                0x000000001000173c       0x30 zephyr/libzephyr.a(usb_work_q.c.obj)
 .text.z_SysNmiOnReset
                0x000000001000176c        0x4 zephyr/arch/arch/arm/core/libarch__arm__core.a(nmi_on_reset.S.obj)
                0x000000001000176c                z_SysNmiOnReset
 .text.arch_tls_stack_setup
                0x0000000010001770       0x68 zephyr/arch/arch/arm/core/libarch__arm__core.a(tls.c.obj)
                0x0000000010001770                arch_tls_stack_setup
 .text._HandlerModeExit
                0x00000000100017d8       0x20 zephyr/arch/arch/arm/core/cortex_m/libarch__arm__core__cortex_m.a(exc_exit.S.obj)
                0x00000000100017d8                z_arm_int_exit
                0x00000000100017d8                z_arm_exc_exit
 .text.z_arm_fault
                0x00000000100017f8       0xa8 zephyr/arch/arch/arm/core/cortex_m/libarch__arm__core__cortex_m.a(fault.c.obj)
                0x00000000100017f8                z_arm_fault
 .text.__fault  0x00000000100018a0       0x14 zephyr/arch/arch/arm/core/cortex_m/libarch__arm__core__cortex_m.a(fault_s.S.obj)
                0x00000000100018a0                z_arm_hard_fault
                0x00000000100018a0                z_arm_exc_spurious
 .text.z_arm_interrupt_init
                0x00000000100018b4       0x30 zephyr/arch/arch/arm/core/cortex_m/libarch__arm__core__cortex_m.a(irq_init.c.obj)
                0x00000000100018b4                z_arm_interrupt_init
 .text._reset_section
                0x00000000100018e4       0x28 zephyr/arch/arch/arm/core/cortex_m/libarch__arm__core__cortex_m.a(reset.S.obj)
                0x00000000100018e4                __start
                0x00000000100018e4                z_arm_reset
 .text.z_impl_k_thread_abort
                0x000000001000190c       0x38 zephyr/arch/arch/arm/core/cortex_m/libarch__arm__core__cortex_m.a(thread_abort.c.obj)
                0x000000001000190c                z_impl_k_thread_abort
 .text.arch_swap
                0x0000000010001944       0x30 zephyr/arch/arch/arm/core/cortex_m/libarch__arm__core__cortex_m.a(swap.c.obj)
                0x0000000010001944                arch_swap
 .text.z_arm_pendsv
                0x0000000010001974       0x70 zephyr/arch/arch/arm/core/cortex_m/libarch__arm__core__cortex_m.a(swap_helper.S.obj)
                0x0000000010001974                z_arm_pendsv
 .text.z_arm_svc
                0x00000000100019e4       0x24 zephyr/arch/arch/arm/core/cortex_m/libarch__arm__core__cortex_m.a(swap_helper.S.obj)
                0x00000000100019e4                z_arm_svc
 .text.arch_irq_enable
                0x0000000010001a08       0x18 zephyr/arch/arch/arm/core/cortex_m/libarch__arm__core__cortex_m.a(irq_manage.c.obj)
                0x0000000010001a08                arch_irq_enable
 .text.arch_irq_disable
                0x0000000010001a20       0x20 zephyr/arch/arch/arm/core/cortex_m/libarch__arm__core__cortex_m.a(irq_manage.c.obj)
                0x0000000010001a20                arch_irq_disable
 .text.z_arm_irq_priority_set
                0x0000000010001a40       0x54 zephyr/arch/arch/arm/core/cortex_m/libarch__arm__core__cortex_m.a(irq_manage.c.obj)
                0x0000000010001a40                z_arm_irq_priority_set
 .text.z_arm_prep_c
                0x0000000010001a94       0x2c zephyr/arch/arch/arm/core/cortex_m/libarch__arm__core__cortex_m.a(prep_c.c.obj)
                0x0000000010001a94                z_arm_prep_c
 .text.arch_new_thread
                0x0000000010001ac0       0x2c zephyr/arch/arch/arm/core/cortex_m/libarch__arm__core__cortex_m.a(thread.c.obj)
                0x0000000010001ac0                arch_new_thread
 .text.arch_switch_to_main_thread
                0x0000000010001aec       0x28 zephyr/arch/arch/arm/core/cortex_m/libarch__arm__core__cortex_m.a(thread.c.obj)
                0x0000000010001aec                arch_switch_to_main_thread
 .text.z_arm_cpu_idle_init
                0x0000000010001b14        0xc zephyr/arch/arch/arm/core/cortex_m/libarch__arm__core__cortex_m.a(cpu_idle.S.obj)
                0x0000000010001b14                z_arm_cpu_idle_init
 .text.arch_cpu_idle
                0x0000000010001b20       0x10 zephyr/arch/arch/arm/core/cortex_m/libarch__arm__core__cortex_m.a(cpu_idle.S.obj)
                0x0000000010001b20                arch_cpu_idle
 .text._isr_wrapper
                0x0000000010001b30       0x28 zephyr/arch/arch/arm/core/cortex_m/libarch__arm__core__cortex_m.a(isr_wrapper.S.obj)
                0x0000000010001b30                _isr_wrapper
 .text.z_impl_zephyr_fputc
                0x0000000010001b58       0x10 zephyr/lib/libc/picolibc/liblib__libc__picolibc.a(libc-hooks.c.obj)
                0x0000000010001b58                z_impl_zephyr_fputc
 .text.__stdout_hook_install
                0x0000000010001b68       0x18 zephyr/lib/libc/picolibc/liblib__libc__picolibc.a(libc-hooks.c.obj)
                0x0000000010001b68                __stdout_hook_install
 .text.abort    0x0000000010001b80       0x14 zephyr/lib/libc/common/liblib__libc__common.a(abort.c.obj)
                0x0000000010001b80                abort
 .text.malloc_prepare
                0x0000000010001b94       0x24 zephyr/lib/libc/common/liblib__libc__common.a(malloc.c.obj)
 .text.rp2040_init
                0x0000000010001bb8       0x48 zephyr/soc/soc/arm/rpi_pico/rp2/libsoc__arm__rpi_pico__rp2.a(soc.c.obj)
 .text.udc_rpi_get_ep_state
                0x0000000010001c00       0x2c zephyr/drivers/usb/device/libdrivers__usb__device.a(usb_dc_rpi_pico.c.obj)
 .text.udc_rpi_cancel_endpoint
                0x0000000010001c2c       0x6c zephyr/drivers/usb/device/libdrivers__usb__device.a(usb_dc_rpi_pico.c.obj)
 .text.usb_rpi_init
                0x0000000010001c98       0x5c zephyr/drivers/usb/device/libdrivers__usb__device.a(usb_dc_rpi_pico.c.obj)
 .text.k_msgq_put.constprop.0.isra.0
                0x0000000010001cf4       0x14 zephyr/drivers/usb/device/libdrivers__usb__device.a(usb_dc_rpi_pico.c.obj)
 .text.udc_rpi_handle_resume
                0x0000000010001d08       0x2c zephyr/drivers/usb/device/libdrivers__usb__device.a(usb_dc_rpi_pico.c.obj)
 .text.udc_rpi_thread_main
                0x0000000010001d34       0x60 zephyr/drivers/usb/device/libdrivers__usb__device.a(usb_dc_rpi_pico.c.obj)
 .text.udc_rpi_isr
                0x0000000010001d94      0x1e0 zephyr/drivers/usb/device/libdrivers__usb__device.a(usb_dc_rpi_pico.c.obj)
 .text.usb_dc_attach
                0x0000000010001f74       0xd4 zephyr/drivers/usb/device/libdrivers__usb__device.a(usb_dc_rpi_pico.c.obj)
                0x0000000010001f74                usb_dc_attach
 .text.usb_dc_set_status_callback
                0x0000000010002048        0xc zephyr/drivers/usb/device/libdrivers__usb__device.a(usb_dc_rpi_pico.c.obj)
                0x0000000010002048                usb_dc_set_status_callback
 .text.usb_dc_set_address
                0x0000000010002054       0x1c zephyr/drivers/usb/device/libdrivers__usb__device.a(usb_dc_rpi_pico.c.obj)
                0x0000000010002054                usb_dc_set_address
 .text.usb_dc_ep_set_stall
                0x0000000010002070       0x50 zephyr/drivers/usb/device/libdrivers__usb__device.a(usb_dc_rpi_pico.c.obj)
                0x0000000010002070                usb_dc_ep_set_stall
 .text.usb_dc_ep_enable
                0x00000000100020c0       0x54 zephyr/drivers/usb/device/libdrivers__usb__device.a(usb_dc_rpi_pico.c.obj)
                0x00000000100020c0                usb_dc_ep_enable
 .text.usb_dc_ep_write
                0x0000000010002114       0xac zephyr/drivers/usb/device/libdrivers__usb__device.a(usb_dc_rpi_pico.c.obj)
                0x0000000010002114                usb_dc_ep_write
 .text.usb_dc_ep_read_wait
                0x00000000100021c0       0x90 zephyr/drivers/usb/device/libdrivers__usb__device.a(usb_dc_rpi_pico.c.obj)
                0x00000000100021c0                usb_dc_ep_read_wait
 .text.usb_dc_ep_read_continue
                0x0000000010002250       0x84 zephyr/drivers/usb/device/libdrivers__usb__device.a(usb_dc_rpi_pico.c.obj)
                0x0000000010002250                usb_dc_ep_read_continue
 .text.uart_console_init
                0x00000000100022d4       0x2c zephyr/drivers/console/libdrivers__console.a(uart_console.c.obj)
 .text.console_out
                0x0000000010002300       0x28 zephyr/drivers/console/libdrivers__console.a(uart_console.c.obj)
 .text.gpio_rpi_isr
                0x0000000010002328       0x64 zephyr/drivers/gpio/libdrivers__gpio.a(gpio_rpi_pico.c.obj)
 .text.uart_rpi_irq_err_disable
                0x000000001000238c       0x14 zephyr/drivers/serial/libdrivers__serial.a(uart_rpi_pico.c.obj)
 .text.uart_rpi_set_format.isra.0
                0x00000000100023a0       0x58 zephyr/drivers/serial/libdrivers__serial.a(uart_rpi_pico.c.obj)
 .text.elapsed  0x00000000100023f8       0x54 zephyr/drivers/timer/libdrivers__timer.a(cortex_m_systick.c.obj)
 .text.sys_clock_driver_init
                0x000000001000244c       0x40 zephyr/drivers/timer/libdrivers__timer.a(cortex_m_systick.c.obj)
 .text.sys_clock_isr
                0x000000001000248c       0x58 zephyr/drivers/timer/libdrivers__timer.a(cortex_m_systick.c.obj)
                0x000000001000248c                sys_clock_isr
 .text.sys_clock_set_timeout
                0x00000000100024e4      0x118 zephyr/drivers/timer/libdrivers__timer.a(cortex_m_systick.c.obj)
                0x00000000100024e4                sys_clock_set_timeout
 .text.sys_clock_elapsed
                0x00000000100025fc       0x38 zephyr/drivers/timer/libdrivers__timer.a(cortex_m_systick.c.obj)
                0x00000000100025fc                sys_clock_elapsed
 .text.sys_clock_cycle_get_32
                0x0000000010002634       0x24 zephyr/drivers/timer/libdrivers__timer.a(cortex_m_systick.c.obj)
                0x0000000010002634                sys_clock_cycle_get_32
 .text.clock_configure
                0x0000000010002658       0xe8 modules/hal_rpi_pico/libmodules__hal_rpi_pico.a(clocks.c.obj)
                0x0000000010002658                clock_configure
 .text.clocks_init
                0x0000000010002740       0xf4 modules/hal_rpi_pico/libmodules__hal_rpi_pico.a(clocks.c.obj)
                0x0000000010002740                clocks_init
 .text.clock_get_hz
                0x0000000010002834        0xc modules/hal_rpi_pico/libmodules__hal_rpi_pico.a(clocks.c.obj)
                0x0000000010002834                clock_get_hz
 .text.pll_init
                0x0000000010002840       0xcc modules/hal_rpi_pico/libmodules__hal_rpi_pico.a(pll.c.obj)
                0x0000000010002840                pll_init
 .text.xosc_init
                0x000000001000290c       0x28 modules/hal_rpi_pico/libmodules__hal_rpi_pico.a(xosc.c.obj)
                0x000000001000290c                xosc_init
 .text.watchdog_start_tick
                0x0000000010002934       0x10 modules/hal_rpi_pico/libmodules__hal_rpi_pico.a(watchdog.c.obj)
                0x0000000010002934                watchdog_start_tick
 .text.running_on_fpga
                0x0000000010002944       0x10 modules/hal_rpi_pico/libmodules__hal_rpi_pico.a(platform.c.obj)
                0x0000000010002944                running_on_fpga
 .text.rp2040_chip_version
                0x0000000010002954       0x28 modules/hal_rpi_pico/libmodules__hal_rpi_pico.a(platform.c.obj)
                0x0000000010002954                rp2040_chip_version
 .text.gpio_set_function
                0x000000001000297c       0x2c modules/hal_rpi_pico/libmodules__hal_rpi_pico.a(gpio.c.obj)
                0x000000001000297c                gpio_set_function
 .text.gpio_set_pulls
                0x00000000100029a8       0x24 modules/hal_rpi_pico/libmodules__hal_rpi_pico.a(gpio.c.obj)
                0x00000000100029a8                gpio_set_pulls
 .text.gpio_set_input_hysteresis_enabled
                0x00000000100029cc       0x1c modules/hal_rpi_pico/libmodules__hal_rpi_pico.a(gpio.c.obj)
                0x00000000100029cc                gpio_set_input_hysteresis_enabled
 .text.gpio_set_slew_rate
                0x00000000100029e8       0x1c modules/hal_rpi_pico/libmodules__hal_rpi_pico.a(gpio.c.obj)
                0x00000000100029e8                gpio_set_slew_rate
 .text.gpio_set_drive_strength
                0x0000000010002a04       0x20 modules/hal_rpi_pico/libmodules__hal_rpi_pico.a(gpio.c.obj)
                0x0000000010002a04                gpio_set_drive_strength
 .text.gpio_acknowledge_irq
                0x0000000010002a24       0x18 modules/hal_rpi_pico/libmodules__hal_rpi_pico.a(gpio.c.obj)
                0x0000000010002a24                gpio_acknowledge_irq
 .text.gpio_set_irq_enabled
                0x0000000010002a3c       0x44 modules/hal_rpi_pico/libmodules__hal_rpi_pico.a(gpio.c.obj)
                0x0000000010002a3c                gpio_set_irq_enabled
 .text.gpio_set_input_enabled
                0x0000000010002a80       0x1c modules/hal_rpi_pico/libmodules__hal_rpi_pico.a(gpio.c.obj)
                0x0000000010002a80                gpio_set_input_enabled
 .text.uart_set_baudrate
                0x0000000010002a9c       0x5c modules/hal_rpi_pico/libmodules__hal_rpi_pico.a(uart.c.obj)
                0x0000000010002a9c                uart_set_baudrate
 .text.uart_init
                0x0000000010002af8       0x94 modules/hal_rpi_pico/libmodules__hal_rpi_pico.a(uart.c.obj)
                0x0000000010002af8                uart_init
 .text.z_impl_k_busy_wait
                0x0000000010002b8c       0x38 zephyr/kernel/libkernel.a(busy_wait.c.obj)
                0x0000000010002b8c                z_impl_k_busy_wait
 .text.z_fatal_error
                0x0000000010002bc4       0x28 zephyr/kernel/libkernel.a(fatal.c.obj)
                0x0000000010002bc4                z_fatal_error
 .text.z_sys_init_run_level
                0x0000000010002bec       0x54 zephyr/kernel/libkernel.a(init.c.obj)
 .text.bg_thread_main
                0x0000000010002c40       0x34 zephyr/kernel/libkernel.a(init.c.obj)
 .text.z_bss_zero
                0x0000000010002c74       0x18 zephyr/kernel/libkernel.a(init.c.obj)
                0x0000000010002c74                z_bss_zero
 .text.z_init_cpu
                0x0000000010002c8c       0x74 zephyr/kernel/libkernel.a(init.c.obj)
                0x0000000010002c8c                z_init_cpu
 .text.z_cstart
                0x0000000010002d00       0xb0 zephyr/kernel/libkernel.a(init.c.obj)
                0x0000000010002d00                z_cstart
 .text.z_setup_new_thread
                0x0000000010002db0       0x70 zephyr/kernel/libkernel.a(thread.c.obj)
                0x0000000010002db0                z_setup_new_thread
 .text.z_impl_k_thread_create
                0x0000000010002e20       0x58 zephyr/kernel/libkernel.a(thread.c.obj)
                0x0000000010002e20                z_impl_k_thread_create
 .text.z_init_static_threads
                0x0000000010002e78       0x7c zephyr/kernel/libkernel.a(thread.c.obj)
                0x0000000010002e78                z_init_static_threads
 .text.z_impl_k_msgq_put
                0x0000000010002ef4       0x9c zephyr/kernel/libkernel.a(msg_q.c.obj)
                0x0000000010002ef4                z_impl_k_msgq_put
 .text.z_impl_k_msgq_get
                0x0000000010002f90       0xa8 zephyr/kernel/libkernel.a(msg_q.c.obj)
                0x0000000010002f90                z_impl_k_msgq_get
 .text.z_impl_k_mutex_lock
                0x0000000010003038       0xf0 zephyr/kernel/libkernel.a(mutex.c.obj)
                0x0000000010003038                z_impl_k_mutex_lock
 .text.z_impl_k_mutex_unlock
                0x0000000010003128       0x74 zephyr/kernel/libkernel.a(mutex.c.obj)
                0x0000000010003128                z_impl_k_mutex_unlock
 .text.z_impl_k_sem_give
                0x000000001000319c       0x44 zephyr/kernel/libkernel.a(sem.c.obj)
                0x000000001000319c                z_impl_k_sem_give
 .text.z_impl_k_sem_take
                0x00000000100031e0       0x4c zephyr/kernel/libkernel.a(sem.c.obj)
                0x00000000100031e0                z_impl_k_sem_take
 .text.work_queue_main
                0x000000001000322c      0x124 zephyr/kernel/libkernel.a(work.c.obj)
 .text.submit_to_queue_locked
                0x0000000010003350       0xd0 zephyr/kernel/libkernel.a(work.c.obj)
 .text.k_work_queue_start
                0x0000000010003420       0x7c zephyr/kernel/libkernel.a(work.c.obj)
                0x0000000010003420                k_work_queue_start
 .text.k_work_schedule_for_queue
                0x000000001000349c       0x50 zephyr/kernel/libkernel.a(work.c.obj)
                0x000000001000349c                k_work_schedule_for_queue
 .text.sliceable
                0x00000000100034ec       0x40 zephyr/kernel/libkernel.a(sched.c.obj)
 .text.slice_timeout
                0x000000001000352c       0x20 zephyr/kernel/libkernel.a(sched.c.obj)
 .text.z_reset_time_slice
                0x000000001000354c       0x4c zephyr/kernel/libkernel.a(sched.c.obj)
                0x000000001000354c                z_reset_time_slice
 .text.update_cache
                0x0000000010003598       0x44 zephyr/kernel/libkernel.a(sched.c.obj)
 .text.move_thread_to_end_of_prio_q
                0x00000000100035dc       0x78 zephyr/kernel/libkernel.a(sched.c.obj)
 .text.ready_thread
                0x0000000010003654       0x6c zephyr/kernel/libkernel.a(sched.c.obj)
 .text.unready_thread
                0x00000000100036c0       0x2c zephyr/kernel/libkernel.a(sched.c.obj)
 .text.pend_locked
                0x00000000100036ec       0x2c zephyr/kernel/libkernel.a(sched.c.obj)
 .text.z_time_slice
                0x0000000010003718       0x58 zephyr/kernel/libkernel.a(sched.c.obj)
                0x0000000010003718                z_time_slice
 .text.z_pend_curr
                0x0000000010003770       0x30 zephyr/kernel/libkernel.a(sched.c.obj)
                0x0000000010003770                z_pend_curr
 .text.z_set_prio
                0x00000000100037a0       0x8c zephyr/kernel/libkernel.a(sched.c.obj)
                0x00000000100037a0                z_set_prio
 .text.z_reschedule
                0x000000001000382c       0x2c zephyr/kernel/libkernel.a(sched.c.obj)
                0x000000001000382c                z_reschedule
 .text.z_sched_start
                0x0000000010003858       0x34 zephyr/kernel/libkernel.a(sched.c.obj)
                0x0000000010003858                z_sched_start
 .text.z_impl_k_thread_suspend
                0x000000001000388c       0x58 zephyr/kernel/libkernel.a(sched.c.obj)
                0x000000001000388c                z_impl_k_thread_suspend
 .text.k_sched_lock
                0x00000000100038e4       0x20 zephyr/kernel/libkernel.a(sched.c.obj)
                0x00000000100038e4                k_sched_lock
 .text.k_sched_unlock
                0x0000000010003904       0x2c zephyr/kernel/libkernel.a(sched.c.obj)
                0x0000000010003904                k_sched_unlock
 .text.z_sched_init
                0x0000000010003930       0x14 zephyr/kernel/libkernel.a(sched.c.obj)
                0x0000000010003930                z_sched_init
 .text.z_impl_k_yield
                0x0000000010003944       0x78 zephyr/kernel/libkernel.a(sched.c.obj)
                0x0000000010003944                z_impl_k_yield
 .text.z_tick_sleep
                0x00000000100039bc       0x8c zephyr/kernel/libkernel.a(sched.c.obj)
 .text.z_impl_k_sleep
                0x0000000010003a48       0x30 zephyr/kernel/libkernel.a(sched.c.obj)
                0x0000000010003a48                z_impl_k_sleep
 .text.z_impl_k_sched_current_thread_query
                0x0000000010003a78        0xc zephyr/kernel/libkernel.a(sched.c.obj)
                0x0000000010003a78                z_impl_k_sched_current_thread_query
 .text.z_thread_abort
                0x0000000010003a84       0xb8 zephyr/kernel/libkernel.a(sched.c.obj)
                0x0000000010003a84                z_thread_abort
 .text.z_sched_wait
                0x0000000010003b3c       0x24 zephyr/kernel/libkernel.a(sched.c.obj)
                0x0000000010003b3c                z_sched_wait
 .text.z_data_copy
                0x0000000010003b60       0x34 zephyr/kernel/libkernel.a(xip.c.obj)
                0x0000000010003b60                z_data_copy
 .text.elapsed  0x0000000010003b94       0x18 zephyr/kernel/libkernel.a(timeout.c.obj)
 .text.next_timeout
                0x0000000010003bac       0x44 zephyr/kernel/libkernel.a(timeout.c.obj)
 .text.remove_timeout
                0x0000000010003bf0       0x38 zephyr/kernel/libkernel.a(timeout.c.obj)
 .text.z_add_timeout
                0x0000000010003c28       0xdc zephyr/kernel/libkernel.a(timeout.c.obj)
                0x0000000010003c28                z_add_timeout
 .text.sys_clock_announce
                0x0000000010003d04       0xdc zephyr/kernel/libkernel.a(timeout.c.obj)
                0x0000000010003d04                sys_clock_announce
 .text.sys_clock_tick_get
                0x0000000010003de0       0x2c zephyr/kernel/libkernel.a(timeout.c.obj)
                0x0000000010003de0                sys_clock_tick_get
 .text.boot_banner
                0x0000000010003e0c       0x10 zephyr/kernel/libkernel.a(banner.c.obj)
                0x0000000010003e0c                boot_banner
 .text.statics_init
                0x0000000010003e1c       0x24 zephyr/kernel/libkernel.a(kheap.c.obj)
 .text.k_sys_work_q_init
                0x0000000010003e40       0x34 zephyr/kernel/libkernel.a(system_work_q.c.obj)
 .text.__assert_no_args
                0x0000000010003e74       0x18 c:\ncs\toolchains\cf2149caf2\opt\zephyr-sdk\arm-zephyr-eabi\bin\../lib/gcc/../../picolibc/arm-zephyr-eabi/lib/thumb/v6-m/nofp\libc.a(libc_stdlib_assert_no_arg.c.o)
                0x0000000010003e74                __assert_no_args
 .text.__i_vfprintf
                0x0000000010003e8c      0x470 c:\ncs\toolchains\cf2149caf2\opt\zephyr-sdk\arm-zephyr-eabi\bin\../lib/gcc/../../picolibc/arm-zephyr-eabi/lib/thumb/v6-m/nofp\libc.a(libc_tinystdio_vfiprintf.c.o)
                0x0000000010003e8c                __i_vfprintf
 .text._OffsetAbsSyms
                0x00000000100042fc        0x2 zephyr/CMakeFiles/offsets.dir/./arch/arm/core/offsets/offsets.c.obj
                0x00000000100042fc                _OffsetAbsSyms
 .text.arch_printk_char_out
                0x00000000100042fe        0x4 zephyr/libzephyr.a(printk.c.obj)
                0x00000000100042fe                arch_printk_char_out
 .text.printk   0x0000000010004302       0x16 zephyr/libzephyr.a(printk.c.obj)
                0x0000000010004302                printk
 .text.chunk_field
                0x0000000010004318       0x1a zephyr/libzephyr.a(heap.c.obj)
 .text.chunk_set
                0x0000000010004332       0x1c zephyr/libzephyr.a(heap.c.obj)
 .text.chunk_size
                0x000000001000434e        0xc zephyr/libzephyr.a(heap.c.obj)
 .text.set_chunk_used
                0x000000001000435a       0x36 zephyr/libzephyr.a(heap.c.obj)
 .text.set_chunk_size
                0x0000000010004390        0xc zephyr/libzephyr.a(heap.c.obj)
 .text.bucket_idx.isra.0
                0x000000001000439c       0x20 zephyr/libzephyr.a(heap.c.obj)
 .text.free_list_add
                0x00000000100043bc       0x88 zephyr/libzephyr.a(heap.c.obj)
 .text.sys_heap_init
                0x0000000010004444       0xac zephyr/libzephyr.a(heap.c.obj)
                0x0000000010004444                sys_heap_init
 .text.ring_buf_put_claim
                0x00000000100044f0       0x38 zephyr/libzephyr.a(ring_buffer.c.obj)
                0x00000000100044f0                ring_buf_put_claim
 .text.ring_buf_put_finish
                0x0000000010004528       0x2a zephyr/libzephyr.a(ring_buffer.c.obj)
                0x0000000010004528                ring_buf_put_finish
 .text.ring_buf_put
                0x0000000010004552       0x3e zephyr/libzephyr.a(ring_buffer.c.obj)
                0x0000000010004552                ring_buf_put
 .text.ring_buf_get_claim
                0x0000000010004590       0x38 zephyr/libzephyr.a(ring_buffer.c.obj)
                0x0000000010004590                ring_buf_get_claim
 .text.ring_buf_get_finish
                0x00000000100045c8       0x2a zephyr/libzephyr.a(ring_buffer.c.obj)
                0x00000000100045c8                ring_buf_get_finish
 .text.ring_buf_get
                0x00000000100045f2       0x40 zephyr/libzephyr.a(ring_buffer.c.obj)
                0x00000000100045f2                ring_buf_get
 .text._ConfigAbsSyms
                0x0000000010004632        0x2 zephyr/libzephyr.a(configs.c.obj)
                0x0000000010004632                _ConfigAbsSyms
 .text.get_ep_bm_from_addr
                0x0000000010004634       0x22 zephyr/libzephyr.a(usb_device.c.obj)
 .text.usb_write
                0x0000000010004656       0x2e zephyr/libzephyr.a(usb_device.c.obj)
                0x0000000010004656                usb_write
 .text.usb_get_dev_data_by_cfg
                0x0000000010004684       0x16 zephyr/libzephyr.a(usb_descriptor.c.obj)
                0x0000000010004684                usb_get_dev_data_by_cfg
 .text.usb_get_dev_data_by_iface
                0x000000001000469a       0x1a zephyr/libzephyr.a(usb_descriptor.c.obj)
                0x000000001000469a                usb_get_dev_data_by_iface
 .text.usb_get_dev_data_by_ep
                0x00000000100046b4       0x2a zephyr/libzephyr.a(usb_descriptor.c.obj)
                0x00000000100046b4                usb_get_dev_data_by_ep
 .text.usb_transfer_is_busy
                0x00000000100046de       0x16 zephyr/libzephyr.a(usb_transfer.c.obj)
                0x00000000100046de                usb_transfer_is_busy
 .text.cdc_interface_config
                0x00000000100046f4       0x1a zephyr/libzephyr.a(cdc_acm.c.obj)
 .text.cdc_acm_irq_callback_work_handler
                0x000000001000470e       0x12 zephyr/libzephyr.a(cdc_acm.c.obj)
 .text.cdc_acm_irq_tx_disable
                0x0000000010004720        0xa zephyr/libzephyr.a(cdc_acm.c.obj)
 .text.cdc_acm_irq_tx_ready
                0x000000001000472a       0x14 zephyr/libzephyr.a(cdc_acm.c.obj)
 .text.cdc_acm_irq_rx_disable
                0x000000001000473e        0xa zephyr/libzephyr.a(cdc_acm.c.obj)
 .text.cdc_acm_irq_rx_ready
                0x0000000010004748        0x8 zephyr/libzephyr.a(cdc_acm.c.obj)
 .text.cdc_acm_irq_is_pending
                0x0000000010004750       0x28 zephyr/libzephyr.a(cdc_acm.c.obj)
 .text.cdc_acm_irq_update
                0x0000000010004778        0x4 zephyr/libzephyr.a(cdc_acm.c.obj)
 .text.cdc_acm_irq_callback_set
                0x000000001000477c        0x6 zephyr/libzephyr.a(cdc_acm.c.obj)
 .text.cdc_acm_line_ctrl_get
                0x0000000010004782       0x32 zephyr/libzephyr.a(cdc_acm.c.obj)
 .text.cdc_acm_configure
                0x00000000100047b4        0x4 zephyr/libzephyr.a(cdc_acm.c.obj)
 .text.cdc_acm_config_get
                0x00000000100047b8       0x50 zephyr/libzephyr.a(cdc_acm.c.obj)
 .text.cdc_acm_line_ctrl_set
                0x0000000010004808       0x8e zephyr/libzephyr.a(cdc_acm.c.obj)
 .text.cdc_acm_fifo_read
                0x0000000010004896       0x5c zephyr/libzephyr.a(cdc_acm.c.obj)
 .text.cdc_acm_poll_in
                0x00000000100048f2       0x12 zephyr/libzephyr.a(cdc_acm.c.obj)
 .text.z_arm_fatal_error
                0x0000000010004904        0x8 zephyr/arch/arch/arm/core/libarch__arm__core.a(fatal.c.obj)
                0x0000000010004904                z_arm_fatal_error
 .text.z_do_kernel_oops
                0x000000001000490c        0xc zephyr/arch/arch/arm/core/libarch__arm__core.a(fatal.c.obj)
                0x000000001000490c                z_do_kernel_oops
 .text.z_arm_nmi
                0x0000000010004918        0xc zephyr/arch/arch/arm/core/libarch__arm__core.a(nmi.c.obj)
                0x0000000010004918                z_arm_nmi
 .text.z_arm_fault_init
                0x0000000010004924        0x2 zephyr/arch/arch/arm/core/cortex_m/libarch__arm__core__cortex_m.a(fault.c.obj)
                0x0000000010004924                z_arm_fault_init
 .text.z_irq_spurious
                0x0000000010004926        0xc zephyr/arch/arch/arm/core/cortex_m/libarch__arm__core__cortex_m.a(irq_manage.c.obj)
                0x0000000010004926                z_irq_spurious
 .text.picolibc_put
                0x0000000010004932        0xa zephyr/lib/libc/picolibc/liblib__libc__picolibc.a(libc-hooks.c.obj)
 .text.udc_rpi_start_xfer
                0x000000001000493c       0x60 zephyr/drivers/usb/device/libdrivers__usb__device.a(usb_dc_rpi_pico.c.obj)
 .text.usb_dc_ep_set_callback
                0x000000001000499c       0x18 zephyr/drivers/usb/device/libdrivers__usb__device.a(usb_dc_rpi_pico.c.obj)
                0x000000001000499c                usb_dc_ep_set_callback
 .text.usb_dc_ep_start_read
                0x00000000100049b4       0x1e zephyr/drivers/usb/device/libdrivers__usb__device.a(usb_dc_rpi_pico.c.obj)
                0x00000000100049b4                usb_dc_ep_start_read
 .text.usb_dc_ep_check_cap
                0x00000000100049d2       0x1e zephyr/drivers/usb/device/libdrivers__usb__device.a(usb_dc_rpi_pico.c.obj)
                0x00000000100049d2                usb_dc_ep_check_cap
 .text.usb_dc_ep_configure
                0x00000000100049f0       0x20 zephyr/drivers/usb/device/libdrivers__usb__device.a(usb_dc_rpi_pico.c.obj)
                0x00000000100049f0                usb_dc_ep_configure
 .text.usb_dc_ep_clear_stall
                0x0000000010004a10       0x2a zephyr/drivers/usb/device/libdrivers__usb__device.a(usb_dc_rpi_pico.c.obj)
                0x0000000010004a10                usb_dc_ep_clear_stall
 .text.usb_dc_ep_is_stalled
                0x0000000010004a3a       0x1e zephyr/drivers/usb/device/libdrivers__usb__device.a(usb_dc_rpi_pico.c.obj)
                0x0000000010004a3a                usb_dc_ep_is_stalled
 .text.usb_dc_ep_disable
                0x0000000010004a58       0x20 zephyr/drivers/usb/device/libdrivers__usb__device.a(usb_dc_rpi_pico.c.obj)
                0x0000000010004a58                usb_dc_ep_disable
 .text.udc_rpi_get_ep_buffer_len
                0x0000000010004a78       0x10 zephyr/drivers/usb/device/libdrivers__usb__device.a(usb_dc_rpi_pico.c.obj)
                0x0000000010004a78                udc_rpi_get_ep_buffer_len
 .text.usb_dc_ep_read
                0x0000000010004a88       0x26 zephyr/drivers/usb/device/libdrivers__usb__device.a(usb_dc_rpi_pico.c.obj)
                0x0000000010004a88                usb_dc_ep_read
 .text.usb_dc_ep_mps
                0x0000000010004aae       0x14 zephyr/drivers/usb/device/libdrivers__usb__device.a(usb_dc_rpi_pico.c.obj)
                0x0000000010004aae                usb_dc_ep_mps
 .text.gpio_rpi_port_get_raw
                0x0000000010004ac2        0xc zephyr/drivers/gpio/libdrivers__gpio.a(gpio_rpi_pico.c.obj)
 .text.gpio_rpi_port_set_bits_raw
                0x0000000010004ace       0x2c zephyr/drivers/gpio/libdrivers__gpio.a(gpio_rpi_pico.c.obj)
 .text.gpio_rpi_port_clear_bits_raw
                0x0000000010004afa       0x2c zephyr/drivers/gpio/libdrivers__gpio.a(gpio_rpi_pico.c.obj)
 .text.gpio_rpi_port_toggle_bits
                0x0000000010004b26       0x18 zephyr/drivers/gpio/libdrivers__gpio.a(gpio_rpi_pico.c.obj)
 .text.gpio_rpi_manage_callback
                0x0000000010004b3e       0x58 zephyr/drivers/gpio/libdrivers__gpio.a(gpio_rpi_pico.c.obj)
 .text.gpio_rpi_bank_init
                0x0000000010004b96        0xc zephyr/drivers/gpio/libdrivers__gpio.a(gpio_rpi_pico.c.obj)
 .text.gpio_rpi_pin_interrupt_configure
                0x0000000010004ba2       0x62 zephyr/drivers/gpio/libdrivers__gpio.a(gpio_rpi_pico.c.obj)
 .text.bank_0_config_func
                0x0000000010004c04       0x14 zephyr/drivers/gpio/libdrivers__gpio.a(gpio_rpi_pico.c.obj)
 .text.gpio_rpi_port_set_masked_raw
                0x0000000010004c18       0x3c zephyr/drivers/gpio/libdrivers__gpio.a(gpio_rpi_pico.c.obj)
 .text.gpio_rpi_configure
                0x0000000010004c54       0x7c zephyr/drivers/gpio/libdrivers__gpio.a(gpio_rpi_pico.c.obj)
 .text.z_impl_hwinfo_get_device_id
                0x0000000010004cd0       0x30 zephyr/drivers/hwinfo/libdrivers__hwinfo.a(hwinfo_rpi_pico.c.obj)
                0x0000000010004cd0                z_impl_hwinfo_get_device_id
 .text.pinctrl_lookup_state
                0x0000000010004d00       0x26 zephyr/drivers/pinctrl/libdrivers__pinctrl.a(common.c.obj)
                0x0000000010004d00                pinctrl_lookup_state
 .text.pinctrl_configure_pins
                0x0000000010004d26       0x84 zephyr/drivers/pinctrl/libdrivers__pinctrl.a(pinctrl_rpi_pico.c.obj)
                0x0000000010004d26                pinctrl_configure_pins
 .text.reset_rpi_init
                0x0000000010004daa        0x4 zephyr/drivers/reset/libdrivers__reset.a(reset_rpi_pico.c.obj)
 .text.reset_rpi_read_register.isra.0
                0x0000000010004dae       0x30 zephyr/drivers/reset/libdrivers__reset.a(reset_rpi_pico.c.obj)
 .text.reset_rpi_update
                0x0000000010004dde       0x72 zephyr/drivers/reset/libdrivers__reset.a(reset_rpi_pico.c.obj)
 .text.reset_rpi_line_assert
                0x0000000010004e50        0xa zephyr/drivers/reset/libdrivers__reset.a(reset_rpi_pico.c.obj)
 .text.reset_rpi_line_deassert
                0x0000000010004e5a        0xa zephyr/drivers/reset/libdrivers__reset.a(reset_rpi_pico.c.obj)
 .text.reset_rpi_line_toggle
                0x0000000010004e64       0x18 zephyr/drivers/reset/libdrivers__reset.a(reset_rpi_pico.c.obj)
 .text.reset_rpi_status
                0x0000000010004e7c       0x38 zephyr/drivers/reset/libdrivers__reset.a(reset_rpi_pico.c.obj)
 .text.uart_rpi_poll_in
                0x0000000010004eb4       0x1e zephyr/drivers/serial/libdrivers__serial.a(uart_rpi_pico.c.obj)
 .text.uart_rpi_poll_out
                0x0000000010004ed2       0x10 zephyr/drivers/serial/libdrivers__serial.a(uart_rpi_pico.c.obj)
 .text.uart_rpi_err_check
                0x0000000010004ee2       0x24 zephyr/drivers/serial/libdrivers__serial.a(uart_rpi_pico.c.obj)
 .text.uart_rpi_fifo_fill
                0x0000000010004f06       0x20 zephyr/drivers/serial/libdrivers__serial.a(uart_rpi_pico.c.obj)
 .text.uart_rpi_fifo_read
                0x0000000010004f26       0x20 zephyr/drivers/serial/libdrivers__serial.a(uart_rpi_pico.c.obj)
 .text.uart_rpi_irq_tx_enable
                0x0000000010004f46       0x16 zephyr/drivers/serial/libdrivers__serial.a(uart_rpi_pico.c.obj)
 .text.uart_rpi_irq_tx_disable
                0x0000000010004f5c        0xe zephyr/drivers/serial/libdrivers__serial.a(uart_rpi_pico.c.obj)
 .text.uart_rpi_irq_tx_ready
                0x0000000010004f6a        0xc zephyr/drivers/serial/libdrivers__serial.a(uart_rpi_pico.c.obj)
 .text.uart_rpi_irq_rx_enable
                0x0000000010004f76       0x16 zephyr/drivers/serial/libdrivers__serial.a(uart_rpi_pico.c.obj)
 .text.uart_rpi_irq_rx_disable
                0x0000000010004f8c        0xe zephyr/drivers/serial/libdrivers__serial.a(uart_rpi_pico.c.obj)
 .text.uart_rpi_irq_tx_complete
                0x0000000010004f9a       0x16 zephyr/drivers/serial/libdrivers__serial.a(uart_rpi_pico.c.obj)
 .text.uart_rpi_irq_rx_ready
                0x0000000010004fb0        0xc zephyr/drivers/serial/libdrivers__serial.a(uart_rpi_pico.c.obj)
 .text.uart_rpi_irq_err_enable
                0x0000000010004fbc       0x10 zephyr/drivers/serial/libdrivers__serial.a(uart_rpi_pico.c.obj)
 .text.uart_rpi_irq_is_pending
                0x0000000010004fcc       0x1c zephyr/drivers/serial/libdrivers__serial.a(uart_rpi_pico.c.obj)
 .text.uart_rpi_irq_update
                0x0000000010004fe8        0x4 zephyr/drivers/serial/libdrivers__serial.a(uart_rpi_pico.c.obj)
 .text.uart_rpi_irq_callback_set
                0x0000000010004fec        0x8 zephyr/drivers/serial/libdrivers__serial.a(uart_rpi_pico.c.obj)
 .text.uart_rpi_isr
                0x0000000010004ff4       0x10 zephyr/drivers/serial/libdrivers__serial.a(uart_rpi_pico.c.obj)
 .text.uart0_rpi_irq_config_func
                0x0000000010005004       0x14 zephyr/drivers/serial/libdrivers__serial.a(uart_rpi_pico.c.obj)
 .text.uart_rpi_config_get
                0x0000000010005018       0x12 zephyr/drivers/serial/libdrivers__serial.a(uart_rpi_pico.c.obj)
 .text.uart_rpi_init
                0x000000001000502a       0x8e zephyr/drivers/serial/libdrivers__serial.a(uart_rpi_pico.c.obj)
 .text.uart_rpi_configure
                0x00000000100050b8       0x32 zephyr/drivers/serial/libdrivers__serial.a(uart_rpi_pico.c.obj)
 .text.gpio_init
                0x00000000100050ea       0x16 modules/hal_rpi_pico/libmodules__hal_rpi_pico.a(gpio.c.obj)
                0x00000000100050ea                gpio_init
 .text.flash_get_unique_id
                0x0000000010005100       0x42 modules/hal_rpi_pico/libmodules__hal_rpi_pico.a(flash.c.obj)
                0x0000000010005100                flash_get_unique_id
 .text.z_device_state_init
                0x0000000010005142        0x2 zephyr/kernel/libkernel.a(device.c.obj)
                0x0000000010005142                z_device_state_init
 .text.z_device_is_ready
                0x0000000010005144       0x1a zephyr/kernel/libkernel.a(device.c.obj)
                0x0000000010005144                z_device_is_ready
 .text.arch_system_halt
                0x000000001000515e        0x8 zephyr/kernel/libkernel.a(fatal.c.obj)
                0x000000001000515e                arch_system_halt
 .text.k_sys_fatal_error_handler
                0x0000000010005166        0x6 zephyr/kernel/libkernel.a(fatal.c.obj)
                0x0000000010005166                k_sys_fatal_error_handler
 .text.z_early_memset
                0x000000001000516c        0x8 zephyr/kernel/libkernel.a(init.c.obj)
                0x000000001000516c                z_early_memset
 .text.z_early_memcpy
                0x0000000010005174        0x8 zephyr/kernel/libkernel.a(init.c.obj)
                0x0000000010005174                z_early_memcpy
 .text.k_is_in_isr
                0x000000001000517c        0xc zephyr/kernel/libkernel.a(thread.c.obj)
                0x000000001000517c                k_is_in_isr
 .text.z_impl_k_thread_name_set
                0x0000000010005188        0x6 zephyr/kernel/libkernel.a(thread.c.obj)
                0x0000000010005188                z_impl_k_thread_name_set
 .text.z_impl_k_thread_start
                0x000000001000518e        0x8 zephyr/kernel/libkernel.a(thread.c.obj)
                0x000000001000518e                z_impl_k_thread_start
 .text.idle     0x0000000010005196        0xe zephyr/kernel/libkernel.a(idle.c.obj)
                0x0000000010005196                idle
 .text.adjust_owner_prio.isra.0
                0x00000000100051a4       0x16 zephyr/kernel/libkernel.a(mutex.c.obj)
 .text.z_impl_k_sem_init
                0x00000000100051ba       0x1a zephyr/kernel/libkernel.a(sem.c.obj)
                0x00000000100051ba                z_impl_k_sem_init
 .text.flag_test_and_clear
                0x00000000100051d4       0x18 zephyr/kernel/libkernel.a(work.c.obj)
 .text.notify_queue_locked.isra.0
                0x00000000100051ec       0x12 zephyr/kernel/libkernel.a(work.c.obj)
 .text.work_timeout
                0x00000000100051fe       0x34 zephyr/kernel/libkernel.a(work.c.obj)
 .text.k_work_init
                0x0000000010005232       0x12 zephyr/kernel/libkernel.a(work.c.obj)
                0x0000000010005232                k_work_init
 .text.z_work_submit_to_queue
                0x0000000010005244       0x1e zephyr/kernel/libkernel.a(work.c.obj)
                0x0000000010005244                z_work_submit_to_queue
 .text.k_work_submit_to_queue
                0x0000000010005262       0x18 zephyr/kernel/libkernel.a(work.c.obj)
                0x0000000010005262                k_work_submit_to_queue
 .text.k_work_init_delayable
                0x000000001000527a       0x18 zephyr/kernel/libkernel.a(work.c.obj)
                0x000000001000527a                k_work_init_delayable
 .text.sys_dlist_remove
                0x0000000010005292       0x10 zephyr/kernel/libkernel.a(sched.c.obj)
 .text.unpend_thread_no_timeout
                0x00000000100052a2       0x16 zephyr/kernel/libkernel.a(sched.c.obj)
 .text.add_to_waitq_locked
                0x00000000100052b8       0x52 zephyr/kernel/libkernel.a(sched.c.obj)
 .text.z_ready_thread
                0x000000001000530a       0x18 zephyr/kernel/libkernel.a(sched.c.obj)
                0x000000001000530a                z_ready_thread
 .text.z_sched_wake_thread
                0x0000000010005322       0x3e zephyr/kernel/libkernel.a(sched.c.obj)
                0x0000000010005322                z_sched_wake_thread
 .text.z_thread_timeout
                0x0000000010005360        0xc zephyr/kernel/libkernel.a(sched.c.obj)
                0x0000000010005360                z_thread_timeout
 .text.z_unpend_first_thread
                0x000000001000536c       0x32 zephyr/kernel/libkernel.a(sched.c.obj)
                0x000000001000536c                z_unpend_first_thread
 .text.z_reschedule_irqlock
                0x000000001000539e       0x1c zephyr/kernel/libkernel.a(sched.c.obj)
                0x000000001000539e                z_reschedule_irqlock
 .text.z_reschedule_unlocked
                0x00000000100053ba        0xe zephyr/kernel/libkernel.a(sched.c.obj)
 .text.z_impl_k_usleep
                0x00000000100053c8       0x22 zephyr/kernel/libkernel.a(sched.c.obj)
                0x00000000100053c8                z_impl_k_usleep
 .text.z_sched_wake
                0x00000000100053ea       0x3c zephyr/kernel/libkernel.a(sched.c.obj)
                0x00000000100053ea                z_sched_wake
 .text.z_abort_timeout
                0x0000000010005426       0x26 zephyr/kernel/libkernel.a(timeout.c.obj)
                0x0000000010005426                z_abort_timeout
 .text.sys_clock_tick_get_32
                0x000000001000544c        0x8 zephyr/kernel/libkernel.a(timeout.c.obj)
                0x000000001000544c                sys_clock_tick_get_32
 .text.z_impl_atomic_add
                0x0000000010005454       0x1a zephyr/kernel/libkernel.a(atomic_c.c.obj)
                0x0000000010005454                z_impl_atomic_add
 .text.k_heap_init
                0x000000001000546e       0x10 zephyr/kernel/libkernel.a(kheap.c.obj)
                0x000000001000546e                k_heap_init
 .text.strnlen  0x000000001000547e       0x16 c:\ncs\toolchains\cf2149caf2\opt\zephyr-sdk\arm-zephyr-eabi\bin\../lib/gcc/../../picolibc/arm-zephyr-eabi/lib/thumb/v6-m/nofp\libc.a(libc_string_strnlen.c.o)
                0x000000001000547e                strnlen
 .text.fputs    0x0000000010005494       0x2c c:\ncs\toolchains\cf2149caf2\opt\zephyr-sdk\arm-zephyr-eabi\bin\../lib/gcc/../../picolibc/arm-zephyr-eabi/lib/thumb/v6-m/nofp\libc.a(libc_tinystdio_fputs.c.o)
                0x0000000010005494                fputs
 .text.__ultoa_invert
                0x00000000100054c0       0x38 c:\ncs\toolchains\cf2149caf2\opt\zephyr-sdk\arm-zephyr-eabi\bin\../lib/gcc/../../picolibc/arm-zephyr-eabi/lib/thumb/v6-m/nofp\libc.a(libc_tinystdio_vfiprintf.c.o)
 .text.memcpy   0x00000000100054f8       0x12 c:\ncs\toolchains\cf2149caf2\opt\zephyr-sdk\arm-zephyr-eabi\bin\../lib/gcc/../../picolibc/arm-zephyr-eabi/lib/thumb/v6-m/nofp\libc.a(memcpy.c.o)
                0x00000000100054f8                __aeabi_memcpy
                0x00000000100054f8                __aeabi_memcpy4
                0x00000000100054f8                __aeabi_memcpy8
                0x00000000100054f8                memcpy
 .text.memset   0x000000001000550a       0x10 c:\ncs\toolchains\cf2149caf2\opt\zephyr-sdk\arm-zephyr-eabi\bin\../lib/gcc/../../picolibc/arm-zephyr-eabi/lib/thumb/v6-m/nofp\libc.a(memset.c.o)
                0x000000001000550a                memset
 *(SORT_BY_ALIGNMENT(.TEXT.*))
 *fill*         0x000000001000551a        0x2 
 .TEXT.__aeabi_read_tp
                0x000000001000551c        0xc zephyr/arch/arch/arm/core/cortex_m/libarch__arm__core__cortex_m.a(__aeabi_read_tp.S.obj)
                0x000000001000551c                __aeabi_read_tp
 .TEXT.__aeabi_read_tp.__stub
                0x0000000010005528       0x10 linker stubs
 *(SORT_BY_ALIGNMENT(.gnu.linkonce.t.*))
 *(SORT_BY_ALIGNMENT(.glue_7t))
 .glue_7t       0x0000000010005538        0x0 linker stubs
 *(SORT_BY_ALIGNMENT(.glue_7))
 .glue_7        0x0000000010005538        0x0 linker stubs
 *(SORT_BY_ALIGNMENT(.vfp11_veneer))
 .vfp11_veneer  0x0000000010005538        0x0 linker stubs
 *(SORT_BY_ALIGNMENT(.v4_bx))
 .v4_bx         0x0000000010005538        0x0 linker stubs
                0x0000000010005538                . = ALIGN (0x4)
                0x0000000010005538                __text_region_end = .

.ARM.exidx      0x0000000010005538        0x8
                0x0000000010005538                __exidx_start = .
 *(SORT_BY_ALIGNMENT(.ARM.exidx*) SORT_BY_ALIGNMENT(gnu.linkonce.armexidx.*))
 .ARM.exidx     0x0000000010005538        0x8 c:/ncs/toolchains/cf2149caf2/opt/zephyr-sdk/arm-zephyr-eabi/bin/../lib/gcc/arm-zephyr-eabi/12.2.0/thumb/v6-m/nofp\libgcc.a(_udivmoddi4.o)
                0x0000000010005540                __exidx_end = .
                0x0000000010005540                __rodata_region_start = .

initlevel       0x0000000010005540       0x68
                0x0000000010005540                __init_start = .
                0x0000000010005540                __init_EARLY_start = .
 *(SORT_BY_NAME(SORT_BY_ALIGNMENT(.z_init_EARLY?_*)))
 *(SORT_BY_NAME(SORT_BY_ALIGNMENT(.z_init_EARLY??_*)))
                0x0000000010005540                __init_PRE_KERNEL_1_start = .
 *(SORT_BY_NAME(SORT_BY_ALIGNMENT(.z_init_PRE_KERNEL_1?_*)))
 .z_init_PRE_KERNEL_10_0_
                0x0000000010005540        0x8 zephyr/soc/soc/arm/rpi_pico/rp2/libsoc__arm__rpi_pico__rp2.a(soc.c.obj)
 *(SORT_BY_NAME(SORT_BY_ALIGNMENT(.z_init_PRE_KERNEL_1??_*)))
 .z_init_PRE_KERNEL_130_0_
                0x0000000010005548        0x8 zephyr/kernel/libkernel.a(kheap.c.obj)
 .z_init_PRE_KERNEL_135_00008_
                0x0000000010005550        0x8 zephyr/drivers/reset/libdrivers__reset.a(reset_rpi_pico.c.obj)
 .z_init_PRE_KERNEL_155_00044_
                0x0000000010005558        0x8 zephyr/drivers/serial/libdrivers__serial.a(uart_rpi_pico.c.obj)
 .z_init_PRE_KERNEL_155_00054_
                0x0000000010005560        0x8 zephyr/libzephyr.a(cdc_acm.c.obj)
 .z_init_PRE_KERNEL_160_0_
                0x0000000010005568        0x8 zephyr/drivers/console/libdrivers__console.a(uart_console.c.obj)
                0x0000000010005570                __init_PRE_KERNEL_2_start = .
 *(SORT_BY_NAME(SORT_BY_ALIGNMENT(.z_init_PRE_KERNEL_2?_*)))
 .z_init_PRE_KERNEL_20_0_
                0x0000000010005570        0x8 zephyr/drivers/timer/libdrivers__timer.a(cortex_m_systick.c.obj)
 *(SORT_BY_NAME(SORT_BY_ALIGNMENT(.z_init_PRE_KERNEL_2??_*)))
                0x0000000010005578                __init_POST_KERNEL_start = .
 *(SORT_BY_NAME(SORT_BY_ALIGNMENT(.z_init_POST_KERNEL?_*)))
 *(SORT_BY_NAME(SORT_BY_ALIGNMENT(.z_init_POST_KERNEL??_*)))
 .z_init_POST_KERNEL40_00015_
                0x0000000010005578        0x8 zephyr/drivers/gpio/libdrivers__gpio.a(gpio_rpi_pico.c.obj)
 .z_init_POST_KERNEL40_0_
                0x0000000010005580        0x8 zephyr/libzephyr.a(usb_work_q.c.obj)
 .z_init_POST_KERNEL40_0_
                0x0000000010005588        0x8 zephyr/lib/libc/common/liblib__libc__common.a(malloc.c.obj)
 .z_init_POST_KERNEL40_0_
                0x0000000010005590        0x8 zephyr/kernel/libkernel.a(system_work_q.c.obj)
 .z_init_POST_KERNEL50_0_
                0x0000000010005598        0x8 zephyr/drivers/usb/device/libdrivers__usb__device.a(usb_dc_rpi_pico.c.obj)
 .z_init_POST_KERNEL90_0_
                0x00000000100055a0        0x8 zephyr/libzephyr.a(usb_device.c.obj)
                0x00000000100055a8                __init_APPLICATION_start = .
 *(SORT_BY_NAME(SORT_BY_ALIGNMENT(.z_init_APPLICATION?_*)))
 *(SORT_BY_NAME(SORT_BY_ALIGNMENT(.z_init_APPLICATION??_*)))
                0x00000000100055a8                __init_SMP_start = .
 *(SORT_BY_NAME(SORT_BY_ALIGNMENT(.z_init_SMP?_*)))
 *(SORT_BY_NAME(SORT_BY_ALIGNMENT(.z_init_SMP??_*)))
                0x00000000100055a8                __init_end = .

device_area     0x00000000100055a8       0x50
                0x00000000100055a8                _device_list_start = .
 *(SORT_BY_NAME(SORT_BY_ALIGNMENT(._device.static.*_?_*)))
 *(SORT_BY_NAME(SORT_BY_ALIGNMENT(._device.static.*_??_*)))
 ._device.static.1_35_
                0x00000000100055a8       0x14 zephyr/drivers/reset/libdrivers__reset.a(reset_rpi_pico.c.obj)
                0x00000000100055a8                __device_dts_ord_8
 ._device.static.1_55_
                0x00000000100055bc       0x14 zephyr/libzephyr.a(cdc_acm.c.obj)
                0x00000000100055bc                __device_dts_ord_54
 ._device.static.1_55_
                0x00000000100055d0       0x14 zephyr/drivers/serial/libdrivers__serial.a(uart_rpi_pico.c.obj)
                0x00000000100055d0                __device_dts_ord_44
 ._device.static.3_40_
                0x00000000100055e4       0x14 zephyr/drivers/gpio/libdrivers__gpio.a(gpio_rpi_pico.c.obj)
                0x00000000100055e4                __device_dts_ord_15
                0x00000000100055f8                _device_list_end = .

sw_isr_table    0x00000000100055f8       0xd0
                0x00000000100055f8                . = ALIGN (0x4)
 *(SORT_BY_ALIGNMENT(.gnu.linkonce.sw_isr_table*))
 .gnu.linkonce.sw_isr_table
                0x00000000100055f8       0xd0 zephyr/arch/common/libisr_tables.a(isr_tables.c.obj)
                0x00000000100055f8                _sw_isr_table

initlevel_error
                0x0000000010005540        0x0
 *(SORT_BY_NAME(SORT_BY_ALIGNMENT(.z_init_[_A-Z0-9]*)))
                0x0000000000000001                ASSERT ((SIZEOF (initlevel_error) == 0x0), Undefined initialization levels used.)

app_shmem_regions
                0x00000000100056c8        0x0
                0x00000000100056c8                __app_shmem_regions_start = .
 *(SORT_BY_NAME(SORT_BY_ALIGNMENT(.app_regions.*)))
                0x00000000100056c8                __app_shmem_regions_end = .

k_p4wq_initparam_area
                0x00000000100056c8        0x0
                0x00000000100056c8                _k_p4wq_initparam_list_start = .
 *(SORT_BY_NAME(SORT_BY_ALIGNMENT(._k_p4wq_initparam.static.*)))
                0x00000000100056c8                _k_p4wq_initparam_list_end = .

_static_thread_data_area
                0x00000000100056c8        0x0
                0x00000000100056c8                __static_thread_data_list_start = .
 *(SORT_BY_NAME(SORT_BY_ALIGNMENT(.__static_thread_data.static.*)))
                0x00000000100056c8                __static_thread_data_list_end = .

device_deps     0x00000000100056c8        0x0
                0x00000000100056c8                __device_deps_start = .
 *(SORT_BY_NAME(SORT_BY_ALIGNMENT(.__device_deps_pass2*)))
                0x00000000100056c8                __device_deps_end = .

ztest           0x00000000100056c8        0x0
                0x00000000100056c8                _ztest_expected_result_entry_list_start = .
 *(SORT_BY_NAME(SORT_BY_ALIGNMENT(._ztest_expected_result_entry.static.*)))
                0x00000000100056c8                _ztest_expected_result_entry_list_end = .
                0x00000000100056c8                _ztest_suite_node_list_start = .
 *(SORT_BY_NAME(SORT_BY_ALIGNMENT(._ztest_suite_node.static.*)))
                0x00000000100056c8                _ztest_suite_node_list_end = .
                0x00000000100056c8                _ztest_unit_test_list_start = .
 *(SORT_BY_NAME(SORT_BY_ALIGNMENT(._ztest_unit_test.static.*)))
                0x00000000100056c8                _ztest_unit_test_list_end = .
                0x00000000100056c8                _ztest_test_rule_list_start = .
 *(SORT_BY_NAME(SORT_BY_ALIGNMENT(._ztest_test_rule.static.*)))
                0x00000000100056c8                _ztest_test_rule_list_end = .

bt_l2cap_fixed_chan_area
                0x00000000100056c8        0x0
                0x00000000100056c8                _bt_l2cap_fixed_chan_list_start = .
 *(SORT_BY_NAME(SORT_BY_ALIGNMENT(._bt_l2cap_fixed_chan.static.*)))
                0x00000000100056c8                _bt_l2cap_fixed_chan_list_end = .

bt_gatt_service_static_area
                0x00000000100056c8        0x0
                0x00000000100056c8                _bt_gatt_service_static_list_start = .
 *(SORT_BY_NAME(SORT_BY_ALIGNMENT(._bt_gatt_service_static.static.*)))
                0x00000000100056c8                _bt_gatt_service_static_list_end = .

log_strings_area
                0x00000000100056c8        0x0
                0x00000000100056c8                _log_strings_list_start = .
 *(SORT_BY_NAME(SORT_BY_ALIGNMENT(._log_strings.static.*)))
                0x00000000100056c8                _log_strings_list_end = .

log_const_area  0x00000000100056c8        0x0
                0x00000000100056c8                _log_const_list_start = .
 *(SORT_BY_NAME(SORT_BY_ALIGNMENT(._log_const.static.*)))
                0x00000000100056c8                _log_const_list_end = .

log_backend_area
                0x00000000100056c8        0x0
                0x00000000100056c8                _log_backend_list_start = .
 *(SORT_BY_NAME(SORT_BY_ALIGNMENT(._log_backend.static.*)))
                0x00000000100056c8                _log_backend_list_end = .

log_link_area   0x00000000100056c8        0x0
                0x00000000100056c8                _log_link_list_start = .
 *(SORT_BY_NAME(SORT_BY_ALIGNMENT(._log_link.static.*)))
                0x00000000100056c8                _log_link_list_end = .

tracing_backend_area
                0x00000000100056c8        0x0
                0x00000000100056c8                _tracing_backend_list_start = .
 *(SORT_BY_NAME(SORT_BY_ALIGNMENT(._tracing_backend.static.*)))
                0x00000000100056c8                _tracing_backend_list_end = .

zephyr_dbg_info
 *(SORT_BY_ALIGNMENT(.dbg_thread_info))

symbol_to_keep  0x00000000100056c8        0x0
                0x00000000100056c8                __symbol_to_keep_start = .
 *(SORT_BY_NAME(SORT_BY_ALIGNMENT(.symbol_to_keep*)))
                0x00000000100056c8                __symbol_to_keep_end = .

shell_area      0x00000000100056c8        0x0
                0x00000000100056c8                _shell_list_start = .
 *(SORT_BY_NAME(SORT_BY_ALIGNMENT(._shell.static.*)))
                0x00000000100056c8                _shell_list_end = .

shell_root_cmds_area
                0x00000000100056c8        0x0
                0x00000000100056c8                _shell_root_cmds_list_start = .
 *(SORT_BY_NAME(SORT_BY_ALIGNMENT(._shell_root_cmds.static.*)))
                0x00000000100056c8                _shell_root_cmds_list_end = .

shell_subcmds_area
                0x00000000100056c8        0x0
                0x00000000100056c8                _shell_subcmds_list_start = .
 *(SORT_BY_NAME(SORT_BY_ALIGNMENT(._shell_subcmds.static.*)))
                0x00000000100056c8                _shell_subcmds_list_end = .

shell_dynamic_subcmds_area
                0x00000000100056c8        0x0
                0x00000000100056c8                _shell_dynamic_subcmds_list_start = .
 *(SORT_BY_NAME(SORT_BY_ALIGNMENT(._shell_dynamic_subcmds.static.*)))
                0x00000000100056c8                _shell_dynamic_subcmds_list_end = .

cfb_font_area   0x00000000100056c8        0x0
                0x00000000100056c8                _cfb_font_list_start = .
 *(SORT_BY_NAME(SORT_BY_ALIGNMENT(._cfb_font.static.*)))
                0x00000000100056c8                _cfb_font_list_end = .

tdata           0x00000000100056c8        0x0
 *(SORT_BY_ALIGNMENT(.tdata) SORT_BY_ALIGNMENT(.tdata.*) SORT_BY_ALIGNMENT(.gnu.linkonce.td.*))

tbss            0x00000000100056c8        0x4
 *(SORT_BY_ALIGNMENT(.tbss) SORT_BY_ALIGNMENT(.tbss.*) SORT_BY_ALIGNMENT(.gnu.linkonce.tb.*) SORT_BY_ALIGNMENT(.tcommon))
 .tbss.z_tls_current
                0x00000000100056c8        0x4 zephyr/libzephyr.a(thread_entry.c.obj)
                0x00000000100056c8                z_tls_current
                0x00000000100056c8                PROVIDE (__tdata_start = LOADADDR (tdata))
                0x0000000000000000                PROVIDE (__tdata_size = SIZEOF (tdata))
                [!provide]                        PROVIDE (__tdata_end = (__tdata_start + __tdata_size))
                0x0000000000000001                PROVIDE (__tdata_align = ALIGNOF (tdata))
                [!provide]                        PROVIDE (__tbss_start = ADDR (tbss))
                0x0000000000000004                PROVIDE (__tbss_size = SIZEOF (tbss))
                [!provide]                        PROVIDE (__tbss_end = (__tbss_start + __tbss_size))
                0x0000000000000004                PROVIDE (__tbss_align = ALIGNOF (tbss))
                [!provide]                        PROVIDE (__tls_start = __tdata_start)
                [!provide]                        PROVIDE (__tls_end = __tbss_end)
                [!provide]                        PROVIDE (__tls_size = (__tbss_end - __tdata_start))

rodata          0x00000000100056c8      0x248
 *(SORT_BY_ALIGNMENT(.rodata))
 .rodata        0x00000000100056c8        0x7 zephyr/libzephyr.a(cdc_acm.c.obj)
 *(SORT_BY_ALIGNMENT(.rodata.*))
 *fill*         0x00000000100056cf        0x1 
 .rodata.cdc_acm_driver_api
                0x00000000100056d0       0x54 zephyr/libzephyr.a(cdc_acm.c.obj)
 .rodata.stdout
                0x0000000010005724        0x4 zephyr/lib/libc/picolibc/liblib__libc__picolibc.a(libc-hooks.c.obj)
                0x0000000010005724                stderr
                0x0000000010005724                stdout
 .rodata.gpio_rpi_0_config
                0x0000000010005728        0x8 zephyr/drivers/gpio/libdrivers__gpio.a(gpio_rpi_pico.c.obj)
 .rodata.gpio_rpi_driver_api
                0x0000000010005730       0x24 zephyr/drivers/gpio/libdrivers__gpio.a(gpio_rpi_pico.c.obj)
 .rodata.reset_rpi_config_0
                0x0000000010005754        0xc zephyr/drivers/reset/libdrivers__reset.a(reset_rpi_pico.c.obj)
 .rodata.reset_rpi_driver_api
                0x0000000010005760       0x10 zephyr/drivers/reset/libdrivers__reset.a(reset_rpi_pico.c.obj)
 .rodata.uart0_rpi_config
                0x0000000010005770       0x18 zephyr/drivers/serial/libdrivers__serial.a(uart_rpi_pico.c.obj)
 .rodata.__pinctrl_dev_config__device_dts_ord_44
                0x0000000010005788        0x8 zephyr/drivers/serial/libdrivers__serial.a(uart_rpi_pico.c.obj)
 .rodata.__pinctrl_states__device_dts_ord_44
                0x0000000010005790        0x8 zephyr/drivers/serial/libdrivers__serial.a(uart_rpi_pico.c.obj)
 .rodata.__pinctrl_state_pins_0__device_dts_ord_44
                0x0000000010005798        0x8 zephyr/drivers/serial/libdrivers__serial.a(uart_rpi_pico.c.obj)
 .rodata.uart_rpi_driver_api
                0x00000000100057a0       0x54 zephyr/drivers/serial/libdrivers__serial.a(uart_rpi_pico.c.obj)
 .rodata._k_neg_eagain
                0x00000000100057f4        0x4 zephyr/kernel/libkernel.a(errno.c.obj)
                0x00000000100057f4                _k_neg_eagain
 .rodata.levels.0
                0x00000000100057f8       0x18 zephyr/kernel/libkernel.a(init.c.obj)
 .rodata.main.str1.1
                0x0000000010005810       0x32 app/libapp.a(main.c.obj)
 .rodata.usb_update_sn_string_descriptor.str1.1
                0x0000000010005842       0x11 zephyr/libzephyr.a(usb_descriptor.c.obj)
 .rodata.str1.1
                0x0000000010005853        0xa zephyr/libzephyr.a(cdc_acm.c.obj)
 .rodata.z_usb_work_q_init.str1.1
                0x000000001000585d        0x9 zephyr/libzephyr.a(usb_work_q.c.obj)
 .rodata.abort.str1.1
                0x0000000010005866        0x9 zephyr/lib/libc/common/liblib__libc__common.a(abort.c.obj)
 .rodata.usb_rpi_init.str1.1
                0x000000001000586f        0x8 zephyr/drivers/usb/device/libdrivers__usb__device.a(usb_dc_rpi_pico.c.obj)
 .rodata.str1.1
                0x0000000010005877        0xe zephyr/drivers/gpio/libdrivers__gpio.a(gpio_rpi_pico.c.obj)
 .rodata.str1.1
                0x0000000010005885       0x1a zephyr/drivers/reset/libdrivers__reset.a(reset_rpi_pico.c.obj)
 .rodata.CSWTCH.25
                0x000000001000589f        0x3 zephyr/drivers/serial/libdrivers__serial.a(uart_rpi_pico.c.obj)
 .rodata.str1.1
                0x00000000100058a2        0xe zephyr/drivers/serial/libdrivers__serial.a(uart_rpi_pico.c.obj)
 .rodata.z_cstart.str1.1
                0x00000000100058b0        0x5 zephyr/kernel/libkernel.a(init.c.obj)
 .rodata.boot_banner.str1.1
                0x00000000100058b5       0x2e zephyr/kernel/libkernel.a(banner.c.obj)
 .rodata.k_sys_work_q_init.str1.1
                0x00000000100058e3        0x9 zephyr/kernel/libkernel.a(system_work_q.c.obj)
 .rodata.__assert_no_args.str1.1
                0x00000000100058ec       0x12 c:\ncs\toolchains\cf2149caf2\opt\zephyr-sdk\arm-zephyr-eabi\bin\../lib/gcc/../../picolibc/arm-zephyr-eabi/lib/thumb/v6-m/nofp\libc.a(libc_stdlib_assert_no_arg.c.o)
 .rodata.__i_vfprintf.str1.1
                0x00000000100058fe        0xf c:\ncs\toolchains\cf2149caf2\opt\zephyr-sdk\arm-zephyr-eabi\bin\../lib/gcc/../../picolibc/arm-zephyr-eabi/lib/thumb/v6-m/nofp\libc.a(libc_tinystdio_vfiprintf.c.o)
 *(SORT_BY_ALIGNMENT(.gnu.linkonce.r.*))
                0x0000000010005910                . = ALIGN (0x4)
 *fill*         0x000000001000590d        0x3 
                0x0000000010005910                __rodata_region_end = .
                0x0000000010005910                . = ALIGN (_region_min_align)
                0x0000000010005910                __rom_region_end = ((__rom_region_start + .) - ADDR (rom_start))

/DISCARD/
 *(SORT_BY_ALIGNMENT(.got.plt))
 *(SORT_BY_ALIGNMENT(.igot.plt))
 *(SORT_BY_ALIGNMENT(.got))
 *(SORT_BY_ALIGNMENT(.igot))
                0x0000000020000000                . = 0x20000000
                0x0000000020000000                . = ALIGN (_region_min_align)
                0x0000000020000000                _image_ram_start = .

.ramfunc        0x0000000020000000        0x0 load address 0x0000000010005910
                0x0000000020000000                . = ALIGN (_region_min_align)
                0x0000000020000000                __ramfunc_start = .
 *(SORT_BY_ALIGNMENT(.ramfunc))
 *(SORT_BY_ALIGNMENT(.ramfunc.*))
                0x0000000020000000                . = ALIGN (_region_min_align)
                0x0000000020000000                __ramfunc_end = .
                0x0000000000000000                __ramfunc_size = (__ramfunc_end - __ramfunc_start)
                0x0000000010005910                __ramfunc_load_start = LOADADDR (.ramfunc)

datas           0x0000000020000000      0x258 load address 0x0000000010005910
                0x0000000020000000                __data_region_start = .
                0x0000000020000000                __data_start = .
 *(SORT_BY_ALIGNMENT(.data))
 *(SORT_BY_ALIGNMENT(.data.*))
 .data.cdc_acm_dev_data_0
                0x0000000020000000       0xb0 zephyr/libzephyr.a(cdc_acm.c.obj)
 .data._char_out
                0x00000000200000b0        0x4 zephyr/libzephyr.a(printk.c.obj)
                0x00000000200000b0                _char_out
 .data.cdc_acm_tx_rb_0
                0x00000000200000b4       0x20 zephyr/libzephyr.a(cdc_acm.c.obj)
                0x00000000200000b4                cdc_acm_tx_rb_0
 .data.cdc_acm_rx_rb_0
                0x00000000200000d4       0x20 zephyr/libzephyr.a(cdc_acm.c.obj)
                0x00000000200000d4                cdc_acm_rx_rb_0
 .data.cdc_acm_ep_data_0
                0x00000000200000f4       0x18 zephyr/libzephyr.a(cdc_acm.c.obj)
 .data.__stdout
                0x000000002000010c       0x10 zephyr/lib/libc/picolibc/liblib__libc__picolibc.a(libc-hooks.c.obj)
 .data.uart0_rpi_data
                0x000000002000011c       0x10 zephyr/drivers/serial/libdrivers__serial.a(uart_rpi_pico.c.obj)
 .data.timeout_list
                0x000000002000012c        0x8 zephyr/kernel/libkernel.a(timeout.c.obj)
 *(SORT_BY_ALIGNMENT(.kernel.*))
 *(SORT_BY_ALIGNMENT(.time_critical*))
 .time_critical.flash_init_boot2_copyout
                0x0000000020000134       0x30 modules/hal_rpi_pico/libmodules__hal_rpi_pico.a(flash.c.obj)
 .time_critical.flash_enable_xip_via_boot2
                0x0000000020000164        0xc modules/hal_rpi_pico/libmodules__hal_rpi_pico.a(flash.c.obj)
 .time_critical.flash_cs_force
                0x0000000020000170       0x20 modules/hal_rpi_pico/libmodules__hal_rpi_pico.a(flash.c.obj)
 .time_critical.flash_do_cmd
                0x0000000020000190       0xb4 modules/hal_rpi_pico/libmodules__hal_rpi_pico.a(flash.c.obj)
                0x0000000020000190                flash_do_cmd
 *fill*         0x0000000020000244        0x4 
 .time_critical.flash_do_cmd.__stub
                0x0000000020000248       0x10 linker stubs
                0x0000000020000258                __data_end = .
                0x0000000000000258                __data_size = (__data_end - __data_start)
                0x0000000010005910                __data_load_start = LOADADDR (datas)
                0x0000000010005910                __data_region_load_start = LOADADDR (datas)

device_states   0x0000000020000258        0x8 load address 0x0000000010005b68
                0x0000000020000258                __device_states_start = .
 *(SORT_BY_ALIGNMENT(.z_devstate))
 .z_devstate    0x0000000020000258        0x2 zephyr/libzephyr.a(cdc_acm.c.obj)
 .z_devstate    0x000000002000025a        0x2 zephyr/drivers/gpio/libdrivers__gpio.a(gpio_rpi_pico.c.obj)
 .z_devstate    0x000000002000025c        0x2 zephyr/drivers/reset/libdrivers__reset.a(reset_rpi_pico.c.obj)
 .z_devstate    0x000000002000025e        0x2 zephyr/drivers/serial/libdrivers__serial.a(uart_rpi_pico.c.obj)
 *(SORT_BY_ALIGNMENT(.z_devstate.*))
                0x0000000020000260                __device_states_end = .

log_mpsc_pbuf_area
                0x0000000020000260        0x0 load address 0x0000000010005b70
                0x0000000020000260                _log_mpsc_pbuf_list_start = .
 *(SORT_BY_NAME(SORT_BY_ALIGNMENT(._log_mpsc_pbuf.static.*)))
                0x0000000020000260                _log_mpsc_pbuf_list_end = .

log_msg_ptr_area
                0x0000000020000260        0x0 load address 0x0000000010005b70
                0x0000000020000260                _log_msg_ptr_list_start = .
 *(SORT_BY_NAME(SORT_BY_ALIGNMENT(._log_msg_ptr.static.*)))
                0x0000000020000260                _log_msg_ptr_list_end = .

log_dynamic_area
                0x0000000020000260        0x0 load address 0x0000000010005b70
                0x0000000020000260                _log_dynamic_list_start = .
 *(SORT_BY_NAME(SORT_BY_ALIGNMENT(._log_dynamic.static.*)))
                0x0000000020000260                _log_dynamic_list_end = .

k_timer_area    0x0000000020000260        0x0 load address 0x0000000010005b70
                0x0000000020000260                _k_timer_list_start = .
 *(SORT_BY_NAME(SORT_BY_ALIGNMENT(._k_timer.static.*)))
                0x0000000020000260                _k_timer_list_end = .

k_mem_slab_area
                0x0000000020000260        0x0 load address 0x0000000010005b70
                0x0000000020000260                _k_mem_slab_list_start = .
 *(SORT_BY_NAME(SORT_BY_ALIGNMENT(._k_mem_slab.static.*)))
                0x0000000020000260                _k_mem_slab_list_end = .

k_heap_area     0x0000000020000260        0x0 load address 0x0000000010005b70
                0x0000000020000260                _k_heap_list_start = .
 *(SORT_BY_NAME(SORT_BY_ALIGNMENT(._k_heap.static.*)))
                0x0000000020000260                _k_heap_list_end = .

k_mutex_area    0x0000000020000260       0x14 load address 0x0000000010005b70
                0x0000000020000260                _k_mutex_list_start = .
 *(SORT_BY_NAME(SORT_BY_ALIGNMENT(._k_mutex.static.*)))
 ._k_mutex.static.usb_enable_lock_
                0x0000000020000260       0x14 zephyr/libzephyr.a(usb_device.c.obj)
                0x0000000020000260                usb_enable_lock
                0x0000000020000274                _k_mutex_list_end = .

k_stack_area    0x0000000020000274        0x0 load address 0x0000000010005b84
                0x0000000020000274                _k_stack_list_start = .
 *(SORT_BY_NAME(SORT_BY_ALIGNMENT(._k_stack.static.*)))
                0x0000000020000274                _k_stack_list_end = .

k_msgq_area     0x0000000020000274       0x28 load address 0x0000000010005b84
                0x0000000020000274                _k_msgq_list_start = .
 *(SORT_BY_NAME(SORT_BY_ALIGNMENT(._k_msgq.static.*)))
 ._k_msgq.static.usb_dc_msgq_
                0x0000000020000274       0x28 zephyr/drivers/usb/device/libdrivers__usb__device.a(usb_dc_rpi_pico.c.obj)
                0x0000000020000274                usb_dc_msgq
                0x000000002000029c                _k_msgq_list_end = .

k_mbox_area     0x000000002000029c        0x0 load address 0x0000000010005bac
                0x000000002000029c                _k_mbox_list_start = .
 *(SORT_BY_NAME(SORT_BY_ALIGNMENT(._k_mbox.static.*)))
                0x000000002000029c                _k_mbox_list_end = .

k_pipe_area     0x000000002000029c        0x0 load address 0x0000000010005bac
                0x000000002000029c                _k_pipe_list_start = .
 *(SORT_BY_NAME(SORT_BY_ALIGNMENT(._k_pipe.static.*)))
                0x000000002000029c                _k_pipe_list_end = .

k_sem_area      0x000000002000029c        0x0 load address 0x0000000010005bac
                0x000000002000029c                _k_sem_list_start = .
 *(SORT_BY_NAME(SORT_BY_ALIGNMENT(._k_sem.static.*)))
                0x000000002000029c                _k_sem_list_end = .

k_event_area    0x000000002000029c        0x0 load address 0x0000000010005bac
                0x000000002000029c                _k_event_list_start = .
 *(SORT_BY_NAME(SORT_BY_ALIGNMENT(._k_event.static.*)))
                0x000000002000029c                _k_event_list_end = .

k_queue_area    0x000000002000029c        0x0 load address 0x0000000010005bac
                0x000000002000029c                _k_queue_list_start = .
 *(SORT_BY_NAME(SORT_BY_ALIGNMENT(._k_queue.static.*)))
                0x000000002000029c                _k_queue_list_end = .

k_fifo_area     0x000000002000029c        0x0 load address 0x0000000010005bac
                0x000000002000029c                _k_fifo_list_start = .
 *(SORT_BY_NAME(SORT_BY_ALIGNMENT(._k_fifo.static.*)))
                0x000000002000029c                _k_fifo_list_end = .

k_lifo_area     0x000000002000029c        0x0 load address 0x0000000010005bac
                0x000000002000029c                _k_lifo_list_start = .
 *(SORT_BY_NAME(SORT_BY_ALIGNMENT(._k_lifo.static.*)))
                0x000000002000029c                _k_lifo_list_end = .

k_condvar_area  0x000000002000029c        0x0 load address 0x0000000010005bac
                0x000000002000029c                _k_condvar_list_start = .
 *(SORT_BY_NAME(SORT_BY_ALIGNMENT(._k_condvar.static.*)))
                0x000000002000029c                _k_condvar_list_end = .

sys_mem_blocks_ptr_area
                0x000000002000029c        0x0 load address 0x0000000010005bac
                0x000000002000029c                _sys_mem_blocks_ptr_list_start = .
 *(SORT_BY_NAME(SORT_BY_ALIGNMENT(._sys_mem_blocks_ptr.static.*)))
                0x000000002000029c                _sys_mem_blocks_ptr_list_end = .

net_buf_pool_area
                0x000000002000029c        0x0 load address 0x0000000010005bac
                0x000000002000029c                _net_buf_pool_list_start = .
 *(SORT_BY_NAME(SORT_BY_ALIGNMENT(._net_buf_pool.static.*)))
                0x000000002000029c                _net_buf_pool_list_end = .

usb_descriptor  0x000000002000029c       0xcb load address 0x0000000010005bac
                0x000000002000029c                __usb_descriptor_start = .
 *(SORT_BY_ALIGNMENT(.usb.descriptor))
 *(SORT_BY_NAME(SORT_BY_ALIGNMENT(.usb.descriptor*)))
 .usb.descriptor_primary.0
                0x000000002000029c       0x1b zephyr/libzephyr.a(usb_descriptor.c.obj)
 .usb.descriptor_primary.1.0
                0x00000000200002b7       0x42 zephyr/libzephyr.a(cdc_acm.c.obj)
 .usb.descriptor_primary.4
                0x00000000200002f9       0x6c zephyr/libzephyr.a(usb_descriptor.c.obj)
 .usb.descriptor_primary.6
                0x0000000020000365        0x2 zephyr/libzephyr.a(usb_descriptor.c.obj)
                0x0000000020000367                __usb_descriptor_end = .

usb_cfg_data_area
                0x0000000020000368       0x24 load address 0x0000000010005c78
                0x0000000020000368                _usb_cfg_data_list_start = .
 *(SORT_BY_NAME(SORT_BY_ALIGNMENT(._usb_cfg_data.static.*)))
 ._usb_cfg_data.static.cdc_acm_config_0_
                0x0000000020000368       0x24 zephyr/libzephyr.a(cdc_acm.c.obj)
                0x000000002000038c                _usb_cfg_data_list_end = .
                0x000000002000038c                __data_region_end = .

bss             0x0000000020000390      0xbb1
                0x0000000020000390                . = ALIGN (0x4)
                0x0000000020000390                __bss_start = .
                0x0000000020000390                __kernel_ram_start = .
 *(SORT_BY_ALIGNMENT(.bss))
 *(SORT_BY_ALIGNMENT(.bss.*))
 .bss.z_usb_work_q
                0x0000000020000390       0x90 zephyr/libzephyr.a(usb_work_q.c.obj)
                0x0000000020000390                z_usb_work_q
 .bss.thread    0x0000000020000420       0x70 zephyr/drivers/usb/device/libdrivers__usb__device.a(usb_dc_rpi_pico.c.obj)
 .bss.announced_cycles
                0x0000000020000490        0x8 zephyr/drivers/timer/libdrivers__timer.a(cortex_m_systick.c.obj)
 .bss.cycle_count
                0x0000000020000498        0x8 zephyr/drivers/timer/libdrivers__timer.a(cortex_m_systick.c.obj)
 .bss.z_idle_threads
                0x00000000200004a0       0x70 zephyr/kernel/libkernel.a(init.c.obj)
                0x00000000200004a0                z_idle_threads
 .bss.z_main_thread
                0x0000000020000510       0x70 zephyr/kernel/libkernel.a(init.c.obj)
                0x0000000020000510                z_main_thread
 .bss.slice_timeouts
                0x0000000020000580       0x18 zephyr/kernel/libkernel.a(sched.c.obj)
 .bss.curr_tick
                0x0000000020000598        0x8 zephyr/kernel/libkernel.a(timeout.c.obj)
 .bss.k_sys_work_q
                0x00000000200005a0       0x90 zephyr/kernel/libkernel.a(system_work_q.c.obj)
                0x00000000200005a0                k_sys_work_q
 .bss.usb_dev   0x0000000020000630       0xcc zephyr/libzephyr.a(usb_device.c.obj)
 .bss.ut_data   0x00000000200006fc      0x100 zephyr/libzephyr.a(usb_transfer.c.obj)
 .bss.cdc_acm_data_devlist
                0x00000000200007fc        0x8 zephyr/libzephyr.a(cdc_acm.c.obj)
 .bss.z_arm_tls_ptr
                0x0000000020000804        0x4 zephyr/arch/arch/arm/core/libarch__arm__core.a(tls.c.obj)
                0x0000000020000804                z_arm_tls_ptr
 .bss._stdout_hook
                0x0000000020000808        0x4 zephyr/lib/libc/picolibc/liblib__libc__picolibc.a(libc-hooks.c.obj)
 .bss.z_malloc_heap
                0x000000002000080c        0xc zephyr/lib/libc/common/liblib__libc__common.a(malloc.c.obj)
 .bss.state     0x0000000020000818      0x58c zephyr/drivers/usb/device/libdrivers__usb__device.a(usb_dc_rpi_pico.c.obj)
 .bss.gpio_rpi_0_data
                0x0000000020000da4       0x18 zephyr/drivers/gpio/libdrivers__gpio.a(gpio_rpi_pico.c.obj)
 .bss.overflow_cyc
                0x0000000020000dbc        0x4 zephyr/drivers/timer/libdrivers__timer.a(cortex_m_systick.c.obj)
 .bss.last_load
                0x0000000020000dc0        0x4 zephyr/drivers/timer/libdrivers__timer.a(cortex_m_systick.c.obj)
 .bss.configured_freq
                0x0000000020000dc4       0x28 modules/hal_rpi_pico/libmodules__hal_rpi_pico.a(clocks.c.obj)
 .bss.boot2_copyout
                0x0000000020000dec      0x100 modules/hal_rpi_pico/libmodules__hal_rpi_pico.a(flash.c.obj)
 .bss._cpus_active
                0x0000000020000eec        0x4 zephyr/kernel/libkernel.a(init.c.obj)
                0x0000000020000eec                _cpus_active
 .bss._kernel   0x0000000020000ef0       0x20 zephyr/kernel/libkernel.a(init.c.obj)
                0x0000000020000ef0                _kernel
 .bss.pending_cancels
                0x0000000020000f10        0x8 zephyr/kernel/libkernel.a(work.c.obj)
 .bss.pending_current
                0x0000000020000f18        0x4 zephyr/kernel/libkernel.a(sched.c.obj)
 .bss.slice_max_prio
                0x0000000020000f1c        0x4 zephyr/kernel/libkernel.a(sched.c.obj)
 .bss.slice_ticks
                0x0000000020000f20        0x4 zephyr/kernel/libkernel.a(sched.c.obj)
 .bss.announce_remaining
                0x0000000020000f24        0x4 zephyr/kernel/libkernel.a(timeout.c.obj)
 .bss.uart_char_to_line_feed
                0x0000000020000f28        0x4 modules/hal_rpi_pico/libmodules__hal_rpi_pico.a(uart.c.obj)
                0x0000000020000f28                uart_char_to_line_feed
 .bss.sn.0      0x0000000020000f2c       0x12 zephyr/libzephyr.a(usb_descriptor.c.obj)
 .bss.boot2_copyout_valid
                0x0000000020000f3e        0x1 modules/hal_rpi_pico/libmodules__hal_rpi_pico.a(flash.c.obj)
 .bss.z_sys_post_kernel
                0x0000000020000f3f        0x1 zephyr/kernel/libkernel.a(init.c.obj)
                0x0000000020000f3f                z_sys_post_kernel
 .bss.lock      0x0000000020000f40        0x0 zephyr/kernel/libkernel.a(mutex.c.obj)
 .bss.lock      0x0000000020000f40        0x0 zephyr/kernel/libkernel.a(sem.c.obj)
 .bss.lock      0x0000000020000f40        0x0 zephyr/kernel/libkernel.a(work.c.obj)
 .bss.slice_expired
                0x0000000020000f40        0x1 zephyr/kernel/libkernel.a(sched.c.obj)
 .bss.sched_spinlock
                0x0000000020000f41        0x0 zephyr/kernel/libkernel.a(sched.c.obj)
                0x0000000020000f41                sched_spinlock
 *(SORT_BY_ALIGNMENT(COMMON))
 *(SORT_BY_ALIGNMENT(.kernel_bss.*))
                0x0000000020000f44                __bss_end = ALIGN (0x4)

noinit          0x0000000020000f48     0x2178
 *(SORT_BY_ALIGNMENT(.noinit))
 *(SORT_BY_ALIGNMENT(.noinit.*))
 .noinit."WEST_TOPDIR/zephyr/subsys/usb/device/usb_work_q.c".0
                0x0000000020000f48      0x400 zephyr/libzephyr.a(usb_work_q.c.obj)
                0x0000000020000f48                z_usb_work_q_stack
 .noinit."WEST_TOPDIR/zephyr/drivers/usb/device/usb_dc_rpi_pico.c".0
                0x0000000020001348      0x400 zephyr/drivers/usb/device/libdrivers__usb__device.a(usb_dc_rpi_pico.c.obj)
                0x0000000020001348                thread_stack
 .noinit."WEST_TOPDIR/zephyr/kernel/init.c".2
                0x0000000020001748      0x800 zephyr/kernel/libkernel.a(init.c.obj)
                0x0000000020001748                z_interrupt_stacks
 .noinit."WEST_TOPDIR/zephyr/kernel/init.c".1
                0x0000000020001f48      0x100 zephyr/kernel/libkernel.a(init.c.obj)
 .noinit."WEST_TOPDIR/zephyr/kernel/init.c".0
                0x0000000020002048      0x400 zephyr/kernel/libkernel.a(init.c.obj)
                0x0000000020002048                z_main_stack
 .noinit."WEST_TOPDIR/zephyr/kernel/system_work_q.c".0
                0x0000000020002448      0x400 zephyr/kernel/libkernel.a(system_work_q.c.obj)
 .noinit."WEST_TOPDIR/zephyr/drivers/usb/device/usb_dc_rpi_pico.c".1
                0x0000000020002848       0x78 zephyr/drivers/usb/device/libdrivers__usb__device.a(usb_dc_rpi_pico.c.obj)
 .noinit."WEST_TOPDIR/zephyr/subsys/usb/device/class/cdc_acm.c".1
                0x00000000200028c0      0x400 zephyr/libzephyr.a(cdc_acm.c.obj)
 .noinit."WEST_TOPDIR/zephyr/subsys/usb/device/class/cdc_acm.c".0
                0x0000000020002cc0      0x400 zephyr/libzephyr.a(cdc_acm.c.obj)
 *(SORT_BY_ALIGNMENT(.kernel_noinit.*))
                0x0000000020042000                __kernel_ram_end = 0x20042000
                0x0000000000041c70                __kernel_ram_size = (__kernel_ram_end - __kernel_ram_start)

.intList        0x00000000fffff800       0x38
 *(SORT_BY_ALIGNMENT(.irq_info*))
 .irq_info      0x00000000fffff800        0x8 zephyr/arch/common/libisr_tables.a(isr_tables.c.obj)
                0x00000000fffff800                _iheader
 *(SORT_BY_ALIGNMENT(.intList*))
 .intList       0x00000000fffff808       0x10 zephyr/drivers/usb/device/libdrivers__usb__device.a(usb_dc_rpi_pico.c.obj)