Archive member included to satisfy reference by file (symbol)

app/libapp.a(main.c.obj)      (--whole-archive)
zephyr/libzephyr.a(cbprintf_packaged.c.obj)
                              (--whole-archive)
zephyr/libzephyr.a(dec.c.obj)
                              (--whole-archive)
zephyr/libzephyr.a(hex.c.obj)
                              (--whole-archive)
zephyr/libzephyr.a(printk.c.obj)
                              (--whole-archive)
zephyr/libzephyr.a(rb.c.obj)  (--whole-archive)
zephyr/libzephyr.a(sem.c.obj)
                              (--whole-archive)
zephyr/libzephyr.a(thread_entry.c.obj)
                              (--whole-archive)
zephyr/libzephyr.a(timeutil.c.obj)
                              (--whole-archive)
zephyr/libzephyr.a(heap.c.obj)
                              (--whole-archive)
zephyr/libzephyr.a(heap-validate.c.obj)
                              (--whole-archive)
zephyr/libzephyr.a(bitarray.c.obj)
                              (--whole-archive)
zephyr/libzephyr.a(multi_heap.c.obj)
                              (--whole-archive)
zephyr/libzephyr.a(cbprintf_complete.c.obj)
                              (--whole-archive)
zephyr/libzephyr.a(ring_buffer.c.obj)
                              (--whole-archive)
zephyr/libzephyr.a(assert.c.obj)
                              (--whole-archive)
zephyr/libzephyr.a(configs.c.obj)
                              (--whole-archive)
zephyr/libzephyr.a(tracing_none.c.obj)
                              (--whole-archive)
zephyr/libzephyr.a(usb_device.c.obj)
                              (--whole-archive)
zephyr/libzephyr.a(usb_descriptor.c.obj)
                              (--whole-archive)
zephyr/libzephyr.a(usb_transfer.c.obj)
                              (--whole-archive)
zephyr/libzephyr.a(cdc_acm.c.obj)
                              (--whole-archive)
zephyr/libzephyr.a(usb_work_q.c.obj)
                              (--whole-archive)
zephyr/libzephyr.a(getline.c.obj)
                              (--whole-archive)
zephyr/arch/common/libarch__common.a(sw_isr_common.c.obj)
                              (--whole-archive)
zephyr/arch/arch/arm/core/libarch__arm__core.a(fatal.c.obj)
                              (--whole-archive)
zephyr/arch/arch/arm/core/libarch__arm__core.a(nmi.c.obj)
                              (--whole-archive)
zephyr/arch/arch/arm/core/libarch__arm__core.a(nmi_on_reset.S.obj)
                              (--whole-archive)
zephyr/arch/arch/arm/core/libarch__arm__core.a(tls.c.obj)
                              (--whole-archive)
zephyr/arch/arch/arm/core/cortex_m/libarch__arm__core__cortex_m.a(exc_exit.S.obj)
                              (--whole-archive)
zephyr/arch/arch/arm/core/cortex_m/libarch__arm__core__cortex_m.a(fault.c.obj)
                              (--whole-archive)
zephyr/arch/arch/arm/core/cortex_m/libarch__arm__core__cortex_m.a(fault_s.S.obj)
                              (--whole-archive)
zephyr/arch/arch/arm/core/cortex_m/libarch__arm__core__cortex_m.a(fpu.c.obj)
                              (--whole-archive)
zephyr/arch/arch/arm/core/cortex_m/libarch__arm__core__cortex_m.a(irq_init.c.obj)
                              (--whole-archive)
zephyr/arch/arch/arm/core/cortex_m/libarch__arm__core__cortex_m.a(reset.S.obj)
                              (--whole-archive)
zephyr/arch/arch/arm/core/cortex_m/libarch__arm__core__cortex_m.a(scb.c.obj)
                              (--whole-archive)
zephyr/arch/arch/arm/core/cortex_m/libarch__arm__core__cortex_m.a(thread_abort.c.obj)
                              (--whole-archive)
zephyr/arch/arch/arm/core/cortex_m/libarch__arm__core__cortex_m.a(vector_table.S.obj)
                              (--whole-archive)
zephyr/arch/arch/arm/core/cortex_m/libarch__arm__core__cortex_m.a(swap.c.obj)
                              (--whole-archive)
zephyr/arch/arch/arm/core/cortex_m/libarch__arm__core__cortex_m.a(swap_helper.S.obj)
                              (--whole-archive)
zephyr/arch/arch/arm/core/cortex_m/libarch__arm__core__cortex_m.a(irq_manage.c.obj)
                              (--whole-archive)
zephyr/arch/arch/arm/core/cortex_m/libarch__arm__core__cortex_m.a(prep_c.c.obj)
                              (--whole-archive)
zephyr/arch/arch/arm/core/cortex_m/libarch__arm__core__cortex_m.a(thread.c.obj)
                              (--whole-archive)
zephyr/arch/arch/arm/core/cortex_m/libarch__arm__core__cortex_m.a(cpu_idle.S.obj)
                              (--whole-archive)
zephyr/arch/arch/arm/core/cortex_m/libarch__arm__core__cortex_m.a(isr_wrapper.S.obj)
                              (--whole-archive)
zephyr/arch/arch/arm/core/cortex_m/libarch__arm__core__cortex_m.a(__aeabi_read_tp.S.obj)
                              (--whole-archive)
zephyr/lib/libc/picolibc/liblib__libc__picolibc.a(libc-hooks.c.obj)
                              (--whole-archive)
zephyr/lib/libc/common/liblib__libc__common.a(abort.c.obj)
                              (--whole-archive)
[...]
Memory Configuration

Name             Origin             Length             Attributes
BOOT_FLASH       0x0000000010000000 0x0000000000000100 r
FLASH            0x0000000010000100 0x00000000001fff00 xr
RAM              0x0000000020000000 0x0000000000042000 xw
IDT_LIST         0x00000000fffff7ff 0x0000000000000800 xw
*default*        0x0000000000000000 0xffffffffffffffff

Linker script and memory map

                0x0000000010004594                vfprintf = __i_vfprintf
                0x0000000000000000                vfscanf = __i_vfscanf
LOAD zephyr/CMakeFiles/zephyr_pre0.dir/misc/empty_file.c.obj
LOAD zephyr/CMakeFiles/offsets.dir/./arch/arm/core/offsets/offsets.c.obj
LOAD app/libapp.a
LOAD zephyr/libzephyr.a
LOAD zephyr/arch/common/libarch__common.a
LOAD zephyr/arch/arch/arm/core/libarch__arm__core.a
LOAD zephyr/arch/arch/arm/core/cortex_m/libarch__arm__core__cortex_m.a
LOAD zephyr/lib/libc/picolibc/liblib__libc__picolibc.a
LOAD zephyr/lib/libc/common/liblib__libc__common.a
LOAD zephyr/soc/soc/arm/rpi_pico/rp2/libsoc__arm__rpi_pico__rp2.a
LOAD zephyr/drivers/usb/device/libdrivers__usb__device.a
LOAD zephyr/drivers/console/libdrivers__console.a
LOAD zephyr/drivers/gpio/libdrivers__gpio.a
LOAD zephyr/drivers/hwinfo/libdrivers__hwinfo.a
LOAD zephyr/drivers/pinctrl/libdrivers__pinctrl.a
LOAD zephyr/drivers/reset/libdrivers__reset.a
LOAD zephyr/drivers/serial/libdrivers__serial.a
LOAD zephyr/drivers/timer/libdrivers__timer.a
LOAD modules/hal_rpi_pico/libmodules__hal_rpi_pico.a
LOAD zephyr/kernel/libkernel.a
LOAD c:/ncs/toolchains/cf2149caf2/opt/zephyr-sdk/arm-zephyr-eabi/bin/../lib/gcc/arm-zephyr-eabi/12.2.0/thumb/v6-m/nofp\libgcc.a
LOAD zephyr/arch/common/libisr_tables.a
LOAD c:\ncs\toolchains\cf2149caf2\opt\zephyr-sdk\arm-zephyr-eabi\bin\../lib/gcc/../../picolibc/arm-zephyr-eabi/lib/thumb/v6-m/nofp\libc.a
LOAD c:/ncs/toolchains/cf2149caf2/opt/zephyr-sdk/arm-zephyr-eabi/bin/../lib/gcc/arm-zephyr-eabi/12.2.0/thumb/v6-m/nofp\libgcc.a

.boot2          0x0000000010000000      0x100
 *(SORT_BY_ALIGNMENT(.boot2))
 .boot2         0x0000000010000000      0x100 modules/hal_rpi_pico/libmodules__hal_rpi_pico.a(boot_stage2.S.obj)
                0x0000000000000004                _region_min_align = 0x4

.rel.plt        0x0000000010000100        0x0
 *(SORT_BY_ALIGNMENT(.rel.plt))
                [!provide]                        PROVIDE (__rel_iplt_start = .)
 *(SORT_BY_ALIGNMENT(.rel.iplt))
 .rel.iplt      0x0000000010000100        0x0 app/libapp.a(main.c.obj)
                [!provide]                        PROVIDE (__rel_iplt_end = .)

.rela.plt       0x0000000010000100        0x0
 *(SORT_BY_ALIGNMENT(.rela.plt))
                [!provide]                        PROVIDE (__rela_iplt_start = .)
 *(SORT_BY_ALIGNMENT(.rela.iplt))
                [!provide]                        PROVIDE (__rela_iplt_end = .)

.rel.dyn
 *(SORT_BY_ALIGNMENT(.rel.*))

.rela.dyn
 *(SORT_BY_ALIGNMENT(.rela.*))

/DISCARD/
 *(SORT_BY_ALIGNMENT(.plt))

/DISCARD/
 *(SORT_BY_ALIGNMENT(.iplt))
                0x0000000010000100                __rom_region_start = 0x10000100

rom_start       0x0000000010000100       0xa8
                0x0000000010000100                __rom_start_address = .
 FILL mask 0x00
                0x0000000010000100                . = (. + (0x0 - (. - __rom_start_address)))
                0x0000000010000100                . = ALIGN (0x4)
                0x0000000010000100                . = ALIGN (0x100)
                0x0000000010000100                . = ALIGN (0x100)
                0x0000000010000100                _vector_start = .
 *(SORT_BY_ALIGNMENT(.exc_vector_table))
 *(SORT_BY_ALIGNMENT(.exc_vector_table.*))
 .exc_vector_table._vector_table_section
                0x0000000010000100       0x40 zephyr/arch/arch/arm/core/cortex_m/libarch__arm__core__cortex_m.a(vector_table.S.obj)
                0x0000000010000100                _vector_table
 *(SORT_BY_ALIGNMENT(.vectors))
                0x00000000100001a8                _vector_end = .
                0x0000000010000140                . = ALIGN (0x4)
 *(SORT_BY_ALIGNMENT(.gnu.linkonce.irq_vector_table*))
 .gnu.linkonce.irq_vector_table
                0x0000000010000140       0x68 zephyr/arch/common/libisr_tables.a(isr_tables.c.obj)
                0x0000000010000140                _irq_vector_table
                0x00000000100001a8                _vector_end = .

text            0x00000000100001a8     0x6110
                0x00000000100001a8                __text_region_start = .
 *(SORT_BY_ALIGNMENT(.text))
 .text          0x00000000100001a8       0x14 c:/ncs/toolchains/cf2149caf2/opt/zephyr-sdk/arm-zephyr-eabi/bin/../lib/gcc/arm-zephyr-eabi/12.2.0/thumb/v6-m/nofp\libgcc.a(_thumb1_case_uqi.o)
                0x00000000100001a8                __gnu_thumb1_case_uqi
 .text          0x00000000100001bc       0x8c c:/ncs/toolchains/cf2149caf2/opt/zephyr-sdk/arm-zephyr-eabi/bin/../lib/gcc/arm-zephyr-eabi/12.2.0/thumb/v6-m/nofp\libgcc.a(_udivsi3.o)
                0x00000000100001bc                __aeabi_uidiv
                0x00000000100001bc                __udivsi3
                0x0000000010000234                __aeabi_uidivmod
 .text          0x0000000010000248       0xa8 c:/ncs/toolchains/cf2149caf2/opt/zephyr-sdk/arm-zephyr-eabi/bin/../lib/gcc/arm-zephyr-eabi/12.2.0/thumb/v6-m/nofp\libgcc.a(_divsi3.o)
                0x0000000010000248                __divsi3
                0x0000000010000248                __aeabi_idiv
                0x00000000100002dc                __aeabi_idivmod
 .text          0x00000000100002f0        0x4 c:/ncs/toolchains/cf2149caf2/opt/zephyr-sdk/arm-zephyr-eabi/bin/../lib/gcc/arm-zephyr-eabi/12.2.0/thumb/v6-m/nofp\libgcc.a(_dvmd_tls.o)
                0x00000000100002f0                __aeabi_idiv0
                0x00000000100002f0                __aeabi_ldiv0
 .text          0x00000000100002f4       0x3c c:/ncs/toolchains/cf2149caf2/opt/zephyr-sdk/arm-zephyr-eabi/bin/../lib/gcc/arm-zephyr-eabi/12.2.0/thumb/v6-m/nofp\libgcc.a(_clzsi2.o)
                0x00000000100002f4                __clzsi2
 .text          0x0000000010000330       0x40 c:/ncs/toolchains/cf2149caf2/opt/zephyr-sdk/arm-zephyr-eabi/bin/../lib/gcc/arm-zephyr-eabi/12.2.0/thumb/v6-m/nofp\libgcc.a(_ctzsi2.o)
                0x0000000010000330                __ctzsi2
 .text          0x0000000010000370       0x40 c:/ncs/toolchains/cf2149caf2/opt/zephyr-sdk/arm-zephyr-eabi/bin/../lib/gcc/arm-zephyr-eabi/12.2.0/thumb/v6-m/nofp\libgcc.a(_aeabi_uldivmod.o)
                0x0000000010000370                __aeabi_uldivmod
 .text          0x00000000100003b0       0x18 c:/ncs/toolchains/cf2149caf2/opt/zephyr-sdk/arm-zephyr-eabi/bin/../lib/gcc/arm-zephyr-eabi/12.2.0/thumb/v6-m/nofp\libgcc.a(_lshrdi3.o)
                0x00000000100003b0                __lshrdi3
                0x00000000100003b0                __aeabi_llsr
 .text          0x00000000100003c8       0x18 c:/ncs/toolchains/cf2149caf2/opt/zephyr-sdk/arm-zephyr-eabi/bin/../lib/gcc/arm-zephyr-eabi/12.2.0/thumb/v6-m/nofp\libgcc.a(_ashldi3.o)
                0x00000000100003c8                __aeabi_llsl
                0x00000000100003c8                __ashldi3
 .text          0x00000000100003e0       0x18 c:/ncs/toolchains/cf2149caf2/opt/zephyr-sdk/arm-zephyr-eabi/bin/../lib/gcc/arm-zephyr-eabi/12.2.0/thumb/v6-m/nofp\libgcc.a(_clzdi2.o)
                0x00000000100003e0                __clzdi2
 .text          0x00000000100003f8       0x44 c:/ncs/toolchains/cf2149caf2/opt/zephyr-sdk/arm-zephyr-eabi/bin/../lib/gcc/arm-zephyr-eabi/12.2.0/thumb/v6-m/nofp\libgcc.a(_muldi3.o)
                0x00000000100003f8                __muldi3
                0x00000000100003f8                __aeabi_lmul
 .text          0x000000001000043c       0xde c:/ncs/toolchains/cf2149caf2/opt/zephyr-sdk/arm-zephyr-eabi/bin/../lib/gcc/arm-zephyr-eabi/12.2.0/thumb/v6-m/nofp\libgcc.a(_udivmoddi4.o)
                0x000000001000043c                __udivmoddi4
 .text          0x000000001000051a       0x14 c:\ncs\toolchains\cf2149caf2\opt\zephyr-sdk\arm-zephyr-eabi\bin\../lib/gcc/../../picolibc/arm-zephyr-eabi/lib/thumb/v6-m/nofp\libc.a(strcmp.S.o)
                0x000000001000051a                strcmp
 .text          0x000000001000052e        0xe c:\ncs\toolchains\cf2149caf2\opt\zephyr-sdk\arm-zephyr-eabi\bin\../lib/gcc/../../picolibc/arm-zephyr-eabi/lib/thumb/v6-m/nofp\libc.a(strlen.S.o)
                0x000000001000052e                strlen
 *(SORT_BY_ALIGNMENT(.text.*))
 .text.gpio_pin_set_dt.constprop.0.isra.0
                0x000000001000053c       0x2c app/libapp.a(main.c.obj)
 .text.blink_thread
                0x0000000010000568       0x24 app/libapp.a(main.c.obj)
                0x0000000010000568                blink_thread
 .text.main     0x000000001000058c      0x1a0 app/libapp.a(main.c.obj)
                0x000000001000058c                main
 .text.char_out
                0x000000001000072c       0x10 zephyr/libzephyr.a(printk.c.obj)
 .text.__printk_hook_install
                0x000000001000073c        0xc zephyr/libzephyr.a(printk.c.obj)
                0x000000001000073c                __printk_hook_install
 .text.vprintk  0x0000000010000748       0x30 zephyr/libzephyr.a(printk.c.obj)
                0x0000000010000748                vprintk
 .text.z_thread_entry
                0x0000000010000778       0x30 zephyr/libzephyr.a(thread_entry.c.obj)
                0x0000000010000778                z_thread_entry
 .text.class_handler
                0x00000000100007a8       0x48 zephyr/libzephyr.a(usb_device.c.obj)
 .text.custom_handler
                0x00000000100007f0       0x5c zephyr/libzephyr.a(usb_device.c.obj)
 .text.vendor_handler
                0x000000001000084c       0x38 zephyr/libzephyr.a(usb_device.c.obj)
 .text.disable_endpoint
                0x0000000010000884       0x28 zephyr/libzephyr.a(usb_device.c.obj)
 .text.usb_reset_alt_setting
                0x00000000100008ac       0x14 zephyr/libzephyr.a(usb_device.c.obj)
 .text.is_ep_valid.part.0
                0x00000000100008c0       0x34 zephyr/libzephyr.a(usb_device.c.obj)
 .text.usb_handle_request.constprop.0
                0x00000000100008f4       0x30 zephyr/libzephyr.a(usb_device.c.obj)
 .text.forward_status_cb
                0x0000000010000924       0xa8 zephyr/libzephyr.a(usb_device.c.obj)
 .text.usb_halt_endpoint_req.isra.0
                0x00000000100009cc       0x58 zephyr/libzephyr.a(usb_device.c.obj)
 .text.set_endpoint
                0x0000000010000a24       0x8c zephyr/libzephyr.a(usb_device.c.obj)
 .text.usb_handle_standard_request
                0x0000000010000ab0      0x2b4 zephyr/libzephyr.a(usb_device.c.obj)
 .text.usb_data_to_host
                0x0000000010000d64       0x5c zephyr/libzephyr.a(usb_device.c.obj)
 .text.usb_handle_control_transfer
                0x0000000010000dc0       0xdc zephyr/libzephyr.a(usb_device.c.obj)
 .text.usb_set_config
                0x0000000010000e9c       0x2c zephyr/libzephyr.a(usb_device.c.obj)
                0x0000000010000e9c                usb_set_config
 .text.usb_device_init
                0x0000000010000ec8       0x28 zephyr/libzephyr.a(usb_device.c.obj)
 .text.usb_enable
                0x0000000010000ef0      0x120 zephyr/libzephyr.a(usb_device.c.obj)
                0x0000000010000ef0                usb_enable
 .text.usb_update_sn_string_descriptor
                0x0000000010001010       0x74 zephyr/libzephyr.a(usb_descriptor.c.obj)
                0x0000000010001010                usb_update_sn_string_descriptor
 .text.usb_get_device_descriptor
                0x0000000010001084      0x1d4 zephyr/libzephyr.a(usb_descriptor.c.obj)
                0x0000000010001084                usb_get_device_descriptor
 .text.usb_ep_get_transfer
                0x0000000010001258       0x2c zephyr/libzephyr.a(usb_transfer.c.obj)
 .text.usb_transfer_work
                0x0000000010001284       0xe8 zephyr/libzephyr.a(usb_transfer.c.obj)
 .text.usb_transfer_ep_callback
                0x000000001000136c       0x54 zephyr/libzephyr.a(usb_transfer.c.obj)
                0x000000001000136c                usb_transfer_ep_callback
 .text.usb_transfer
                0x00000000100013c0       0xe0 zephyr/libzephyr.a(usb_transfer.c.obj)
                0x00000000100013c0                usb_transfer
 .text.usb_cancel_transfer
                0x00000000100014a0       0x34 zephyr/libzephyr.a(usb_transfer.c.obj)
                0x00000000100014a0                usb_cancel_transfer
 .text.usb_cancel_transfers
                0x00000000100014d4       0x40 zephyr/libzephyr.a(usb_transfer.c.obj)
                0x00000000100014d4                usb_cancel_transfers
 .text.usb_transfer_init
                0x0000000010001514       0x30 zephyr/libzephyr.a(usb_transfer.c.obj)
                0x0000000010001514                usb_transfer_init
 .text.cdc_acm_int_in
                0x0000000010001544       0x1c zephyr/libzephyr.a(cdc_acm.c.obj)
 .text.cdc_acm_irq_rx_enable
                0x0000000010001560       0x2c zephyr/libzephyr.a(cdc_acm.c.obj)
 .text.cdc_acm_irq_tx_enable
                0x000000001000158c       0x2c zephyr/libzephyr.a(cdc_acm.c.obj)
 .text.cdc_acm_fifo_fill
                0x00000000100015b8       0x40 zephyr/libzephyr.a(cdc_acm.c.obj)
 .text.cdc_acm_poll_out
                0x00000000100015f8       0x68 zephyr/libzephyr.a(cdc_acm.c.obj)
 .text.tx_work_handler
                0x0000000010001660       0x64 zephyr/libzephyr.a(cdc_acm.c.obj)
 .text.cdc_acm_class_handle_req
                0x00000000100016c4       0x58 zephyr/libzephyr.a(cdc_acm.c.obj)
                0x00000000100016c4                cdc_acm_class_handle_req
 .text.cdc_acm_reset_port
                0x000000001000171c       0x38 zephyr/libzephyr.a(cdc_acm.c.obj)
 .text.cdc_acm_write_cb
                0x0000000010001754       0x48 zephyr/libzephyr.a(cdc_acm.c.obj)
 .text.cdc_acm_init
                0x000000001000179c       0x48 zephyr/libzephyr.a(cdc_acm.c.obj)
 .text.cdc_acm_send_notification.isra.0
                0x00000000100017e4       0x48 zephyr/libzephyr.a(cdc_acm.c.obj)
 .text.cdc_acm_read_cb
                0x000000001000182c       0x74 zephyr/libzephyr.a(cdc_acm.c.obj)
 .text.cdc_acm_dev_status_cb
                0x00000000100018a0       0x8c zephyr/libzephyr.a(cdc_acm.c.obj)
 .text.z_usb_work_q_init
                0x000000001000192c       0x30 zephyr/libzephyr.a(usb_work_q.c.obj)
 .text.console_getline
                0x000000001000195c       0x30 zephyr/libzephyr.a(getline.c.obj)
                0x000000001000195c                console_getline
 .text.console_getline_init
                0x000000001000198c       0x30 zephyr/libzephyr.a(getline.c.obj)
                0x000000001000198c                console_getline_init
 .text.z_SysNmiOnReset
                0x00000000100019bc        0x4 zephyr/arch/arch/arm/core/libarch__arm__core.a(nmi_on_reset.S.obj)
                0x00000000100019bc                z_SysNmiOnReset
 .text.arch_tls_stack_setup
                0x00000000100019c0       0x68 zephyr/arch/arch/arm/core/libarch__arm__core.a(tls.c.obj)
                0x00000000100019c0                arch_tls_stack_setup
 .text._HandlerModeExit
                0x0000000010001a28       0x20 zephyr/arch/arch/arm/core/cortex_m/libarch__arm__core__cortex_m.a(exc_exit.S.obj)
                0x0000000010001a28                z_arm_int_exit
                0x0000000010001a28                z_arm_exc_exit
 .text.z_arm_fault
                0x0000000010001a48       0xa8 zephyr/arch/arch/arm/core/cortex_m/libarch__arm__core__cortex_m.a(fault.c.obj)
                0x0000000010001a48                z_arm_fault
 .text.__fault  0x0000000010001af0       0x14 zephyr/arch/arch/arm/core/cortex_m/libarch__arm__core__cortex_m.a(fault_s.S.obj)
                0x0000000010001af0                z_arm_hard_fault
                0x0000000010001af0                z_arm_exc_spurious
 .text.z_arm_interrupt_init
                0x0000000010001b04       0x30 zephyr/arch/arch/arm/core/cortex_m/libarch__arm__core__cortex_m.a(irq_init.c.obj)
                0x0000000010001b04                z_arm_interrupt_init
 .text._reset_section
                0x0000000010001b34       0x28 zephyr/arch/arch/arm/core/cortex_m/libarch__arm__core__cortex_m.a(reset.S.obj)
                0x0000000010001b34                __start
                0x0000000010001b34                z_arm_reset
 .text.z_impl_k_thread_abort
                0x0000000010001b5c       0x38 zephyr/arch/arch/arm/core/cortex_m/libarch__arm__core__cortex_m.a(thread_abort.c.obj)
                0x0000000010001b5c                z_impl_k_thread_abort
 .text.arch_swap
                0x0000000010001b94       0x30 zephyr/arch/arch/arm/core/cortex_m/libarch__arm__core__cortex_m.a(swap.c.obj)
                0x0000000010001b94                arch_swap
 .text.z_arm_pendsv
                0x0000000010001bc4       0x70 zephyr/arch/arch/arm/core/cortex_m/libarch__arm__core__cortex_m.a(swap_helper.S.obj)
                0x0000000010001bc4                z_arm_pendsv
 .text.z_arm_svc
                0x0000000010001c34       0x24 zephyr/arch/arch/arm/core/cortex_m/libarch__arm__core__cortex_m.a(swap_helper.S.obj)
                0x0000000010001c34                z_arm_svc
 .text.arch_irq_enable
                0x0000000010001c58       0x18 zephyr/arch/arch/arm/core/cortex_m/libarch__arm__core__cortex_m.a(irq_manage.c.obj)
                0x0000000010001c58                arch_irq_enable
 .text.arch_irq_disable
                0x0000000010001c70       0x20 zephyr/arch/arch/arm/core/cortex_m/libarch__arm__core__cortex_m.a(irq_manage.c.obj)
                0x0000000010001c70                arch_irq_disable
 .text.z_arm_irq_priority_set
                0x0000000010001c90       0x54 zephyr/arch/arch/arm/core/cortex_m/libarch__arm__core__cortex_m.a(irq_manage.c.obj)
                0x0000000010001c90                z_arm_irq_priority_set
 .text.z_arm_prep_c
                0x0000000010001ce4       0x2c zephyr/arch/arch/arm/core/cortex_m/libarch__arm__core__cortex_m.a(prep_c.c.obj)
                0x0000000010001ce4                z_arm_prep_c
 .text.arch_new_thread
                0x0000000010001d10       0x2c zephyr/arch/arch/arm/core/cortex_m/libarch__arm__core__cortex_m.a(thread.c.obj)
                0x0000000010001d10                arch_new_thread
 .text.arch_switch_to_main_thread
                0x0000000010001d3c       0x28 zephyr/arch/arch/arm/core/cortex_m/libarch__arm__core__cortex_m.a(thread.c.obj)
                0x0000000010001d3c                arch_switch_to_main_thread
 .text.z_arm_cpu_idle_init
                0x0000000010001d64        0xc zephyr/arch/arch/arm/core/cortex_m/libarch__arm__core__cortex_m.a(cpu_idle.S.obj)
                0x0000000010001d64                z_arm_cpu_idle_init
 .text.arch_cpu_idle
                0x0000000010001d70       0x10 zephyr/arch/arch/arm/core/cortex_m/libarch__arm__core__cortex_m.a(cpu_idle.S.obj)
                0x0000000010001d70                arch_cpu_idle
 .text._isr_wrapper
                0x0000000010001d80       0x28 zephyr/arch/arch/arm/core/cortex_m/libarch__arm__core__cortex_m.a(isr_wrapper.S.obj)
                0x0000000010001d80                _isr_wrapper
 .text.z_impl_zephyr_fputc
                0x0000000010001da8       0x10 zephyr/lib/libc/picolibc/liblib__libc__picolibc.a(libc-hooks.c.obj)
                0x0000000010001da8                z_impl_zephyr_fputc
 .text.__stdout_hook_install
                0x0000000010001db8       0x18 zephyr/lib/libc/picolibc/liblib__libc__picolibc.a(libc-hooks.c.obj)
                0x0000000010001db8                __stdout_hook_install
 .text.abort    0x0000000010001dd0       0x14 zephyr/lib/libc/common/liblib__libc__common.a(abort.c.obj)
                0x0000000010001dd0                abort
 .text.malloc_prepare
                0x0000000010001de4       0x24 zephyr/lib/libc/common/liblib__libc__common.a(malloc.c.obj)
 .text.rp2040_init
                0x0000000010001e08       0x48 zephyr/soc/soc/arm/rpi_pico/rp2/libsoc__arm__rpi_pico__rp2.a(soc.c.obj)
 .text.udc_rpi_get_ep_state
                0x0000000010001e50       0x2c zephyr/drivers/usb/device/libdrivers__usb__device.a(usb_dc_rpi_pico.c.obj)
 .text.udc_rpi_cancel_endpoint
                0x0000000010001e7c       0x6c zephyr/drivers/usb/device/libdrivers__usb__device.a(usb_dc_rpi_pico.c.obj)
 .text.usb_rpi_init
                0x0000000010001ee8       0x5c zephyr/drivers/usb/device/libdrivers__usb__device.a(usb_dc_rpi_pico.c.obj)
 .text.k_msgq_put.constprop.0.isra.0
                0x0000000010001f44       0x14 zephyr/drivers/usb/device/libdrivers__usb__device.a(usb_dc_rpi_pico.c.obj)
 .text.udc_rpi_handle_resume
                0x0000000010001f58       0x2c zephyr/drivers/usb/device/libdrivers__usb__device.a(usb_dc_rpi_pico.c.obj)
 .text.udc_rpi_thread_main
                0x0000000010001f84       0x60 zephyr/drivers/usb/device/libdrivers__usb__device.a(usb_dc_rpi_pico.c.obj)
 .text.udc_rpi_isr
                0x0000000010001fe4      0x1e0 zephyr/drivers/usb/device/libdrivers__usb__device.a(usb_dc_rpi_pico.c.obj)
 .text.usb_dc_attach
                0x00000000100021c4       0xd4 zephyr/drivers/usb/device/libdrivers__usb__device.a(usb_dc_rpi_pico.c.obj)
                0x00000000100021c4                usb_dc_attach
 .text.usb_dc_set_status_callback
                0x0000000010002298        0xc zephyr/drivers/usb/device/libdrivers__usb__device.a(usb_dc_rpi_pico.c.obj)
                0x0000000010002298                usb_dc_set_status_callback
 .text.usb_dc_set_address
                0x00000000100022a4       0x1c zephyr/drivers/usb/device/libdrivers__usb__device.a(usb_dc_rpi_pico.c.obj)
                0x00000000100022a4                usb_dc_set_address
 .text.usb_dc_ep_set_stall
                0x00000000100022c0       0x50 zephyr/drivers/usb/device/libdrivers__usb__device.a(usb_dc_rpi_pico.c.obj)
                0x00000000100022c0                usb_dc_ep_set_stall
 .text.usb_dc_ep_enable
                0x0000000010002310       0x54 zephyr/drivers/usb/device/libdrivers__usb__device.a(usb_dc_rpi_pico.c.obj)
                0x0000000010002310                usb_dc_ep_enable
 .text.usb_dc_ep_write
                0x0000000010002364       0xac zephyr/drivers/usb/device/libdrivers__usb__device.a(usb_dc_rpi_pico.c.obj)
                0x0000000010002364                usb_dc_ep_write
 .text.usb_dc_ep_read_wait
                0x0000000010002410       0x90 zephyr/drivers/usb/device/libdrivers__usb__device.a(usb_dc_rpi_pico.c.obj)
                0x0000000010002410                usb_dc_ep_read_wait
 .text.usb_dc_ep_read_continue
                0x00000000100024a0       0x84 zephyr/drivers/usb/device/libdrivers__usb__device.a(usb_dc_rpi_pico.c.obj)
                0x00000000100024a0                usb_dc_ep_read_continue
 .text.z_impl_uart_irq_rx_disable.constprop.0
                0x0000000010002524       0x14 zephyr/drivers/console/libdrivers__console.a(uart_console.c.obj)
 .text.uart_poll_out.constprop.0
                0x0000000010002538       0x14 zephyr/drivers/console/libdrivers__console.a(uart_console.c.obj)
 .text.uart_console_init
                0x000000001000254c       0x2c zephyr/drivers/console/libdrivers__console.a(uart_console.c.obj)
 .text.del_char
                0x0000000010002578       0x50 zephyr/drivers/console/libdrivers__console.a(uart_console.c.obj)
 .text.uart_console_isr
                0x00000000100025c8      0x350 zephyr/drivers/console/libdrivers__console.a(uart_console.c.obj)
 .text.uart_register_input
                0x0000000010002918       0x74 zephyr/drivers/console/libdrivers__console.a(uart_console.c.obj)
                0x0000000010002918                uart_register_input
 .text.gpio_rpi_isr
                0x000000001000298c       0x64 zephyr/drivers/gpio/libdrivers__gpio.a(gpio_rpi_pico.c.obj)
 .text.uart_rpi_irq_err_disable
                0x00000000100029f0       0x14 zephyr/drivers/serial/libdrivers__serial.a(uart_rpi_pico.c.obj)
 .text.uart_rpi_set_format.isra.0
                0x0000000010002a04       0x58 zephyr/drivers/serial/libdrivers__serial.a(uart_rpi_pico.c.obj)
 .text.elapsed  0x0000000010002a5c       0x54 zephyr/drivers/timer/libdrivers__timer.a(cortex_m_systick.c.obj)
 .text.sys_clock_driver_init
                0x0000000010002ab0       0x40 zephyr/drivers/timer/libdrivers__timer.a(cortex_m_systick.c.obj)
 .text.sys_clock_isr
                0x0000000010002af0       0x58 zephyr/drivers/timer/libdrivers__timer.a(cortex_m_systick.c.obj)
                0x0000000010002af0                sys_clock_isr
 .text.sys_clock_set_timeout
                0x0000000010002b48      0x118 zephyr/drivers/timer/libdrivers__timer.a(cortex_m_systick.c.obj)
                0x0000000010002b48                sys_clock_set_timeout
 .text.sys_clock_elapsed
                0x0000000010002c60       0x38 zephyr/drivers/timer/libdrivers__timer.a(cortex_m_systick.c.obj)
                0x0000000010002c60                sys_clock_elapsed
 .text.sys_clock_cycle_get_32
                0x0000000010002c98       0x24 zephyr/drivers/timer/libdrivers__timer.a(cortex_m_systick.c.obj)
                0x0000000010002c98                sys_clock_cycle_get_32
 .text.clock_configure
                0x0000000010002cbc       0xe8 modules/hal_rpi_pico/libmodules__hal_rpi_pico.a(clocks.c.obj)
                0x0000000010002cbc                clock_configure
 .text.clocks_init
                0x0000000010002da4       0xf4 modules/hal_rpi_pico/libmodules__hal_rpi_pico.a(clocks.c.obj)
                0x0000000010002da4                clocks_init
 .text.clock_get_hz
                0x0000000010002e98        0xc modules/hal_rpi_pico/libmodules__hal_rpi_pico.a(clocks.c.obj)
                0x0000000010002e98                clock_get_hz
 .text.pll_init
                0x0000000010002ea4       0xcc modules/hal_rpi_pico/libmodules__hal_rpi_pico.a(pll.c.obj)
                0x0000000010002ea4                pll_init
 .text.xosc_init
                0x0000000010002f70       0x28 modules/hal_rpi_pico/libmodules__hal_rpi_pico.a(xosc.c.obj)
                0x0000000010002f70                xosc_init
 .text.watchdog_start_tick
                0x0000000010002f98       0x10 modules/hal_rpi_pico/libmodules__hal_rpi_pico.a(watchdog.c.obj)
                0x0000000010002f98                watchdog_start_tick
 .text.running_on_fpga
                0x0000000010002fa8       0x10 modules/hal_rpi_pico/libmodules__hal_rpi_pico.a(platform.c.obj)
                0x0000000010002fa8                running_on_fpga
 .text.rp2040_chip_version
                0x0000000010002fb8       0x28 modules/hal_rpi_pico/libmodules__hal_rpi_pico.a(platform.c.obj)
                0x0000000010002fb8                rp2040_chip_version
 .text.gpio_set_function
                0x0000000010002fe0       0x2c modules/hal_rpi_pico/libmodules__hal_rpi_pico.a(gpio.c.obj)
                0x0000000010002fe0                gpio_set_function
 .text.gpio_set_pulls
                0x000000001000300c       0x24 modules/hal_rpi_pico/libmodules__hal_rpi_pico.a(gpio.c.obj)
                0x000000001000300c                gpio_set_pulls
 .text.gpio_set_input_hysteresis_enabled
                0x0000000010003030       0x1c modules/hal_rpi_pico/libmodules__hal_rpi_pico.a(gpio.c.obj)
                0x0000000010003030                gpio_set_input_hysteresis_enabled
 .text.gpio_set_slew_rate
                0x000000001000304c       0x1c modules/hal_rpi_pico/libmodules__hal_rpi_pico.a(gpio.c.obj)
                0x000000001000304c                gpio_set_slew_rate
 .text.gpio_set_drive_strength
                0x0000000010003068       0x20 modules/hal_rpi_pico/libmodules__hal_rpi_pico.a(gpio.c.obj)
                0x0000000010003068                gpio_set_drive_strength
 .text.gpio_acknowledge_irq
                0x0000000010003088       0x18 modules/hal_rpi_pico/libmodules__hal_rpi_pico.a(gpio.c.obj)
                0x0000000010003088                gpio_acknowledge_irq
 .text.gpio_set_irq_enabled
                0x00000000100030a0       0x44 modules/hal_rpi_pico/libmodules__hal_rpi_pico.a(gpio.c.obj)
                0x00000000100030a0                gpio_set_irq_enabled
 .text.gpio_set_input_enabled
                0x00000000100030e4       0x1c modules/hal_rpi_pico/libmodules__hal_rpi_pico.a(gpio.c.obj)
                0x00000000100030e4                gpio_set_input_enabled
 .text.uart_set_baudrate
                0x0000000010003100       0x5c modules/hal_rpi_pico/libmodules__hal_rpi_pico.a(uart.c.obj)
                0x0000000010003100                uart_set_baudrate
 .text.uart_init
                0x000000001000315c       0x94 modules/hal_rpi_pico/libmodules__hal_rpi_pico.a(uart.c.obj)
                0x000000001000315c                uart_init
 .text.z_impl_k_busy_wait
                0x00000000100031f0       0x38 zephyr/kernel/libkernel.a(busy_wait.c.obj)
                0x00000000100031f0                z_impl_k_busy_wait
 .text.z_fatal_error
                0x0000000010003228       0x28 zephyr/kernel/libkernel.a(fatal.c.obj)
                0x0000000010003228                z_fatal_error
 .text.z_sys_init_run_level
                0x0000000010003250       0x54 zephyr/kernel/libkernel.a(init.c.obj)
 .text.bg_thread_main
                0x00000000100032a4       0x34 zephyr/kernel/libkernel.a(init.c.obj)
 .text.z_bss_zero
                0x00000000100032d8       0x18 zephyr/kernel/libkernel.a(init.c.obj)
                0x00000000100032d8                z_bss_zero
 .text.z_init_cpu
                0x00000000100032f0       0x74 zephyr/kernel/libkernel.a(init.c.obj)
                0x00000000100032f0                z_init_cpu
 .text.z_cstart
                0x0000000010003364       0xb0 zephyr/kernel/libkernel.a(init.c.obj)
                0x0000000010003364                z_cstart
 .text.z_setup_new_thread
                0x0000000010003414       0x70 zephyr/kernel/libkernel.a(thread.c.obj)
                0x0000000010003414                z_setup_new_thread
 .text.z_impl_k_thread_create
                0x0000000010003484       0x58 zephyr/kernel/libkernel.a(thread.c.obj)
                0x0000000010003484                z_impl_k_thread_create
 .text.z_init_static_threads
                0x00000000100034dc       0x7c zephyr/kernel/libkernel.a(thread.c.obj)
                0x00000000100034dc                z_init_static_threads
 .text.z_impl_k_msgq_put
                0x0000000010003558       0x9c zephyr/kernel/libkernel.a(msg_q.c.obj)
                0x0000000010003558                z_impl_k_msgq_put
 .text.z_impl_k_msgq_get
                0x00000000100035f4       0xa8 zephyr/kernel/libkernel.a(msg_q.c.obj)
                0x00000000100035f4                z_impl_k_msgq_get
 .text.z_impl_k_mutex_lock
                0x000000001000369c       0xf0 zephyr/kernel/libkernel.a(mutex.c.obj)
                0x000000001000369c                z_impl_k_mutex_lock
 .text.z_impl_k_mutex_unlock
                0x000000001000378c       0x74 zephyr/kernel/libkernel.a(mutex.c.obj)
                0x000000001000378c                z_impl_k_mutex_unlock
 .text.z_impl_k_queue_get
                0x0000000010003800       0x5c zephyr/kernel/libkernel.a(queue.c.obj)
                0x0000000010003800                z_impl_k_queue_get
 .text.z_impl_k_sem_give
                0x000000001000385c       0x44 zephyr/kernel/libkernel.a(sem.c.obj)
                0x000000001000385c                z_impl_k_sem_give
 .text.z_impl_k_sem_take
                0x00000000100038a0       0x4c zephyr/kernel/libkernel.a(sem.c.obj)
                0x00000000100038a0                z_impl_k_sem_take
 .text.work_queue_main
                0x00000000100038ec      0x124 zephyr/kernel/libkernel.a(work.c.obj)
 .text.submit_to_queue_locked
                0x0000000010003a10       0xd0 zephyr/kernel/libkernel.a(work.c.obj)
 .text.k_work_queue_start
                0x0000000010003ae0       0x7c zephyr/kernel/libkernel.a(work.c.obj)
                0x0000000010003ae0                k_work_queue_start
 .text.k_work_schedule_for_queue
                0x0000000010003b5c       0x50 zephyr/kernel/libkernel.a(work.c.obj)
                0x0000000010003b5c                k_work_schedule_for_queue
 .text.sliceable
                0x0000000010003bac       0x40 zephyr/kernel/libkernel.a(sched.c.obj)
 .text.slice_timeout
                0x0000000010003bec       0x20 zephyr/kernel/libkernel.a(sched.c.obj)
 .text.z_reset_time_slice
                0x0000000010003c0c       0x4c zephyr/kernel/libkernel.a(sched.c.obj)
                0x0000000010003c0c                z_reset_time_slice
 .text.update_cache
                0x0000000010003c58       0x44 zephyr/kernel/libkernel.a(sched.c.obj)
 .text.move_thread_to_end_of_prio_q
                0x0000000010003c9c       0x78 zephyr/kernel/libkernel.a(sched.c.obj)
 .text.ready_thread
                0x0000000010003d14       0x6c zephyr/kernel/libkernel.a(sched.c.obj)
 .text.unready_thread
                0x0000000010003d80       0x2c zephyr/kernel/libkernel.a(sched.c.obj)
 .text.pend_locked
                0x0000000010003dac       0x2c zephyr/kernel/libkernel.a(sched.c.obj)
 .text.z_time_slice
                0x0000000010003dd8       0x58 zephyr/kernel/libkernel.a(sched.c.obj)
                0x0000000010003dd8                z_time_slice
 .text.z_pend_curr
                0x0000000010003e30       0x30 zephyr/kernel/libkernel.a(sched.c.obj)
                0x0000000010003e30                z_pend_curr
 .text.z_set_prio
                0x0000000010003e60       0x8c zephyr/kernel/libkernel.a(sched.c.obj)
                0x0000000010003e60                z_set_prio
 .text.z_reschedule
                0x0000000010003eec       0x2c zephyr/kernel/libkernel.a(sched.c.obj)
                0x0000000010003eec                z_reschedule
 .text.z_sched_start
                0x0000000010003f18       0x34 zephyr/kernel/libkernel.a(sched.c.obj)
                0x0000000010003f18                z_sched_start
 .text.z_impl_k_thread_suspend
                0x0000000010003f4c       0x58 zephyr/kernel/libkernel.a(sched.c.obj)
                0x0000000010003f4c                z_impl_k_thread_suspend
 .text.k_sched_lock
                0x0000000010003fa4       0x20 zephyr/kernel/libkernel.a(sched.c.obj)
                0x0000000010003fa4                k_sched_lock
 .text.k_sched_unlock
                0x0000000010003fc4       0x2c zephyr/kernel/libkernel.a(sched.c.obj)
                0x0000000010003fc4                k_sched_unlock
 .text.z_sched_init
                0x0000000010003ff0       0x14 zephyr/kernel/libkernel.a(sched.c.obj)
                0x0000000010003ff0                z_sched_init
 .text.z_impl_k_yield
                0x0000000010004004       0x78 zephyr/kernel/libkernel.a(sched.c.obj)
                0x0000000010004004                z_impl_k_yield
 .text.z_tick_sleep
                0x000000001000407c       0x8c zephyr/kernel/libkernel.a(sched.c.obj)
 .text.z_impl_k_sleep
                0x0000000010004108       0x30 zephyr/kernel/libkernel.a(sched.c.obj)
                0x0000000010004108                z_impl_k_sleep
 .text.z_impl_k_sched_current_thread_query
                0x0000000010004138        0xc zephyr/kernel/libkernel.a(sched.c.obj)
                0x0000000010004138                z_impl_k_sched_current_thread_query
 .text.z_thread_abort
                0x0000000010004144       0xb8 zephyr/kernel/libkernel.a(sched.c.obj)
                0x0000000010004144                z_thread_abort
 .text.z_sched_wait
                0x00000000100041fc       0x24 zephyr/kernel/libkernel.a(sched.c.obj)
                0x00000000100041fc                z_sched_wait
 .text.z_data_copy
                0x0000000010004220       0x34 zephyr/kernel/libkernel.a(xip.c.obj)
                0x0000000010004220                z_data_copy
 .text.elapsed  0x0000000010004254       0x18 zephyr/kernel/libkernel.a(timeout.c.obj)
 .text.next_timeout
                0x000000001000426c       0x44 zephyr/kernel/libkernel.a(timeout.c.obj)
 .text.remove_timeout
                0x00000000100042b0       0x38 zephyr/kernel/libkernel.a(timeout.c.obj)
 .text.z_add_timeout
                0x00000000100042e8       0xdc zephyr/kernel/libkernel.a(timeout.c.obj)
                0x00000000100042e8                z_add_timeout
 .text.sys_clock_announce
                0x00000000100043c4       0xdc zephyr/kernel/libkernel.a(timeout.c.obj)
                0x00000000100043c4                sys_clock_announce
 .text.sys_clock_tick_get
                0x00000000100044a0       0x2c zephyr/kernel/libkernel.a(timeout.c.obj)
                0x00000000100044a0                sys_clock_tick_get
 .text.z_thread_aligned_alloc
                0x00000000100044cc       0x48 zephyr/kernel/libkernel.a(mempool.c.obj)
                0x00000000100044cc                z_thread_aligned_alloc
 .text.boot_banner
                0x0000000010004514       0x10 zephyr/kernel/libkernel.a(banner.c.obj)
                0x0000000010004514                boot_banner
 .text.statics_init
                0x0000000010004524       0x24 zephyr/kernel/libkernel.a(kheap.c.obj)
 .text.k_sys_work_q_init
                0x0000000010004548       0x34 zephyr/kernel/libkernel.a(system_work_q.c.obj)
 .text.__assert_no_args
                0x000000001000457c       0x18 c:\ncs\toolchains\cf2149caf2\opt\zephyr-sdk\arm-zephyr-eabi\bin\../lib/gcc/../../picolibc/arm-zephyr-eabi/lib/thumb/v6-m/nofp\libc.a(libc_stdlib_assert_no_arg.c.o)
                0x000000001000457c                __assert_no_args
 .text.__i_vfprintf
                0x0000000010004594      0x470 c:\ncs\toolchains\cf2149caf2\opt\zephyr-sdk\arm-zephyr-eabi\bin\../lib/gcc/../../picolibc/arm-zephyr-eabi/lib/thumb/v6-m/nofp\libc.a(libc_tinystdio_vfiprintf.c.o)
                0x0000000010004594                __i_vfprintf
 .text._OffsetAbsSyms
                0x0000000010004a04        0x2 zephyr/CMakeFiles/offsets.dir/./arch/arm/core/offsets/offsets.c.obj
                0x0000000010004a04                _OffsetAbsSyms
 .text.arch_printk_char_out
                0x0000000010004a06        0x4 zephyr/libzephyr.a(printk.c.obj)
                0x0000000010004a06                arch_printk_char_out
 .text.printk   0x0000000010004a0a       0x16 zephyr/libzephyr.a(printk.c.obj)
                0x0000000010004a0a                printk
 .text.chunk_field
                0x0000000010004a20       0x1a zephyr/libzephyr.a(heap.c.obj)
 .text.chunk_set
                0x0000000010004a3a       0x1c zephyr/libzephyr.a(heap.c.obj)
 .text.chunk_size
                0x0000000010004a56        0xc zephyr/libzephyr.a(heap.c.obj)
 .text.set_chunk_used
                0x0000000010004a62       0x36 zephyr/libzephyr.a(heap.c.obj)
 .text.set_chunk_size
                0x0000000010004a98        0xc zephyr/libzephyr.a(heap.c.obj)
 .text.mem_to_chunkid
                0x0000000010004aa4       0x18 zephyr/libzephyr.a(heap.c.obj)
 .text.bucket_idx.isra.0
                0x0000000010004abc       0x20 zephyr/libzephyr.a(heap.c.obj)
 .text.free_list_remove_bidx
                0x0000000010004adc       0x58 zephyr/libzephyr.a(heap.c.obj)
 .text.free_list_remove
                0x0000000010004b34       0x2c zephyr/libzephyr.a(heap.c.obj)
 .text.alloc_chunk
                0x0000000010004b60       0x7c zephyr/libzephyr.a(heap.c.obj)
 .text.split_chunks
                0x0000000010004bdc       0x4a zephyr/libzephyr.a(heap.c.obj)
 .text.merge_chunks
                0x0000000010004c26       0x38 zephyr/libzephyr.a(heap.c.obj)
 .text.free_list_add
                0x0000000010004c5e       0x88 zephyr/libzephyr.a(heap.c.obj)
 .text.free_chunk
                0x0000000010004ce6       0x86 zephyr/libzephyr.a(heap.c.obj)
 .text.sys_heap_free
                0x0000000010004d6c       0x24 zephyr/libzephyr.a(heap.c.obj)
                0x0000000010004d6c                sys_heap_free
 .text.sys_heap_alloc
                0x0000000010004d90       0x72 zephyr/libzephyr.a(heap.c.obj)
                0x0000000010004d90                sys_heap_alloc
 .text.sys_heap_aligned_alloc
                0x0000000010004e02       0xfe zephyr/libzephyr.a(heap.c.obj)
                0x0000000010004e02                sys_heap_aligned_alloc
 .text.sys_heap_init
                0x0000000010004f00       0xac zephyr/libzephyr.a(heap.c.obj)
                0x0000000010004f00                sys_heap_init
 .text.ring_buf_put_claim
                0x0000000010004fac       0x38 zephyr/libzephyr.a(ring_buffer.c.obj)
                0x0000000010004fac                ring_buf_put_claim
 .text.ring_buf_put_finish
                0x0000000010004fe4       0x2a zephyr/libzephyr.a(ring_buffer.c.obj)
                0x0000000010004fe4                ring_buf_put_finish
 .text.ring_buf_put
                0x000000001000500e       0x3e zephyr/libzephyr.a(ring_buffer.c.obj)
                0x000000001000500e                ring_buf_put
 .text.ring_buf_get_claim
                0x000000001000504c       0x38 zephyr/libzephyr.a(ring_buffer.c.obj)
                0x000000001000504c                ring_buf_get_claim
 .text.ring_buf_get_finish
                0x0000000010005084       0x2a zephyr/libzephyr.a(ring_buffer.c.obj)
                0x0000000010005084                ring_buf_get_finish
 .text.ring_buf_get
                0x00000000100050ae       0x40 zephyr/libzephyr.a(ring_buffer.c.obj)
                0x00000000100050ae                ring_buf_get
 .text._ConfigAbsSyms
                0x00000000100050ee        0x2 zephyr/libzephyr.a(configs.c.obj)
                0x00000000100050ee                _ConfigAbsSyms
 .text.get_ep_bm_from_addr
                0x00000000100050f0       0x22 zephyr/libzephyr.a(usb_device.c.obj)
 .text.usb_write
                0x0000000010005112       0x2e zephyr/libzephyr.a(usb_device.c.obj)
                0x0000000010005112                usb_write
 .text.usb_get_dev_data_by_cfg
                0x0000000010005140       0x16 zephyr/libzephyr.a(usb_descriptor.c.obj)
                0x0000000010005140                usb_get_dev_data_by_cfg
 .text.usb_get_dev_data_by_iface
                0x0000000010005156       0x1a zephyr/libzephyr.a(usb_descriptor.c.obj)
                0x0000000010005156                usb_get_dev_data_by_iface
 .text.usb_get_dev_data_by_ep
                0x0000000010005170       0x2a zephyr/libzephyr.a(usb_descriptor.c.obj)
                0x0000000010005170                usb_get_dev_data_by_ep
 .text.usb_transfer_is_busy
                0x000000001000519a       0x16 zephyr/libzephyr.a(usb_transfer.c.obj)
                0x000000001000519a                usb_transfer_is_busy
 .text.cdc_interface_config
                0x00000000100051b0       0x1a zephyr/libzephyr.a(cdc_acm.c.obj)
 .text.cdc_acm_irq_callback_work_handler
                0x00000000100051ca       0x12 zephyr/libzephyr.a(cdc_acm.c.obj)
 .text.cdc_acm_irq_tx_disable
                0x00000000100051dc        0xa zephyr/libzephyr.a(cdc_acm.c.obj)
 .text.cdc_acm_irq_tx_ready
                0x00000000100051e6       0x14 zephyr/libzephyr.a(cdc_acm.c.obj)
 .text.cdc_acm_irq_rx_disable
                0x00000000100051fa        0xa zephyr/libzephyr.a(cdc_acm.c.obj)
 .text.cdc_acm_irq_rx_ready
                0x0000000010005204        0x8 zephyr/libzephyr.a(cdc_acm.c.obj)
 .text.cdc_acm_irq_is_pending
                0x000000001000520c       0x28 zephyr/libzephyr.a(cdc_acm.c.obj)
 .text.cdc_acm_irq_update
                0x0000000010005234        0x4 zephyr/libzephyr.a(cdc_acm.c.obj)
 .text.cdc_acm_irq_callback_set
                0x0000000010005238        0x6 zephyr/libzephyr.a(cdc_acm.c.obj)
 .text.cdc_acm_line_ctrl_get
                0x000000001000523e       0x32 zephyr/libzephyr.a(cdc_acm.c.obj)
 .text.cdc_acm_configure
                0x0000000010005270        0x4 zephyr/libzephyr.a(cdc_acm.c.obj)
 .text.cdc_acm_config_get
                0x0000000010005274       0x50 zephyr/libzephyr.a(cdc_acm.c.obj)
 .text.cdc_acm_line_ctrl_set
                0x00000000100052c4       0x8e zephyr/libzephyr.a(cdc_acm.c.obj)
 .text.cdc_acm_fifo_read
                0x0000000010005352       0x5c zephyr/libzephyr.a(cdc_acm.c.obj)
 .text.cdc_acm_poll_in
                0x00000000100053ae       0x12 zephyr/libzephyr.a(cdc_acm.c.obj)
 .text.z_arm_fatal_error
                0x00000000100053c0        0x8 zephyr/arch/arch/arm/core/libarch__arm__core.a(fatal.c.obj)
                0x00000000100053c0                z_arm_fatal_error
 .text.z_do_kernel_oops
                0x00000000100053c8        0xc zephyr/arch/arch/arm/core/libarch__arm__core.a(fatal.c.obj)
                0x00000000100053c8                z_do_kernel_oops
 .text.z_arm_nmi
                0x00000000100053d4        0xc zephyr/arch/arch/arm/core/libarch__arm__core.a(nmi.c.obj)
                0x00000000100053d4                z_arm_nmi
 .text.z_arm_fault_init
                0x00000000100053e0        0x2 zephyr/arch/arch/arm/core/cortex_m/libarch__arm__core__cortex_m.a(fault.c.obj)
                0x00000000100053e0                z_arm_fault_init
 .text.z_irq_spurious
                0x00000000100053e2        0xc zephyr/arch/arch/arm/core/cortex_m/libarch__arm__core__cortex_m.a(irq_manage.c.obj)
                0x00000000100053e2                z_irq_spurious
 .text.picolibc_put
                0x00000000100053ee        0xa zephyr/lib/libc/picolibc/liblib__libc__picolibc.a(libc-hooks.c.obj)
 .text.udc_rpi_start_xfer
                0x00000000100053f8       0x60 zephyr/drivers/usb/device/libdrivers__usb__device.a(usb_dc_rpi_pico.c.obj)
 .text.usb_dc_ep_set_callback
                0x0000000010005458       0x18 zephyr/drivers/usb/device/libdrivers__usb__device.a(usb_dc_rpi_pico.c.obj)
                0x0000000010005458                usb_dc_ep_set_callback
 .text.usb_dc_ep_start_read
                0x0000000010005470       0x1e zephyr/drivers/usb/device/libdrivers__usb__device.a(usb_dc_rpi_pico.c.obj)
                0x0000000010005470                usb_dc_ep_start_read
 .text.usb_dc_ep_check_cap
                0x000000001000548e       0x1e zephyr/drivers/usb/device/libdrivers__usb__device.a(usb_dc_rpi_pico.c.obj)
                0x000000001000548e                usb_dc_ep_check_cap
 .text.usb_dc_ep_configure
                0x00000000100054ac       0x20 zephyr/drivers/usb/device/libdrivers__usb__device.a(usb_dc_rpi_pico.c.obj)
                0x00000000100054ac                usb_dc_ep_configure
 .text.usb_dc_ep_clear_stall
                0x00000000100054cc       0x2a zephyr/drivers/usb/device/libdrivers__usb__device.a(usb_dc_rpi_pico.c.obj)
                0x00000000100054cc                usb_dc_ep_clear_stall
 .text.usb_dc_ep_is_stalled
                0x00000000100054f6       0x1e zephyr/drivers/usb/device/libdrivers__usb__device.a(usb_dc_rpi_pico.c.obj)
                0x00000000100054f6                usb_dc_ep_is_stalled
 .text.usb_dc_ep_disable
                0x0000000010005514       0x20 zephyr/drivers/usb/device/libdrivers__usb__device.a(usb_dc_rpi_pico.c.obj)
                0x0000000010005514                usb_dc_ep_disable
 .text.udc_rpi_get_ep_buffer_len
                0x0000000010005534       0x10 zephyr/drivers/usb/device/libdrivers__usb__device.a(usb_dc_rpi_pico.c.obj)
                0x0000000010005534                udc_rpi_get_ep_buffer_len
 .text.usb_dc_ep_read
                0x0000000010005544       0x26 zephyr/drivers/usb/device/libdrivers__usb__device.a(usb_dc_rpi_pico.c.obj)
                0x0000000010005544                usb_dc_ep_read
 .text.usb_dc_ep_mps
                0x000000001000556a       0x14 zephyr/drivers/usb/device/libdrivers__usb__device.a(usb_dc_rpi_pico.c.obj)
                0x000000001000556a                usb_dc_ep_mps
 .text.atomic_or
                0x000000001000557e        0x8 zephyr/drivers/console/libdrivers__console.a(uart_console.c.obj)
 .text.console_out
                0x0000000010005586       0x18 zephyr/drivers/console/libdrivers__console.a(uart_console.c.obj)
 .text.gpio_rpi_port_get_raw
                0x000000001000559e        0xc zephyr/drivers/gpio/libdrivers__gpio.a(gpio_rpi_pico.c.obj)
 .text.gpio_rpi_port_set_bits_raw
                0x00000000100055aa       0x2c zephyr/drivers/gpio/libdrivers__gpio.a(gpio_rpi_pico.c.obj)
 .text.gpio_rpi_port_clear_bits_raw
                0x00000000100055d6       0x2c zephyr/drivers/gpio/libdrivers__gpio.a(gpio_rpi_pico.c.obj)
 .text.gpio_rpi_port_toggle_bits
                0x0000000010005602       0x18 zephyr/drivers/gpio/libdrivers__gpio.a(gpio_rpi_pico.c.obj)
 .text.gpio_rpi_manage_callback
                0x000000001000561a       0x58 zephyr/drivers/gpio/libdrivers__gpio.a(gpio_rpi_pico.c.obj)
 .text.gpio_rpi_bank_init
                0x0000000010005672        0xc zephyr/drivers/gpio/libdrivers__gpio.a(gpio_rpi_pico.c.obj)
 .text.gpio_rpi_pin_interrupt_configure
                0x000000001000567e       0x62 zephyr/drivers/gpio/libdrivers__gpio.a(gpio_rpi_pico.c.obj)
 .text.bank_0_config_func
                0x00000000100056e0       0x14 zephyr/drivers/gpio/libdrivers__gpio.a(gpio_rpi_pico.c.obj)
 .text.gpio_rpi_port_set_masked_raw
                0x00000000100056f4       0x3c zephyr/drivers/gpio/libdrivers__gpio.a(gpio_rpi_pico.c.obj)
 .text.gpio_rpi_configure
                0x0000000010005730       0x7c zephyr/drivers/gpio/libdrivers__gpio.a(gpio_rpi_pico.c.obj)
 .text.z_impl_hwinfo_get_device_id
                0x00000000100057ac       0x30 zephyr/drivers/hwinfo/libdrivers__hwinfo.a(hwinfo_rpi_pico.c.obj)
                0x00000000100057ac                z_impl_hwinfo_get_device_id
 .text.pinctrl_lookup_state
                0x00000000100057dc       0x26 zephyr/drivers/pinctrl/libdrivers__pinctrl.a(common.c.obj)
                0x00000000100057dc                pinctrl_lookup_state
 .text.pinctrl_configure_pins
                0x0000000010005802       0x84 zephyr/drivers/pinctrl/libdrivers__pinctrl.a(pinctrl_rpi_pico.c.obj)
                0x0000000010005802                pinctrl_configure_pins
 .text.reset_rpi_init
                0x0000000010005886        0x4 zephyr/drivers/reset/libdrivers__reset.a(reset_rpi_pico.c.obj)
 .text.reset_rpi_read_register.isra.0
                0x000000001000588a       0x30 zephyr/drivers/reset/libdrivers__reset.a(reset_rpi_pico.c.obj)
 .text.reset_rpi_update
                0x00000000100058ba       0x72 zephyr/drivers/reset/libdrivers__reset.a(reset_rpi_pico.c.obj)
 .text.reset_rpi_line_assert
                0x000000001000592c        0xa zephyr/drivers/reset/libdrivers__reset.a(reset_rpi_pico.c.obj)
 .text.reset_rpi_line_deassert
                0x0000000010005936        0xa zephyr/drivers/reset/libdrivers__reset.a(reset_rpi_pico.c.obj)
 .text.reset_rpi_line_toggle
                0x0000000010005940       0x18 zephyr/drivers/reset/libdrivers__reset.a(reset_rpi_pico.c.obj)
 .text.reset_rpi_status
                0x0000000010005958       0x38 zephyr/drivers/reset/libdrivers__reset.a(reset_rpi_pico.c.obj)
 .text.uart_rpi_poll_in
                0x0000000010005990       0x1e zephyr/drivers/serial/libdrivers__serial.a(uart_rpi_pico.c.obj)
 .text.uart_rpi_poll_out
                0x00000000100059ae       0x10 zephyr/drivers/serial/libdrivers__serial.a(uart_rpi_pico.c.obj)
 .text.uart_rpi_err_check
                0x00000000100059be       0x24 zephyr/drivers/serial/libdrivers__serial.a(uart_rpi_pico.c.obj)
 .text.uart_rpi_fifo_fill
                0x00000000100059e2       0x20 zephyr/drivers/serial/libdrivers__serial.a(uart_rpi_pico.c.obj)
 .text.uart_rpi_fifo_read
                0x0000000010005a02       0x20 zephyr/drivers/serial/libdrivers__serial.a(uart_rpi_pico.c.obj)
 .text.uart_rpi_irq_tx_enable
                0x0000000010005a22       0x16 zephyr/drivers/serial/libdrivers__serial.a(uart_rpi_pico.c.obj)
 .text.uart_rpi_irq_tx_disable
                0x0000000010005a38        0xe zephyr/drivers/serial/libdrivers__serial.a(uart_rpi_pico.c.obj)
 .text.uart_rpi_irq_tx_ready
                0x0000000010005a46        0xc zephyr/drivers/serial/libdrivers__serial.a(uart_rpi_pico.c.obj)
 .text.uart_rpi_irq_rx_enable
                0x0000000010005a52       0x16 zephyr/drivers/serial/libdrivers__serial.a(uart_rpi_pico.c.obj)
 .text.uart_rpi_irq_rx_disable
                0x0000000010005a68        0xe zephyr/drivers/serial/libdrivers__serial.a(uart_rpi_pico.c.obj)
 .text.uart_rpi_irq_tx_complete
                0x0000000010005a76       0x16 zephyr/drivers/serial/libdrivers__serial.a(uart_rpi_pico.c.obj)
 .text.uart_rpi_irq_rx_ready
                0x0000000010005a8c        0xc zephyr/drivers/serial/libdrivers__serial.a(uart_rpi_pico.c.obj)
 .text.uart_rpi_irq_err_enable
                0x0000000010005a98       0x10 zephyr/drivers/serial/libdrivers__serial.a(uart_rpi_pico.c.obj)
 .text.uart_rpi_irq_is_pending
                0x0000000010005aa8       0x1c zephyr/drivers/serial/libdrivers__serial.a(uart_rpi_pico.c.obj)
 .text.uart_rpi_irq_update
                0x0000000010005ac4        0x4 zephyr/drivers/serial/libdrivers__serial.a(uart_rpi_pico.c.obj)
 .text.uart_rpi_irq_callback_set
                0x0000000010005ac8        0x8 zephyr/drivers/serial/libdrivers__serial.a(uart_rpi_pico.c.obj)
 .text.uart_rpi_isr
                0x0000000010005ad0       0x10 zephyr/drivers/serial/libdrivers__serial.a(uart_rpi_pico.c.obj)
 .text.uart0_rpi_irq_config_func
                0x0000000010005ae0       0x14 zephyr/drivers/serial/libdrivers__serial.a(uart_rpi_pico.c.obj)
 .text.uart_rpi_config_get
                0x0000000010005af4       0x12 zephyr/drivers/serial/libdrivers__serial.a(uart_rpi_pico.c.obj)
 .text.uart_rpi_init
                0x0000000010005b06       0x8e zephyr/drivers/serial/libdrivers__serial.a(uart_rpi_pico.c.obj)
 .text.uart_rpi_configure
                0x0000000010005b94       0x32 zephyr/drivers/serial/libdrivers__serial.a(uart_rpi_pico.c.obj)
 .text.gpio_init
                0x0000000010005bc6       0x16 modules/hal_rpi_pico/libmodules__hal_rpi_pico.a(gpio.c.obj)
                0x0000000010005bc6                gpio_init
 .text.flash_get_unique_id
                0x0000000010005bdc       0x42 modules/hal_rpi_pico/libmodules__hal_rpi_pico.a(flash.c.obj)
                0x0000000010005bdc                flash_get_unique_id
 .text.z_device_state_init
                0x0000000010005c1e        0x2 zephyr/kernel/libkernel.a(device.c.obj)
                0x0000000010005c1e                z_device_state_init
 .text.z_device_is_ready
                0x0000000010005c20       0x1a zephyr/kernel/libkernel.a(device.c.obj)
                0x0000000010005c20                z_device_is_ready
 .text.arch_system_halt
                0x0000000010005c3a        0x8 zephyr/kernel/libkernel.a(fatal.c.obj)
                0x0000000010005c3a                arch_system_halt
 .text.k_sys_fatal_error_handler
                0x0000000010005c42        0x6 zephyr/kernel/libkernel.a(fatal.c.obj)
                0x0000000010005c42                k_sys_fatal_error_handler
 .text.z_early_memset
                0x0000000010005c48        0x8 zephyr/kernel/libkernel.a(init.c.obj)
                0x0000000010005c48                z_early_memset
 .text.z_early_memcpy
                0x0000000010005c50        0x8 zephyr/kernel/libkernel.a(init.c.obj)
                0x0000000010005c50                z_early_memcpy
 .text.k_is_in_isr
                0x0000000010005c58        0xc zephyr/kernel/libkernel.a(thread.c.obj)
                0x0000000010005c58                k_is_in_isr
 .text.z_impl_k_thread_name_set
                0x0000000010005c64        0x6 zephyr/kernel/libkernel.a(thread.c.obj)
                0x0000000010005c64                z_impl_k_thread_name_set
 .text.z_impl_k_thread_start
                0x0000000010005c6a        0x8 zephyr/kernel/libkernel.a(thread.c.obj)
                0x0000000010005c6a                z_impl_k_thread_start
 .text.idle     0x0000000010005c72        0xe zephyr/kernel/libkernel.a(idle.c.obj)
                0x0000000010005c72                idle
 .text.adjust_owner_prio.isra.0
                0x0000000010005c80       0x16 zephyr/kernel/libkernel.a(mutex.c.obj)
 .text.queue_insert
                0x0000000010005c96       0xb8 zephyr/kernel/libkernel.a(queue.c.obj)
 .text.z_queue_node_peek
                0x0000000010005d4e       0x1a zephyr/kernel/libkernel.a(queue.c.obj)
                0x0000000010005d4e                z_queue_node_peek
 .text.k_queue_append
                0x0000000010005d68       0x12 zephyr/kernel/libkernel.a(queue.c.obj)
                0x0000000010005d68                k_queue_append
 .text.z_impl_k_sem_init
                0x0000000010005d7a       0x1a zephyr/kernel/libkernel.a(sem.c.obj)
                0x0000000010005d7a                z_impl_k_sem_init
 .text.flag_test_and_clear
                0x0000000010005d94       0x18 zephyr/kernel/libkernel.a(work.c.obj)
 .text.notify_queue_locked.isra.0
                0x0000000010005dac       0x12 zephyr/kernel/libkernel.a(work.c.obj)
 .text.work_timeout
                0x0000000010005dbe       0x34 zephyr/kernel/libkernel.a(work.c.obj)
 .text.k_work_init
                0x0000000010005df2       0x12 zephyr/kernel/libkernel.a(work.c.obj)
                0x0000000010005df2                k_work_init
 .text.z_work_submit_to_queue
                0x0000000010005e04       0x1e zephyr/kernel/libkernel.a(work.c.obj)
                0x0000000010005e04                z_work_submit_to_queue
 .text.k_work_submit_to_queue
                0x0000000010005e22       0x18 zephyr/kernel/libkernel.a(work.c.obj)
                0x0000000010005e22                k_work_submit_to_queue
 .text.k_work_init_delayable
                0x0000000010005e3a       0x18 zephyr/kernel/libkernel.a(work.c.obj)
                0x0000000010005e3a                k_work_init_delayable
 .text.sys_dlist_remove
                0x0000000010005e52       0x10 zephyr/kernel/libkernel.a(sched.c.obj)
 .text.unpend_thread_no_timeout
                0x0000000010005e62       0x16 zephyr/kernel/libkernel.a(sched.c.obj)
 .text.add_to_waitq_locked
                0x0000000010005e78       0x52 zephyr/kernel/libkernel.a(sched.c.obj)
 .text.z_ready_thread
                0x0000000010005eca       0x18 zephyr/kernel/libkernel.a(sched.c.obj)
                0x0000000010005eca                z_ready_thread
 .text.z_sched_wake_thread
                0x0000000010005ee2       0x3e zephyr/kernel/libkernel.a(sched.c.obj)
                0x0000000010005ee2                z_sched_wake_thread
 .text.z_thread_timeout
                0x0000000010005f20        0xc zephyr/kernel/libkernel.a(sched.c.obj)
                0x0000000010005f20                z_thread_timeout
 .text.z_unpend_first_thread
                0x0000000010005f2c       0x32 zephyr/kernel/libkernel.a(sched.c.obj)
                0x0000000010005f2c                z_unpend_first_thread
 .text.z_unpend_thread
                0x0000000010005f5e       0x28 zephyr/kernel/libkernel.a(sched.c.obj)
                0x0000000010005f5e                z_unpend_thread
 .text.z_reschedule_irqlock
                0x0000000010005f86       0x1c zephyr/kernel/libkernel.a(sched.c.obj)
                0x0000000010005f86                z_reschedule_irqlock
 .text.z_reschedule_unlocked
                0x0000000010005fa2        0xe zephyr/kernel/libkernel.a(sched.c.obj)
 .text.z_unpend_all
                0x0000000010005fb0       0x24 zephyr/kernel/libkernel.a(sched.c.obj)
                0x0000000010005fb0                z_unpend_all
 .text.z_impl_k_usleep
                0x0000000010005fd4       0x22 zephyr/kernel/libkernel.a(sched.c.obj)
                0x0000000010005fd4                z_impl_k_usleep
 .text.z_sched_wake
                0x0000000010005ff6       0x3c zephyr/kernel/libkernel.a(sched.c.obj)
                0x0000000010005ff6                z_sched_wake
 .text.z_abort_timeout
                0x0000000010006032       0x26 zephyr/kernel/libkernel.a(timeout.c.obj)
                0x0000000010006032                z_abort_timeout
 .text.sys_clock_tick_get_32
                0x0000000010006058        0x8 zephyr/kernel/libkernel.a(timeout.c.obj)
                0x0000000010006058                sys_clock_tick_get_32
 .text.sys_timepoint_calc
                0x0000000010006060       0x40 zephyr/kernel/libkernel.a(timeout.c.obj)
                0x0000000010006060                sys_timepoint_calc
 .text.sys_timepoint_timeout
                0x00000000100060a0       0x4c zephyr/kernel/libkernel.a(timeout.c.obj)
                0x00000000100060a0                sys_timepoint_timeout
 .text.z_impl_atomic_add
                0x00000000100060ec       0x1a zephyr/kernel/libkernel.a(atomic_c.c.obj)
                0x00000000100060ec                z_impl_atomic_add
 .text.atomic_get
                0x0000000010006106        0x4 zephyr/kernel/libkernel.a(atomic_c.c.obj)
                0x0000000010006106                atomic_get
 .text.z_impl_atomic_or
                0x000000001000610a       0x1a zephyr/kernel/libkernel.a(atomic_c.c.obj)
                0x000000001000610a                z_impl_atomic_or
 .text.z_impl_atomic_and
                0x0000000010006124       0x1a zephyr/kernel/libkernel.a(atomic_c.c.obj)
                0x0000000010006124                z_impl_atomic_and
 .text.k_free   0x000000001000613e       0x12 zephyr/kernel/libkernel.a(mempool.c.obj)
                0x000000001000613e                k_free
 .text.k_heap_init
                0x0000000010006150       0x10 zephyr/kernel/libkernel.a(kheap.c.obj)
                0x0000000010006150                k_heap_init
 .text.k_heap_aligned_alloc
                0x0000000010006160       0x6e zephyr/kernel/libkernel.a(kheap.c.obj)
                0x0000000010006160                k_heap_aligned_alloc
 .text.k_heap_free
                0x00000000100061ce       0x32 zephyr/kernel/libkernel.a(kheap.c.obj)
                0x00000000100061ce                k_heap_free
 .text.strnlen  0x0000000010006200       0x16 c:\ncs\toolchains\cf2149caf2\opt\zephyr-sdk\arm-zephyr-eabi\bin\../lib/gcc/../../picolibc/arm-zephyr-eabi/lib/thumb/v6-m/nofp\libc.a(libc_string_strnlen.c.o)
                0x0000000010006200                strnlen
 .text.fputs    0x0000000010006216       0x2c c:\ncs\toolchains\cf2149caf2\opt\zephyr-sdk\arm-zephyr-eabi\bin\../lib/gcc/../../picolibc/arm-zephyr-eabi/lib/thumb/v6-m/nofp\libc.a(libc_tinystdio_fputs.c.o)
                0x0000000010006216                fputs
 .text.__ultoa_invert
                0x0000000010006242       0x38 c:\ncs\toolchains\cf2149caf2\opt\zephyr-sdk\arm-zephyr-eabi\bin\../lib/gcc/../../picolibc/arm-zephyr-eabi/lib/thumb/v6-m/nofp\libc.a(libc_tinystdio_vfiprintf.c.o)
 .text.memcpy   0x000000001000627a       0x12 c:\ncs\toolchains\cf2149caf2\opt\zephyr-sdk\arm-zephyr-eabi\bin\../lib/gcc/../../picolibc/arm-zephyr-eabi/lib/thumb/v6-m/nofp\libc.a(memcpy.c.o)
                0x000000001000627a                __aeabi_memcpy
                0x000000001000627a                __aeabi_memcpy4
                0x000000001000627a                __aeabi_memcpy8
                0x000000001000627a                memcpy
 .text.memset   0x000000001000628c       0x10 c:\ncs\toolchains\cf2149caf2\opt\zephyr-sdk\arm-zephyr-eabi\bin\../lib/gcc/../../picolibc/arm-zephyr-eabi/lib/thumb/v6-m/nofp\libc.a(memset.c.o)
                0x000000001000628c                memset
 *(SORT_BY_ALIGNMENT(.TEXT.*))
 .TEXT.__aeabi_read_tp
                0x000000001000629c        0xc zephyr/arch/arch/arm/core/cortex_m/libarch__arm__core__cortex_m.a(__aeabi_read_tp.S.obj)
                0x000000001000629c                __aeabi_read_tp
 .TEXT.__aeabi_read_tp.__stub
                0x00000000100062a8       0x10 linker stubs
 *(SORT_BY_ALIGNMENT(.gnu.linkonce.t.*))
 *(SORT_BY_ALIGNMENT(.glue_7t))
 .glue_7t       0x00000000100062b8        0x0 linker stubs
 *(SORT_BY_ALIGNMENT(.glue_7))
 .glue_7        0x00000000100062b8        0x0 linker stubs
 *(SORT_BY_ALIGNMENT(.vfp11_veneer))
 .vfp11_veneer  0x00000000100062b8        0x0 linker stubs
 *(SORT_BY_ALIGNMENT(.v4_bx))
 .v4_bx         0x00000000100062b8        0x0 linker stubs
                0x00000000100062b8                . = ALIGN (0x4)
                0x00000000100062b8                __text_region_end = .

.ARM.exidx      0x00000000100062b8        0x8
                0x00000000100062b8                __exidx_start = .
 *(SORT_BY_ALIGNMENT(.ARM.exidx*) SORT_BY_ALIGNMENT(gnu.linkonce.armexidx.*))
 .ARM.exidx     0x00000000100062b8        0x8 c:/ncs/toolchains/cf2149caf2/opt/zephyr-sdk/arm-zephyr-eabi/bin/../lib/gcc/arm-zephyr-eabi/12.2.0/thumb/v6-m/nofp\libgcc.a(_udivmoddi4.o)
                0x00000000100062c0                __exidx_end = .
                0x00000000100062c0                __rodata_region_start = .

initlevel       0x00000000100062c0       0x68
                0x00000000100062c0                __init_start = .
                0x00000000100062c0                __init_EARLY_start = .
 *(SORT_BY_NAME(SORT_BY_ALIGNMENT(.z_init_EARLY?_*)))
 *(SORT_BY_NAME(SORT_BY_ALIGNMENT(.z_init_EARLY??_*)))
                0x00000000100062c0                __init_PRE_KERNEL_1_start = .
 *(SORT_BY_NAME(SORT_BY_ALIGNMENT(.z_init_PRE_KERNEL_1?_*)))
 .z_init_PRE_KERNEL_10_0_
                0x00000000100062c0        0x8 zephyr/soc/soc/arm/rpi_pico/rp2/libsoc__arm__rpi_pico__rp2.a(soc.c.obj)
 *(SORT_BY_NAME(SORT_BY_ALIGNMENT(.z_init_PRE_KERNEL_1??_*)))
 .z_init_PRE_KERNEL_130_0_
                0x00000000100062c8        0x8 zephyr/kernel/libkernel.a(kheap.c.obj)
 .z_init_PRE_KERNEL_135_00008_
                0x00000000100062d0        0x8 zephyr/drivers/reset/libdrivers__reset.a(reset_rpi_pico.c.obj)
 .z_init_PRE_KERNEL_155_00044_
                0x00000000100062d8        0x8 zephyr/drivers/serial/libdrivers__serial.a(uart_rpi_pico.c.obj)
 .z_init_PRE_KERNEL_155_00054_
                0x00000000100062e0        0x8 zephyr/libzephyr.a(cdc_acm.c.obj)
 .z_init_PRE_KERNEL_160_0_
                0x00000000100062e8        0x8 zephyr/drivers/console/libdrivers__console.a(uart_console.c.obj)
                0x00000000100062f0                __init_PRE_KERNEL_2_start = .
 *(SORT_BY_NAME(SORT_BY_ALIGNMENT(.z_init_PRE_KERNEL_2?_*)))
 .z_init_PRE_KERNEL_20_0_
                0x00000000100062f0        0x8 zephyr/drivers/timer/libdrivers__timer.a(cortex_m_systick.c.obj)
 *(SORT_BY_NAME(SORT_BY_ALIGNMENT(.z_init_PRE_KERNEL_2??_*)))
                0x00000000100062f8                __init_POST_KERNEL_start = .
 *(SORT_BY_NAME(SORT_BY_ALIGNMENT(.z_init_POST_KERNEL?_*)))
 *(SORT_BY_NAME(SORT_BY_ALIGNMENT(.z_init_POST_KERNEL??_*)))
 .z_init_POST_KERNEL40_00015_
                0x00000000100062f8        0x8 zephyr/drivers/gpio/libdrivers__gpio.a(gpio_rpi_pico.c.obj)
 .z_init_POST_KERNEL40_0_
                0x0000000010006300        0x8 zephyr/libzephyr.a(usb_work_q.c.obj)
 .z_init_POST_KERNEL40_0_
                0x0000000010006308        0x8 zephyr/lib/libc/common/liblib__libc__common.a(malloc.c.obj)
 .z_init_POST_KERNEL40_0_
                0x0000000010006310        0x8 zephyr/kernel/libkernel.a(system_work_q.c.obj)
 .z_init_POST_KERNEL50_0_
                0x0000000010006318        0x8 zephyr/drivers/usb/device/libdrivers__usb__device.a(usb_dc_rpi_pico.c.obj)
 .z_init_POST_KERNEL90_0_
                0x0000000010006320        0x8 zephyr/libzephyr.a(usb_device.c.obj)
                0x0000000010006328                __init_APPLICATION_start = .
 *(SORT_BY_NAME(SORT_BY_ALIGNMENT(.z_init_APPLICATION?_*)))
 *(SORT_BY_NAME(SORT_BY_ALIGNMENT(.z_init_APPLICATION??_*)))
                0x0000000010006328                __init_SMP_start = .
 *(SORT_BY_NAME(SORT_BY_ALIGNMENT(.z_init_SMP?_*)))
 *(SORT_BY_NAME(SORT_BY_ALIGNMENT(.z_init_SMP??_*)))
                0x0000000010006328                __init_end = .

device_area     0x0000000010006328       0x50
                0x0000000010006328                _device_list_start = .
 *(SORT_BY_NAME(SORT_BY_ALIGNMENT(._device.static.*_?_*)))
 *(SORT_BY_NAME(SORT_BY_ALIGNMENT(._device.static.*_??_*)))
 ._device.static.1_35_
                0x0000000010006328       0x14 zephyr/drivers/reset/libdrivers__reset.a(reset_rpi_pico.c.obj)
                0x0000000010006328                __device_dts_ord_8
 ._device.static.1_55_
                0x000000001000633c       0x14 zephyr/libzephyr.a(cdc_acm.c.obj)
                0x000000001000633c                __device_dts_ord_54
 ._device.static.1_55_
                0x0000000010006350       0x14 zephyr/drivers/serial/libdrivers__serial.a(uart_rpi_pico.c.obj)
                0x0000000010006350                __device_dts_ord_44
 ._device.static.3_40_
                0x0000000010006364       0x14 zephyr/drivers/gpio/libdrivers__gpio.a(gpio_rpi_pico.c.obj)
                0x0000000010006364                __device_dts_ord_15
                0x0000000010006378                _device_list_end = .

sw_isr_table    0x0000000010006378       0xd0
                0x0000000010006378                . = ALIGN (0x4)
 *(SORT_BY_ALIGNMENT(.gnu.linkonce.sw_isr_table*))
 .gnu.linkonce.sw_isr_table
                0x0000000010006378       0xd0 zephyr/arch/common/libisr_tables.a(isr_tables.c.obj)
                0x0000000010006378                _sw_isr_table

initlevel_error
                0x00000000100062c0        0x0
 *(SORT_BY_NAME(SORT_BY_ALIGNMENT(.z_init_[_A-Z0-9]*)))
                0x0000000000000001                ASSERT ((SIZEOF (initlevel_error) == 0x0), Undefined initialization levels used.)

app_shmem_regions
                0x0000000010006448        0x0
                0x0000000010006448                __app_shmem_regions_start = .
 *(SORT_BY_NAME(SORT_BY_ALIGNMENT(.app_regions.*)))
                0x0000000010006448                __app_shmem_regions_end = .

k_p4wq_initparam_area
                0x0000000010006448        0x0
                0x0000000010006448                _k_p4wq_initparam_list_start = .
 *(SORT_BY_NAME(SORT_BY_ALIGNMENT(._k_p4wq_initparam.static.*)))
                0x0000000010006448                _k_p4wq_initparam_list_end = .

_static_thread_data_area
                0x0000000010006448        0x0
                0x0000000010006448                __static_thread_data_list_start = .
 *(SORT_BY_NAME(SORT_BY_ALIGNMENT(.__static_thread_data.static.*)))
                0x0000000010006448                __static_thread_data_list_end = .

device_deps     0x0000000010006448        0x0
                0x0000000010006448                __device_deps_start = .
 *(SORT_BY_NAME(SORT_BY_ALIGNMENT(.__device_deps_pass2*)))
                0x0000000010006448                __device_deps_end = .

ztest           0x0000000010006448        0x0
                0x0000000010006448                _ztest_expected_result_entry_list_start = .
 *(SORT_BY_NAME(SORT_BY_ALIGNMENT(._ztest_expected_result_entry.static.*)))
                0x0000000010006448                _ztest_expected_result_entry_list_end = .
                0x0000000010006448                _ztest_suite_node_list_start = .
 *(SORT_BY_NAME(SORT_BY_ALIGNMENT(._ztest_suite_node.static.*)))
                0x0000000010006448                _ztest_suite_node_list_end = .
                0x0000000010006448                _ztest_unit_test_list_start = .
 *(SORT_BY_NAME(SORT_BY_ALIGNMENT(._ztest_unit_test.static.*)))
                0x0000000010006448                _ztest_unit_test_list_end = .
                0x0000000010006448                _ztest_test_rule_list_start = .
 *(SORT_BY_NAME(SORT_BY_ALIGNMENT(._ztest_test_rule.static.*)))
                0x0000000010006448                _ztest_test_rule_list_end = .

bt_l2cap_fixed_chan_area
                0x0000000010006448        0x0
                0x0000000010006448                _bt_l2cap_fixed_chan_list_start = .
 *(SORT_BY_NAME(SORT_BY_ALIGNMENT(._bt_l2cap_fixed_chan.static.*)))
                0x0000000010006448                _bt_l2cap_fixed_chan_list_end = .

bt_gatt_service_static_area
                0x0000000010006448        0x0
                0x0000000010006448                _bt_gatt_service_static_list_start = .
 *(SORT_BY_NAME(SORT_BY_ALIGNMENT(._bt_gatt_service_static.static.*)))
                0x0000000010006448                _bt_gatt_service_static_list_end = .

log_strings_area
                0x0000000010006448        0x0
                0x0000000010006448                _log_strings_list_start = .
 *(SORT_BY_NAME(SORT_BY_ALIGNMENT(._log_strings.static.*)))
                0x0000000010006448                _log_strings_list_end = .

log_const_area  0x0000000010006448        0x0
                0x0000000010006448                _log_const_list_start = .
 *(SORT_BY_NAME(SORT_BY_ALIGNMENT(._log_const.static.*)))
                0x0000000010006448                _log_const_list_end = .

log_backend_area
                0x0000000010006448        0x0
                0x0000000010006448                _log_backend_list_start = .
 *(SORT_BY_NAME(SORT_BY_ALIGNMENT(._log_backend.static.*)))
                0x0000000010006448                _log_backend_list_end = .

log_link_area   0x0000000010006448        0x0
                0x0000000010006448                _log_link_list_start = .
 *(SORT_BY_NAME(SORT_BY_ALIGNMENT(._log_link.static.*)))
                0x0000000010006448                _log_link_list_end = .

tracing_backend_area
                0x0000000010006448        0x0
                0x0000000010006448                _tracing_backend_list_start = .
 *(SORT_BY_NAME(SORT_BY_ALIGNMENT(._tracing_backend.static.*)))
                0x0000000010006448                _tracing_backend_list_end = .

zephyr_dbg_info
 *(SORT_BY_ALIGNMENT(.dbg_thread_info))

symbol_to_keep  0x0000000010006448        0x0
                0x0000000010006448                __symbol_to_keep_start = .
 *(SORT_BY_NAME(SORT_BY_ALIGNMENT(.symbol_to_keep*)))
                0x0000000010006448                __symbol_to_keep_end = .

shell_area      0x0000000010006448        0x0
                0x0000000010006448                _shell_list_start = .
 *(SORT_BY_NAME(SORT_BY_ALIGNMENT(._shell.static.*)))
                0x0000000010006448                _shell_list_end = .

shell_root_cmds_area
                0x0000000010006448        0x0
                0x0000000010006448                _shell_root_cmds_list_start = .
 *(SORT_BY_NAME(SORT_BY_ALIGNMENT(._shell_root_cmds.static.*)))
                0x0000000010006448                _shell_root_cmds_list_end = .

shell_subcmds_area
                0x0000000010006448        0x0
                0x0000000010006448                _shell_subcmds_list_start = .
 *(SORT_BY_NAME(SORT_BY_ALIGNMENT(._shell_subcmds.static.*)))
                0x0000000010006448                _shell_subcmds_list_end = .

shell_dynamic_subcmds_area
                0x0000000010006448        0x0
                0x0000000010006448                _shell_dynamic_subcmds_list_start = .
 *(SORT_BY_NAME(SORT_BY_ALIGNMENT(._shell_dynamic_subcmds.static.*)))
                0x0000000010006448                _shell_dynamic_subcmds_list_end = .

cfb_font_area   0x0000000010006448        0x0
                0x0000000010006448                _cfb_font_list_start = .
 *(SORT_BY_NAME(SORT_BY_ALIGNMENT(._cfb_font.static.*)))
                0x0000000010006448                _cfb_font_list_end = .

tdata           0x0000000010006448        0x0
 *(SORT_BY_ALIGNMENT(.tdata) SORT_BY_ALIGNMENT(.tdata.*) SORT_BY_ALIGNMENT(.gnu.linkonce.td.*))

tbss            0x0000000010006448        0x4
 *(SORT_BY_ALIGNMENT(.tbss) SORT_BY_ALIGNMENT(.tbss.*) SORT_BY_ALIGNMENT(.gnu.linkonce.tb.*) SORT_BY_ALIGNMENT(.tcommon))
 .tbss.z_tls_current
                0x0000000010006448        0x4 zephyr/libzephyr.a(thread_entry.c.obj)
                0x0000000010006448                z_tls_current
                0x0000000010006448                PROVIDE (__tdata_start = LOADADDR (tdata))
                0x0000000000000000                PROVIDE (__tdata_size = SIZEOF (tdata))
                [!provide]                        PROVIDE (__tdata_end = (__tdata_start + __tdata_size))
                0x0000000000000001                PROVIDE (__tdata_align = ALIGNOF (tdata))
                [!provide]                        PROVIDE (__tbss_start = ADDR (tbss))
                0x0000000000000004                PROVIDE (__tbss_size = SIZEOF (tbss))
                [!provide]                        PROVIDE (__tbss_end = (__tbss_start + __tbss_size))
                0x0000000000000004                PROVIDE (__tbss_align = ALIGNOF (tbss))
                [!provide]                        PROVIDE (__tls_start = __tdata_start)
                [!provide]                        PROVIDE (__tls_end = __tbss_end)
                [!provide]                        PROVIDE (__tls_size = (__tbss_end - __tdata_start))

rodata          0x0000000010006448      0x340
 *(SORT_BY_ALIGNMENT(.rodata))
 .rodata        0x0000000010006448        0x7 zephyr/libzephyr.a(cdc_acm.c.obj)
 *(SORT_BY_ALIGNMENT(.rodata.*))
 *fill*         0x000000001000644f        0x1 
 .rodata.cdc_acm_driver_api
                0x0000000010006450       0x54 zephyr/libzephyr.a(cdc_acm.c.obj)
 .rodata.stdout
                0x00000000100064a4        0x4 zephyr/lib/libc/picolibc/liblib__libc__picolibc.a(libc-hooks.c.obj)
                0x00000000100064a4                stderr
                0x00000000100064a4                stdout
 .rodata.gpio_rpi_0_config
                0x00000000100064a8        0x8 zephyr/drivers/gpio/libdrivers__gpio.a(gpio_rpi_pico.c.obj)
 .rodata.gpio_rpi_driver_api
                0x00000000100064b0       0x24 zephyr/drivers/gpio/libdrivers__gpio.a(gpio_rpi_pico.c.obj)
 .rodata.reset_rpi_config_0
                0x00000000100064d4        0xc zephyr/drivers/reset/libdrivers__reset.a(reset_rpi_pico.c.obj)
 .rodata.reset_rpi_driver_api
                0x00000000100064e0       0x10 zephyr/drivers/reset/libdrivers__reset.a(reset_rpi_pico.c.obj)
 .rodata.uart0_rpi_config
                0x00000000100064f0       0x18 zephyr/drivers/serial/libdrivers__serial.a(uart_rpi_pico.c.obj)
 .rodata.__pinctrl_dev_config__device_dts_ord_44
                0x0000000010006508        0x8 zephyr/drivers/serial/libdrivers__serial.a(uart_rpi_pico.c.obj)
 .rodata.__pinctrl_states__device_dts_ord_44
                0x0000000010006510        0x8 zephyr/drivers/serial/libdrivers__serial.a(uart_rpi_pico.c.obj)
 .rodata.__pinctrl_state_pins_0__device_dts_ord_44
                0x0000000010006518        0x8 zephyr/drivers/serial/libdrivers__serial.a(uart_rpi_pico.c.obj)
 .rodata.uart_rpi_driver_api
                0x0000000010006520       0x54 zephyr/drivers/serial/libdrivers__serial.a(uart_rpi_pico.c.obj)
 .rodata._k_neg_eagain
                0x0000000010006574        0x4 zephyr/kernel/libkernel.a(errno.c.obj)
                0x0000000010006574                _k_neg_eagain
 .rodata.levels.0
                0x0000000010006578       0x18 zephyr/kernel/libkernel.a(init.c.obj)
 .rodata.main.str1.1
                0x0000000010006590      0x118 app/libapp.a(main.c.obj)
                                        0x145 (size before relaxing)
 .rodata.usb_update_sn_string_descriptor.str1.1
                0x00000000100066a8       0x11 zephyr/libzephyr.a(usb_descriptor.c.obj)
 .rodata.str1.1
                0x00000000100066b9        0xa zephyr/libzephyr.a(cdc_acm.c.obj)
 .rodata.z_usb_work_q_init.str1.1
                0x00000000100066c3        0x9 zephyr/libzephyr.a(usb_work_q.c.obj)
 .rodata.abort.str1.1
                0x00000000100066cc        0x9 zephyr/lib/libc/common/liblib__libc__common.a(abort.c.obj)
 .rodata.usb_rpi_init.str1.1
                0x00000000100066d5        0x8 zephyr/drivers/usb/device/libdrivers__usb__device.a(usb_dc_rpi_pico.c.obj)
 .rodata.del_char.str1.1
                0x00000000100066dd        0x8 zephyr/drivers/console/libdrivers__console.a(uart_console.c.obj)
 .rodata.uart_console_isr.str1.1
                0x00000000100066e5        0xc zephyr/drivers/console/libdrivers__console.a(uart_console.c.obj)
 .rodata.str1.1
                0x00000000100066f1        0xe zephyr/drivers/gpio/libdrivers__gpio.a(gpio_rpi_pico.c.obj)
 .rodata.str1.1
                0x00000000100066ff       0x1a zephyr/drivers/reset/libdrivers__reset.a(reset_rpi_pico.c.obj)
 .rodata.CSWTCH.25
                0x0000000010006719        0x3 zephyr/drivers/serial/libdrivers__serial.a(uart_rpi_pico.c.obj)
 .rodata.str1.1
                0x000000001000671c        0xe zephyr/drivers/serial/libdrivers__serial.a(uart_rpi_pico.c.obj)
 .rodata.z_cstart.str1.1
                0x000000001000672a        0x5 zephyr/kernel/libkernel.a(init.c.obj)
 .rodata.boot_banner.str1.1
                0x000000001000672f       0x2e zephyr/kernel/libkernel.a(banner.c.obj)
 .rodata.k_sys_work_q_init.str1.1
                0x000000001000675d        0x9 zephyr/kernel/libkernel.a(system_work_q.c.obj)
 .rodata.__assert_no_args.str1.1
                0x0000000010006766       0x12 c:\ncs\toolchains\cf2149caf2\opt\zephyr-sdk\arm-zephyr-eabi\bin\../lib/gcc/../../picolibc/arm-zephyr-eabi/lib/thumb/v6-m/nofp\libc.a(libc_stdlib_assert_no_arg.c.o)
 .rodata.__i_vfprintf.str1.1
                0x0000000010006778        0xf c:\ncs\toolchains\cf2149caf2\opt\zephyr-sdk\arm-zephyr-eabi\bin\../lib/gcc/../../picolibc/arm-zephyr-eabi/lib/thumb/v6-m/nofp\libc.a(libc_tinystdio_vfiprintf.c.o)
 *(SORT_BY_ALIGNMENT(.gnu.linkonce.r.*))
                0x0000000010006788                . = ALIGN (0x4)
 *fill*         0x0000000010006787        0x1 
                0x0000000010006788                __rodata_region_end = .
                0x0000000010006788                . = ALIGN (_region_min_align)
                0x0000000010006788                __rom_region_end = ((__rom_region_start + .) - ADDR (rom_start))

/DISCARD/
 *(SORT_BY_ALIGNMENT(.got.plt))
 *(SORT_BY_ALIGNMENT(.igot.plt))
 *(SORT_BY_ALIGNMENT(.got))
 *(SORT_BY_ALIGNMENT(.igot))
                0x0000000020000000                . = 0x20000000
                0x0000000020000000                . = ALIGN (_region_min_align)
                0x0000000020000000                _image_ram_start = .

.ramfunc        0x0000000020000000        0x0 load address 0x0000000010006788
                0x0000000020000000                . = ALIGN (_region_min_align)
                0x0000000020000000                __ramfunc_start = .
 *(SORT_BY_ALIGNMENT(.ramfunc))
 *(SORT_BY_ALIGNMENT(.ramfunc.*))
                0x0000000020000000                . = ALIGN (_region_min_align)
                0x0000000020000000                __ramfunc_end = .
                0x0000000000000000                __ramfunc_size = (__ramfunc_end - __ramfunc_start)
                0x0000000010006788                __ramfunc_load_start = LOADADDR (.ramfunc)

datas           0x0000000020000000      0x258 load address 0x0000000010006788
                0x0000000020000000                __data_region_start = .
                0x0000000020000000                __data_start = .
 *(SORT_BY_ALIGNMENT(.data))
 *(SORT_BY_ALIGNMENT(.data.*))
 .data.cdc_acm_dev_data_0
                0x0000000020000000       0xb0 zephyr/libzephyr.a(cdc_acm.c.obj)
 .data._char_out
                0x00000000200000b0        0x4 zephyr/libzephyr.a(printk.c.obj)
                0x00000000200000b0                _char_out
 .data.cdc_acm_tx_rb_0
                0x00000000200000b4       0x20 zephyr/libzephyr.a(cdc_acm.c.obj)
                0x00000000200000b4                cdc_acm_tx_rb_0
 .data.cdc_acm_rx_rb_0
                0x00000000200000d4       0x20 zephyr/libzephyr.a(cdc_acm.c.obj)
                0x00000000200000d4                cdc_acm_rx_rb_0
 .data.cdc_acm_ep_data_0
                0x00000000200000f4       0x18 zephyr/libzephyr.a(cdc_acm.c.obj)
 .data.__stdout
                0x000000002000010c       0x10 zephyr/lib/libc/picolibc/liblib__libc__picolibc.a(libc-hooks.c.obj)
 .data.uart0_rpi_data
                0x000000002000011c       0x10 zephyr/drivers/serial/libdrivers__serial.a(uart_rpi_pico.c.obj)
 .data.timeout_list
                0x000000002000012c        0x8 zephyr/kernel/libkernel.a(timeout.c.obj)
 *(SORT_BY_ALIGNMENT(.kernel.*))
 *(SORT_BY_ALIGNMENT(.time_critical*))
 .time_critical.flash_init_boot2_copyout
                0x0000000020000134       0x30 modules/hal_rpi_pico/libmodules__hal_rpi_pico.a(flash.c.obj)
 .time_critical.flash_enable_xip_via_boot2
                0x0000000020000164        0xc modules/hal_rpi_pico/libmodules__hal_rpi_pico.a(flash.c.obj)
 .time_critical.flash_cs_force
                0x0000000020000170       0x20 modules/hal_rpi_pico/libmodules__hal_rpi_pico.a(flash.c.obj)
 .time_critical.flash_do_cmd
                0x0000000020000190       0xb4 modules/hal_rpi_pico/libmodules__hal_rpi_pico.a(flash.c.obj)
                0x0000000020000190                flash_do_cmd
 *fill*         0x0000000020000244        0x4 
 .time_critical.flash_do_cmd.__stub
                0x0000000020000248       0x10 linker stubs
                0x0000000020000258                __data_end = .
                0x0000000000000258                __data_size = (__data_end - __data_start)
                0x0000000010006788                __data_load_start = LOADADDR (datas)
                0x0000000010006788                __data_region_load_start = LOADADDR (datas)

device_states   0x0000000020000258        0x8 load address 0x00000000100069e0
                0x0000000020000258                __device_states_start = .
 *(SORT_BY_ALIGNMENT(.z_devstate))
 .z_devstate    0x0000000020000258        0x2 zephyr/libzephyr.a(cdc_acm.c.obj)
 .z_devstate    0x000000002000025a        0x2 zephyr/drivers/gpio/libdrivers__gpio.a(gpio_rpi_pico.c.obj)
 .z_devstate    0x000000002000025c        0x2 zephyr/drivers/reset/libdrivers__reset.a(reset_rpi_pico.c.obj)
 .z_devstate    0x000000002000025e        0x2 zephyr/drivers/serial/libdrivers__serial.a(uart_rpi_pico.c.obj)
 *(SORT_BY_ALIGNMENT(.z_devstate.*))
                0x0000000020000260                __device_states_end = .

log_mpsc_pbuf_area
                0x0000000020000260        0x0 load address 0x00000000100069e8
                0x0000000020000260                _log_mpsc_pbuf_list_start = .
 *(SORT_BY_NAME(SORT_BY_ALIGNMENT(._log_mpsc_pbuf.static.*)))
                0x0000000020000260                _log_mpsc_pbuf_list_end = .

log_msg_ptr_area
                0x0000000020000260        0x0 load address 0x00000000100069e8
                0x0000000020000260                _log_msg_ptr_list_start = .
 *(SORT_BY_NAME(SORT_BY_ALIGNMENT(._log_msg_ptr.static.*)))
                0x0000000020000260                _log_msg_ptr_list_end = .

log_dynamic_area
                0x0000000020000260        0x0 load address 0x00000000100069e8
                0x0000000020000260                _log_dynamic_list_start = .
 *(SORT_BY_NAME(SORT_BY_ALIGNMENT(._log_dynamic.static.*)))
                0x0000000020000260                _log_dynamic_list_end = .

k_timer_area    0x0000000020000260        0x0 load address 0x00000000100069e8
                0x0000000020000260                _k_timer_list_start = .
 *(SORT_BY_NAME(SORT_BY_ALIGNMENT(._k_timer.static.*)))
                0x0000000020000260                _k_timer_list_end = .

k_mem_slab_area
                0x0000000020000260        0x0 load address 0x00000000100069e8
                0x0000000020000260                _k_mem_slab_list_start = .
 *(SORT_BY_NAME(SORT_BY_ALIGNMENT(._k_mem_slab.static.*)))
                0x0000000020000260                _k_mem_slab_list_end = .

k_heap_area     0x0000000020000260        0x0 load address 0x00000000100069e8
                0x0000000020000260                _k_heap_list_start = .
 *(SORT_BY_NAME(SORT_BY_ALIGNMENT(._k_heap.static.*)))
                0x0000000020000260                _k_heap_list_end = .

k_mutex_area    0x0000000020000260       0x14 load address 0x00000000100069e8
                0x0000000020000260                _k_mutex_list_start = .
 *(SORT_BY_NAME(SORT_BY_ALIGNMENT(._k_mutex.static.*)))
 ._k_mutex.static.usb_enable_lock_
                0x0000000020000260       0x14 zephyr/libzephyr.a(usb_device.c.obj)
                0x0000000020000260                usb_enable_lock
                0x0000000020000274                _k_mutex_list_end = .

k_stack_area    0x0000000020000274        0x0 load address 0x00000000100069fc
                0x0000000020000274                _k_stack_list_start = .
 *(SORT_BY_NAME(SORT_BY_ALIGNMENT(._k_stack.static.*)))
                0x0000000020000274                _k_stack_list_end = .

k_msgq_area     0x0000000020000274       0x28 load address 0x00000000100069fc
                0x0000000020000274                _k_msgq_list_start = .
 *(SORT_BY_NAME(SORT_BY_ALIGNMENT(._k_msgq.static.*)))
 ._k_msgq.static.usb_dc_msgq_
                0x0000000020000274       0x28 zephyr/drivers/usb/device/libdrivers__usb__device.a(usb_dc_rpi_pico.c.obj)
                0x0000000020000274                usb_dc_msgq
                0x000000002000029c                _k_msgq_list_end = .

k_mbox_area     0x000000002000029c        0x0 load address 0x0000000010006a24
                0x000000002000029c                _k_mbox_list_start = .
 *(SORT_BY_NAME(SORT_BY_ALIGNMENT(._k_mbox.static.*)))
                0x000000002000029c                _k_mbox_list_end = .

k_pipe_area     0x000000002000029c        0x0 load address 0x0000000010006a24
                0x000000002000029c                _k_pipe_list_start = .
 *(SORT_BY_NAME(SORT_BY_ALIGNMENT(._k_pipe.static.*)))
                0x000000002000029c                _k_pipe_list_end = .

k_sem_area      0x000000002000029c        0x0 load address 0x0000000010006a24
                0x000000002000029c                _k_sem_list_start = .
 *(SORT_BY_NAME(SORT_BY_ALIGNMENT(._k_sem.static.*)))
                0x000000002000029c                _k_sem_list_end = .

k_event_area    0x000000002000029c        0x0 load address 0x0000000010006a24
                0x000000002000029c                _k_event_list_start = .
 *(SORT_BY_NAME(SORT_BY_ALIGNMENT(._k_event.static.*)))
                0x000000002000029c                _k_event_list_end = .

k_queue_area    0x000000002000029c        0x0 load address 0x0000000010006a24
                0x000000002000029c                _k_queue_list_start = .
 *(SORT_BY_NAME(SORT_BY_ALIGNMENT(._k_queue.static.*)))
                0x000000002000029c                _k_queue_list_end = .

k_fifo_area     0x000000002000029c       0x20 load address 0x0000000010006a24
                0x000000002000029c                _k_fifo_list_start = .
 *(SORT_BY_NAME(SORT_BY_ALIGNMENT(._k_fifo.static.*)))
 ._k_fifo.static.free_queue_
                0x000000002000029c       0x10 zephyr/libzephyr.a(getline.c.obj)
 ._k_fifo.static.used_queue_
                0x00000000200002ac       0x10 zephyr/libzephyr.a(getline.c.obj)
                0x00000000200002bc                _k_fifo_list_end = .

k_lifo_area     0x00000000200002bc        0x0 load address 0x0000000010006a44
                0x00000000200002bc                _k_lifo_list_start = .
 *(SORT_BY_NAME(SORT_BY_ALIGNMENT(._k_lifo.static.*)))
                0x00000000200002bc                _k_lifo_list_end = .

k_condvar_area  0x00000000200002bc        0x0 load address 0x0000000010006a44
                0x00000000200002bc                _k_condvar_list_start = .
 *(SORT_BY_NAME(SORT_BY_ALIGNMENT(._k_condvar.static.*)))
                0x00000000200002bc                _k_condvar_list_end = .

sys_mem_blocks_ptr_area
                0x00000000200002bc        0x0 load address 0x0000000010006a44
                0x00000000200002bc                _sys_mem_blocks_ptr_list_start = .
 *(SORT_BY_NAME(SORT_BY_ALIGNMENT(._sys_mem_blocks_ptr.static.*)))
                0x00000000200002bc                _sys_mem_blocks_ptr_list_end = .

net_buf_pool_area
                0x00000000200002bc        0x0 load address 0x0000000010006a44
                0x00000000200002bc                _net_buf_pool_list_start = .
 *(SORT_BY_NAME(SORT_BY_ALIGNMENT(._net_buf_pool.static.*)))
                0x00000000200002bc                _net_buf_pool_list_end = .

usb_descriptor  0x00000000200002bc       0xcb load address 0x0000000010006a44
                0x00000000200002bc                __usb_descriptor_start = .
 *(SORT_BY_ALIGNMENT(.usb.descriptor))
 *(SORT_BY_NAME(SORT_BY_ALIGNMENT(.usb.descriptor*)))
 .usb.descriptor_primary.0
                0x00000000200002bc       0x1b zephyr/libzephyr.a(usb_descriptor.c.obj)
 .usb.descriptor_primary.1.0
                0x00000000200002d7       0x42 zephyr/libzephyr.a(cdc_acm.c.obj)
 .usb.descriptor_primary.4
                0x0000000020000319       0x6c zephyr/libzephyr.a(usb_descriptor.c.obj)
 .usb.descriptor_primary.6
                0x0000000020000385        0x2 zephyr/libzephyr.a(usb_descriptor.c.obj)
                0x0000000020000387                __usb_descriptor_end = .

usb_cfg_data_area
                0x0000000020000388       0x24 load address 0x0000000010006b10
                0x0000000020000388                _usb_cfg_data_list_start = .
 *(SORT_BY_NAME(SORT_BY_ALIGNMENT(._usb_cfg_data.static.*)))
 ._usb_cfg_data.static.cdc_acm_config_0_
                0x0000000020000388       0x24 zephyr/libzephyr.a(cdc_acm.c.obj)
                0x00000000200003ac                _usb_cfg_data_list_end = .
                0x00000000200003ac                __data_region_end = .

bss             0x00000000200003b0      0xd58
                0x00000000200003b0                . = ALIGN (0x4)
                0x00000000200003b0                __bss_start = .
                0x00000000200003b0                __kernel_ram_start = .
 *(SORT_BY_ALIGNMENT(.bss))
 *(SORT_BY_ALIGNMENT(.bss.*))
 .bss.blink_thread_data
                0x00000000200003b0       0x70 app/libapp.a(main.c.obj)
 .bss.z_usb_work_q
                0x0000000020000420       0x90 zephyr/libzephyr.a(usb_work_q.c.obj)
                0x0000000020000420                z_usb_work_q
 .bss.thread    0x00000000200004b0       0x70 zephyr/drivers/usb/device/libdrivers__usb__device.a(usb_dc_rpi_pico.c.obj)
 .bss.announced_cycles
                0x0000000020000520        0x8 zephyr/drivers/timer/libdrivers__timer.a(cortex_m_systick.c.obj)
 .bss.cycle_count
                0x0000000020000528        0x8 zephyr/drivers/timer/libdrivers__timer.a(cortex_m_systick.c.obj)
 .bss.z_idle_threads
                0x0000000020000530       0x70 zephyr/kernel/libkernel.a(init.c.obj)
                0x0000000020000530                z_idle_threads
 .bss.z_main_thread
                0x00000000200005a0       0x70 zephyr/kernel/libkernel.a(init.c.obj)
                0x00000000200005a0                z_main_thread